Jennifer Murnane-O'Connor	name=Jennifer Murnane-O'Connor	party=Fianna Fáil	constituency=Carlow–Kilkenny	twitter_handle=JenMurnaneOConn	twitter_id=857988043109748736	gender=female	country=Ireland
John J. McGuinness	name=John J. McGuinness	party=Fianna Fáil	constituency=Carlow–Kilkenny	twitter_handle=JMcGuinnessTD	twitter_id=248901045	gender=male	country=Ireland
John Paul Phelan	name=John Paul Phelan	party=Fine Gael	constituency=Carlow–Kilkenny	twitter_handle=JPPhelan	twitter_id=19964133	gender=male	country=Ireland
Kathleen Funchion	name=Kathleen Funchion	party=Sinn Féin	constituency=Carlow–Kilkenny	twitter_handle=Kathleensf1	twitter_id=3004038711	gender=female	country=Ireland
Malcolm Noonan	name=Malcolm Noonan	party=Green Party	constituency=Carlow–Kilkenny	twitter_handle=noonan_malcolm	twitter_id=878273203617099776	gender=male	country=Ireland
Brendan Smith	name=Brendan Smith	party=Fianna Fáil	constituency=Cavan–Monaghan	twitter_handle=BrendanSmithTD	twitter_id=430714461	gender=male	country=Ireland
Heather Humphreys	name=Heather Humphreys	party=Fine Gael	constituency=Cavan–Monaghan	twitter_handle=HHumphreysFG	twitter_id=2791733978	gender=female	country=Ireland
Matt Carthy	name=Matt Carthy	party=Sinn Féin	constituency=Cavan–Monaghan	twitter_handle=mattcarthy	twitter_id=26586771	gender=male	country=Ireland
Niamh Smyth	name=Niamh Smyth	party=Fianna Fáil	constituency=Cavan–Monaghan	twitter_handle=NiamhSmythTD	twitter_id=740126187192786944	gender=female	country=Ireland
Pauline Tully	name=Pauline Tully	party=Sinn Féin	constituency=Cavan–Monaghan	twitter_handle=PaulineTullyTD	twitter_id=1153424418015780865	gender=female	country=Ireland
Cathal Crowe	name=Cathal Crowe	party=Fianna Fáil	constituency=Clare	twitter_handle=CathalCroweTD	twitter_id=28364382	gender=male	country=Ireland
Joe Carey	name=Joe Carey	party=Fine Gael	constituency=Clare	twitter_handle=joecareytd	twitter_id=135877820	gender=male	country=Ireland
Michael McNamara	name=Michael McNamara	party=independent politician	constituency=Clare	twitter_handle=MlMcNamaraTD	twitter_id=246966794	gender=male	country=Ireland
Violet-Anne Wynne	name=Violet-Anne Wynne	party=Sinn Féin	constituency=Clare	twitter_handle=WynneTd	twitter_id=1256598627239198722	gender=female	country=Ireland
David Stanton	name=David Stanton	party=Fine Gael	constituency=Cork East	twitter_handle=davidstantontd	twitter_id=104578228	gender=male	country=Ireland
James O'Connor	name=James O'Connor	party=Fianna Fáil	constituency=Cork East	twitter_handle=JamesOConnorTD	twitter_id=512612664	gender=male	country=Ireland
Pat Buckley	name=Pat Buckley	party=Sinn Féin	constituency=Cork East	twitter_handle=patbuckleysfme	twitter_id=725582418615373824	gender=male	country=Ireland
Seán Sherlock	name=Seán Sherlock	party=Labour Party	constituency=Cork East	twitter_handle=seansherlocktd	twitter_id=74979783	gender=male	country=Ireland
Colm Burke	name=Colm Burke	party=Fine Gael	constituency=Cork North–Central	twitter_handle=ColmBurkeTD	twitter_id=322549346	gender=male	country=Ireland
Mick Barry	name=Mick Barry	party=Solidarity–People Before Profit	constituency=Cork North–Central	twitter_handle=MickBarryTD	twitter_id=2575040162	gender=male	country=Ireland
Padraig O'Sullivan	name=Padraig O'Sullivan	party=Fianna Fáil	constituency=Cork North–Central	twitter_handle=padraigosull	twitter_id=224316754	gender=male	country=Ireland
Thomas Gould	name=Thomas Gould	party=Sinn Féin	constituency=Cork North–Central	twitter_handle=ThomasGouldSF	twitter_id=2535265746	gender=male	country=Ireland
Aindrias Moynihan	name=Aindrias Moynihan	party=Fianna Fáil	constituency=Cork North–West	twitter_handle=AindriasMoynih1	twitter_id=4047353597	gender=male	country=Ireland
Michael Creed	name=Michael Creed	party=Fine Gael	constituency=Cork North–West	twitter_handle=creedcnw	twitter_id=386584224	gender=male	country=Ireland
Michael Moynihan	name=Michael Moynihan	party=Fianna Fáil	constituency=Cork North–West	twitter_handle=mmoynihantd	twitter_id=3964447823	gender=male	country=Ireland
Donnchadh Ó Laoghaire	name=Donnchadh Ó Laoghaire	party=Sinn Féin	constituency=Cork South–Central	twitter_handle=Donnchadhol	twitter_id=20936855	gender=male	country=Ireland
Michael McGrath	name=Michael McGrath	party=Fianna Fáil	constituency=Cork South–Central	twitter_handle=mmcgrathtd	twitter_id=2805902511	gender=male	country=Ireland
Micheál Martin	name=Micheál Martin	party=Fianna Fáil	constituency=Cork South–Central	twitter_handle=MichealMartinTD	twitter_id=114007914	gender=male	country=Ireland
Simon Coveney	name=Simon Coveney	party=Fine Gael	constituency=Cork South–Central	twitter_handle=simoncoveney	twitter_id=118999126	gender=male	country=Ireland
Christopher O'Sullivan	name=Christopher O'Sullivan	party=Fianna Fáil	constituency=Cork South–West	twitter_handle=COSullivanTD	twitter_id=273626909	gender=male	country=Ireland
Holly Cairns	name=Holly Cairns	party=Social Democrats	constituency=Cork South–West	twitter_handle=HollyCairnsTD	twitter_id=558077735	gender=female	country=Ireland
Michael Collins	name=Michael Collins	party=independent politician	constituency=Cork South–West	twitter_handle=michaelc_ind_td	twitter_id=737618008827301896	gender=male	country=Ireland
Charlie McConalogue	name=Charlie McConalogue	party=Fianna Fáil	constituency=Donegal	twitter_handle=McConalogue	twitter_id=197897890	gender=male	country=Ireland
Joe McHugh	name=Joe McHugh	party=Fine Gael	constituency=Donegal	twitter_handle=McHughJoeTD	twitter_id=236912210	gender=male	country=Ireland
Pearse Doherty	name=Pearse Doherty	party=Sinn Féin	constituency=Donegal	twitter_handle=PearseDoherty	twitter_id=68690605	gender=male	country=Ireland
Pádraig Mac Lochlainn	name=Pádraig Mac Lochlainn	party=Sinn Féin	constituency=Donegal	twitter_handle=PadraigMacL	twitter_id=496338650	gender=male	country=Ireland
Thomas Pringle	name=Thomas Pringle	party=independent politician	constituency=Donegal	twitter_handle=ThomasPringleTD	twitter_id=253184868	gender=male	country=Ireland
Aodhán Ó Ríordáin	name=Aodhán Ó Ríordáin	party=Labour Party	constituency=Dublin Bay North	twitter_handle=AodhanORiordain	twitter_id=120117254	gender=male	country=Ireland
Cian O'Callaghan	name=Cian O'Callaghan	party=Social Democrats	constituency=Dublin Bay North	twitter_handle=OCallaghanCian	twitter_id=127903938	gender=male	country=Ireland
Denise Mitchell	name=Denise Mitchell	party=Sinn Féin	constituency=Dublin Bay North	twitter_handle=DMitchellTD	twitter_id=3309194513	gender=female	country=Ireland
Richard Bruton	name=Richard Bruton	party=Fine Gael	constituency=Dublin Bay North	twitter_handle=RichardbrutonTD	twitter_id=237376611	gender=male	country=Ireland
Seán Haughey	name=Seán Haughey	party=Fianna Fáil	constituency=Dublin Bay North	twitter_handle=sean_haughey	twitter_id=507910843	gender=male	country=Ireland
Chris Andrews	name=Chris Andrews	party=Sinn Féin	constituency=Dublin Bay South	twitter_handle=chrisandrews64	twitter_id=126603446	gender=male	country=Ireland
Eamon Ryan	name=Eamon Ryan	party=Green Party	constituency=Dublin Bay South	twitter_handle=EamonRyan	twitter_id=22005625	gender=male	country=Ireland
Ivana Bacik	name=Ivana Bacik	party=Labour Party	constituency=Dublin Bay South	twitter_handle=ivanabacik	twitter_id=39325505	gender=female	country=Ireland
Jim O'Callaghan	name=Jim O'Callaghan	party=Fianna Fáil	constituency=Dublin Bay South	twitter_handle=OCallaghanJim	twitter_id=2845365802	gender=male	country=Ireland
Gary Gannon	name=Gary Gannon	party=Social Democrats	constituency=Dublin Central	twitter_handle=GaryGannonTD	twitter_id=478789007	gender=male	country=Ireland
Mary Lou McDonald	name=Mary Lou McDonald	party=Sinn Féin	constituency=Dublin Central	twitter_handle=MaryLouMcDonald	twitter_id=148872468	gender=female	country=Ireland
Neasa Hourigan	name=Neasa Hourigan	party=Green Party	constituency=Dublin Central	twitter_handle=neasa_neasa	twitter_id=2347393720	gender=female	country=Ireland
Paschal Donohoe	name=Paschal Donohoe	party=Fine Gael	constituency=Dublin Central	twitter_handle=Paschald	twitter_id=19735329	gender=male	country=Ireland
Alan Farrell	name=Alan Farrell	party=Fine Gael	constituency=Dublin Fingal	twitter_handle=AlanFarrell	twitter_id=39472243	gender=male	country=Ireland
Darragh O'Brien	name=Darragh O'Brien	party=Fianna Fáil	constituency=Dublin Fingal	twitter_handle=DarraghOBrienTD	twitter_id=195697781	gender=male	country=Ireland
Duncan Smith	name=Duncan Smith	party=Labour Party	constituency=Dublin Fingal	twitter_handle=DuncanSmithTD	twitter_id=176373211	gender=male	country=Ireland
Joe O'Brien	name=Joe O'Brien	party=Green Party	constituency=Dublin Fingal	twitter_handle=joefingalgreen	twitter_id=706733654	gender=male	country=Ireland
Louise O'Reilly	name=Louise O'Reilly	party=Sinn Féin	constituency=Dublin Fingal	twitter_handle=loreillysf	twitter_id=3123373653	gender=female	country=Ireland
Emer Higgins	name=Emer Higgins	party=Fine Gael	constituency=Dublin Mid–West	twitter_handle=EmerHigginsTD	twitter_id=830145551421280256	gender=female	country=Ireland
Eoin Ó Broin	name=Eoin Ó Broin	party=Sinn Féin	constituency=Dublin Mid–West	twitter_handle=EOBroin	twitter_id=166173280	gender=male	country=Ireland
Gino Kenny	name=Gino Kenny	party=Solidarity–People Before Profit	constituency=Dublin Mid–West	twitter_handle=Ginosocialist	twitter_id=23322325	gender=male	country=Ireland
Mark Ward	name=Mark Ward	party=Sinn Féin	constituency=Dublin Mid–West	twitter_handle=Wardy1916	twitter_id=247506610	gender=male	country=Ireland
Dessie Ellis	name=Dessie Ellis	party=Sinn Féin	constituency=Dublin North–West	twitter_handle=cllrdessieellis	twitter_id=157410826	gender=male	country=Ireland
Paul McAuliffe	name=Paul McAuliffe	party=Fianna Fáil	constituency=Dublin North–West	twitter_handle=PaulMcauliffe	twitter_id=29110219	gender=male	country=Ireland
Róisín Shortall	name=Róisín Shortall	party=Social Democrats	constituency=Dublin North–West	twitter_handle=RoisinShortall	twitter_id=78026748	gender=female	country=Ireland
Catherine Martin	name=Catherine Martin	party=Green Party	constituency=Dublin Rathdown	twitter_handle=cathmartingreen	twitter_id=1179033048	gender=female	country=Ireland
Josepha Madigan	name=Josepha Madigan	party=Fine Gael	constituency=Dublin Rathdown	twitter_handle=josephamadigan	twitter_id=2154117425	gender=female	country=Ireland
Neale Richmond	name=Neale Richmond	party=Fine Gael	constituency=Dublin Rathdown	twitter_handle=nealerichmond	twitter_id=239555645	gender=male	country=Ireland
Aengus Ó Snodaigh	name=Aengus Ó Snodaigh	party=Sinn Féin	constituency=Dublin South–Central	twitter_handle=aosnodaigh	twitter_id=82645739	gender=male	country=Ireland
Bríd Smith	name=Bríd Smith	party=Solidarity–People Before Profit	constituency=Dublin South–Central	twitter_handle=bridsmithTD	twitter_id=124269402	gender=female	country=Ireland
Joan Collins	name=Joan Collins	party=Right To Change	constituency=Dublin South–Central	twitter_handle=JoanCollinsTD	twitter_id=361335767	gender=female	country=Ireland
Patrick Costello	name=Patrick Costello	party=Green Party	constituency=Dublin South–Central	twitter_handle=Costellop	twitter_id=207969912	gender=male	country=Ireland
Colm Brophy	name=Colm Brophy	party=Fine Gael	constituency=Dublin South–West	twitter_handle=brophytalks	twitter_id=186394987	gender=male	country=Ireland
Francis Noel Duffy	name=Francis Noel Duffy	party=Green Party	constituency=Dublin South–West	twitter_handle=FNDuffy	twitter_id=247541948	gender=male	country=Ireland
John Lahart	name=John Lahart	party=Fianna Fáil	constituency=Dublin South–West	twitter_handle=JohnLahart	twitter_id=85170762	gender=male	country=Ireland
Paul Murphy	name=Paul Murphy	party=Solidarity–People Before Profit	constituency=Dublin South–West	twitter_handle=paulmurphy_TD	twitter_id=270850017	gender=male	country=Ireland
Seán Crowe	name=Seán Crowe	party=Sinn Féin	constituency=Dublin South–West	twitter_handle=SeanCroweTD	twitter_id=1097860584	gender=male	country=Ireland
Jack Chambers	name=Jack Chambers	party=Fianna Fáil	constituency=Dublin West	twitter_handle=jackfchambers	twitter_id=192260630	gender=male	country=Ireland
Leo Varadkar	name=Leo Varadkar	party=Fine Gael	constituency=Dublin West	twitter_handle=LeoVaradkar	twitter_id=229466877	gender=male	orientation=lgbt	country=Ireland
Paul Donnelly	name=Paul Donnelly	party=Sinn Féin	constituency=Dublin West	twitter_handle=PaulDonnellySF	twitter_id=219297099	gender=male	country=Ireland
Roderic O'Gorman	name=Roderic O'Gorman	party=Green Party	constituency=Dublin West	twitter_handle=rodericogorman	twitter_id=18287940	gender=male	orientation=lgbt	country=Ireland
Cormac Devlin	name=Cormac Devlin	party=Fianna Fáil	constituency=Dún Laoghaire	twitter_handle=CormacDevlin	twitter_id=54605067	gender=male	country=Ireland
Jennifer Carroll MacNeill	name=Jennifer Carroll MacNeill	party=Fine Gael	constituency=Dún Laoghaire	twitter_handle=CarrollJennifer	twitter_id=237707902	gender=female	country=Ireland
Ossian Smyth	name=Ossian Smyth	party=Green Party	constituency=Dún Laoghaire	twitter_handle=smytho	twitter_id=116560657	gender=male	country=Ireland
Richard Boyd Barrett	name=Richard Boyd Barrett	party=Solidarity–People Before Profit	constituency=Dún Laoghaire	twitter_handle=RBoydBarrett	twitter_id=236377912	gender=male	country=Ireland
Anne Rabbitte	name=Anne Rabbitte	party=Fianna Fáil	constituency=Galway East	twitter_handle=AnneRabbitte	twitter_id=2227385384	gender=female	country=Ireland
Ciarán Cannon	name=Ciarán Cannon	party=Fine Gael	constituency=Galway East	twitter_handle=ciarancannon	twitter_id=20586381	gender=male	country=Ireland
Seán Canney	name=Seán Canney	party=independent politician	constituency=Galway East	twitter_handle=SeanCanney	twitter_id=2333746914	gender=male	country=Ireland
Catherine Connolly	name=Catherine Connolly	party=independent politician	constituency=Galway West	twitter_handle=catherinegalway	twitter_id=196551540	gender=female	country=Ireland
Hildegarde Naughton	name=Hildegarde Naughton	party=Fine Gael	constituency=Galway West	twitter_handle=1Hildegarde	twitter_id=181303066	gender=female	country=Ireland
Mairéad Farrell	name=Mairéad Farrell	party=Sinn Féin	constituency=Galway West	twitter_handle=farrell_mairead	twitter_id=261805836	gender=female	country=Ireland
Noel Grealish	name=Noel Grealish	party=independent politician	constituency=Galway West	gender=male	country=Ireland
Éamon Ó Cuív	name=Éamon Ó Cuív	party=Fianna Fáil	constituency=Galway West	twitter_handle=eamonocuiv	twitter_id=81844092	gender=male	country=Ireland
Brendan Griffin	name=Brendan Griffin	party=Fine Gael	constituency=Kerry	twitter_handle=BGriffinTD	twitter_id=192341330	gender=male	country=Ireland
Danny Healy-Rae	name=Danny Healy-Rae	party=independent politician	constituency=Kerry	gender=male	country=Ireland
Michael Healy-Rae	name=Michael Healy-Rae	party=independent politician	constituency=Kerry	twitter_handle=MHealyRae	twitter_id=346630615	gender=male	country=Ireland
Norma Foley	name=Norma Foley	party=Fianna Fáil	constituency=Kerry	twitter_handle=NormaFoleyTD1	twitter_id=1263806988481421314	gender=female	country=Ireland
Pa Daly	name=Pa Daly	party=Sinn Féin	constituency=Kerry	gender=male	country=Ireland
Bernard Durkan	name=Bernard Durkan	party=Fine Gael	constituency=Kildare North	twitter_handle=BernardDurkanTD	twitter_id=228774722	gender=male	country=Ireland
Catherine Murphy	name=Catherine Murphy	party=Social Democrats	constituency=Kildare North	twitter_handle=CathMurphyTD	twitter_id=190987689	gender=female	country=Ireland
James Lawless	name=James Lawless	party=Fianna Fáil	constituency=Kildare North	twitter_handle=lawlessj	twitter_id=18492194	gender=male	country=Ireland
Réada Cronin	name=Réada Cronin	party=Sinn Féin	constituency=Kildare North	twitter_handle=ReadaCronin	twitter_id=361559966	gender=female	country=Ireland
Cathal Berry	name=Cathal Berry	party=independent politician	constituency=Kildare South	twitter_handle=berrycathal	twitter_id=1117396183222235136	gender=male	country=Ireland
Martin Heydon	name=Martin Heydon	party=Fine Gael	constituency=Kildare South	twitter_handle=martinheydonfg	twitter_id=137363410	gender=male	country=Ireland
Patricia Ryan	name=Patricia Ryan	party=Sinn Féin	constituency=Kildare South	gender=female	country=Ireland
Seán Ó Fearghaíl	name=Seán Ó Fearghaíl	party=Fianna Fáil	constituency=Kildare South	twitter_handle=SOFearghail_TD	twitter_id=2433459918	gender=male	country=Ireland
Barry Cowen	name=Barry Cowen	party=Fianna Fáil	constituency=Laois–Offaly	twitter_handle=CowenBarry	twitter_id=432054563	gender=male	country=Ireland
Brian Stanley	name=Brian Stanley	party=Sinn Féin	constituency=Laois–Offaly	twitter_handle=BrianStanleySF	twitter_id=1366795272211300360	gender=male	country=Ireland
Carol Nolan	name=Carol Nolan	party=independent politician	constituency=Laois–Offaly	twitter_handle=CNolanOffaly	twitter_id=3360716968	gender=female	country=Ireland
Charles Flanagan	name=Charles Flanagan	party=Fine Gael	constituency=Laois–Offaly	twitter_handle=CharlieFlanagan	twitter_id=87471013	gender=male	country=Ireland
Seán Fleming	name=Seán Fleming	party=Fianna Fáil	constituency=Laois–Offaly	twitter_handle=SeanFlemingTD	twitter_id=960867485623963649	gender=male	country=Ireland
Brian Leddin	name=Brian Leddin	party=Green Party	constituency=Limerick City	twitter_handle=BrianLeddin	twitter_id=126008267	gender=male	country=Ireland
Kieran O'Donnell	name=Kieran O'Donnell	party=Fine Gael	constituency=Limerick City	twitter_handle=kodonnellLK	twitter_id=740599546343006209	gender=male	country=Ireland
Maurice Quinlivan	name=Maurice Quinlivan	party=Sinn Féin	constituency=Limerick City	twitter_handle=QuinlivanTD	twitter_id=212555476	gender=male	country=Ireland
Willie O'Dea	name=Willie O'Dea	party=Fianna Fáil	constituency=Limerick City	twitter_handle=willieodeaLIVE	twitter_id=211231464	gender=male	country=Ireland
Niall Collins	name=Niall Collins	party=Fianna Fáil	constituency=Limerick County	twitter_handle=NiallCollinsTD	twitter_id=172749267	gender=male	country=Ireland
Patrick O'Donovan	name=Patrick O'Donovan	party=Fine Gael	constituency=Limerick County	twitter_handle=podonovan	twitter_id=70205816	gender=male	country=Ireland
Richard O'Donoghue	name=Richard O'Donoghue	party=independent politician	constituency=Limerick County	twitter_handle=richardodonoghu	twitter_id=2243998753	gender=male	country=Ireland
Joe Flaherty	name=Joe Flaherty	party=Fianna Fáil	constituency=Longford–Westmeath	twitter_handle=joefla	twitter_id=241286535	gender=male	country=Ireland
Peter Burke	name=Peter Burke	party=Fine Gael	constituency=Longford–Westmeath	twitter_handle=peterburkefg	twitter_id=242365407	gender=male	country=Ireland
Robert Troy	name=Robert Troy	party=Fianna Fáil	constituency=Longford–Westmeath	twitter_handle=RobertTroyTD	twitter_id=330904433	gender=male	country=Ireland
Sorca Clarke	name=Sorca Clarke	party=Sinn Féin	constituency=Longford–Westmeath	twitter_handle=SorcaClarke_TD	twitter_id=1216345275834433537	gender=female	country=Ireland
Fergus O'Dowd	name=Fergus O'Dowd	party=Fine Gael	constituency=Louth	twitter_handle=Fergusodowd	twitter_id=22983594	gender=male	country=Ireland
Gerald Nash	name=Gerald Nash	party=Labour Party	constituency=Louth	twitter_handle=geraldnash	twitter_id=23781227	gender=male	country=Ireland
Imelda Munster	name=Imelda Munster	party=Sinn Féin	constituency=Louth	twitter_handle=ImeldaMunster	twitter_id=1676201586	gender=female	country=Ireland
Peter Fitzpatrick	name=Peter Fitzpatrick	party=independent politician	constituency=Louth	twitter_handle=PFitzpatrickTD	twitter_id=244156314	gender=male	country=Ireland
Ruairí Ó Murchú	name=Ruairí Ó Murchú	party=Sinn Féin	constituency=Louth	twitter_handle=ROMurchu	twitter_id=313595663	gender=male	country=Ireland
Alan Dillon	name=Alan Dillon	party=Fine Gael	constituency=Mayo	twitter_handle=Alan_Dillon	twitter_id=177266455	gender=male	country=Ireland
Dara Calleary	name=Dara Calleary	party=Fianna Fáil	constituency=Mayo	twitter_handle=daracalleary	twitter_id=67268150	gender=male	country=Ireland
Michael Ring	name=Michael Ring	party=Fine Gael	constituency=Mayo	gender=male	country=Ireland
Rose Conway-Walsh	name=Rose Conway-Walsh	party=Sinn Féin	constituency=Mayo	twitter_handle=conwaywalsh	twitter_id=156974826	gender=female	country=Ireland
Darren O'Rourke	name=Darren O'Rourke	party=Sinn Féin	constituency=Meath East	twitter_handle=orourke_darren	twitter_id=298561399	gender=male	country=Ireland
Helen McEntee	name=Helen McEntee	party=Fine Gael	constituency=Meath East	twitter_handle=HMcEntee	twitter_id=38000023	gender=female	country=Ireland
Thomas Byrne	name=Thomas Byrne	party=Fianna Fáil	constituency=Meath East	twitter_handle=ThomasByrneTD	twitter_id=32922034	gender=male	country=Ireland
Damien English	name=Damien English	party=Fine Gael	constituency=Meath West	twitter_handle=Damien_English	twitter_id=63680662	gender=male	country=Ireland
Johnny Guirke	name=Johnny Guirke	party=Sinn Féin	constituency=Meath West	twitter_handle=JohnnyGuirke	twitter_id=1181512691338354688	gender=male	country=Ireland
Peadar Tóibín	name=Peadar Tóibín	party=Aontú	constituency=Meath West	twitter_handle=Toibin1	twitter_id=48667895	gender=male	country=Ireland
Claire Kerrane	name=Claire Kerrane	party=Sinn Féin	constituency=Roscommon–Galway	twitter_handle=ClaireKerrane	twitter_id=573535657	gender=female	country=Ireland
Denis Naughten	name=Denis Naughten	party=independent politician	constituency=Roscommon–Galway	twitter_handle=DenisNaughten	twitter_id=21811630	gender=male	country=Ireland
Michael Fitzmaurice	name=Michael Fitzmaurice	party=independent politician	constituency=Roscommon–Galway	twitter_handle=MichaelFitzmau1	twitter_id=2914205799	gender=male	country=Ireland
Frank Feighan	name=Frank Feighan	party=Fine Gael	constituency=Sligo–Leitrim	twitter_handle=FrankFeighan	twitter_id=127331013	gender=male	country=Ireland
Marc MacSharry	name=Marc MacSharry	party=independent politician	constituency=Sligo–Leitrim	twitter_handle=MarcMacsharryTD	twitter_id=243632271	gender=male	country=Ireland
Marian Harkin	name=Marian Harkin	party=independent politician	constituency=Sligo–Leitrim	twitter_handle=MarianHarkin	twitter_id=26228880	gender=female	country=Ireland
Martin Kenny	name=Martin Kenny	party=Sinn Féin	constituency=Sligo–Leitrim	twitter_handle=Martin_Kenny	twitter_id=121090165	gender=male	country=Ireland
Alan Kelly	name=Alan Kelly	party=Labour Party	constituency=Tipperary	twitter_handle=alankellylabour	twitter_id=116422140	gender=male	country=Ireland
Jackie Cahill	name=Jackie Cahill	party=Fianna Fáil	constituency=Tipperary	twitter_handle=jackiecahillff	twitter_id=3091852973	gender=male	country=Ireland
Martin Browne	name=Martin Browne	party=Sinn Féin	constituency=Tipperary	twitter_handle=Browne4Dail	twitter_id=1207060500934221824	gender=male	country=Ireland
Mattie McGrath	name=Mattie McGrath	party=independent politician	constituency=Tipperary	twitter_handle=mattiemcgrathtd	twitter_id=121375039	gender=male	country=Ireland
Michael Lowry	name=Michael Lowry	party=independent politician	constituency=Tipperary	gender=male	country=Ireland
David Cullinane	name=David Cullinane	party=Sinn Féin	constituency=Waterford	twitter_handle=davidcullinane	twitter_id=66682393	gender=male	country=Ireland
Marc Ó Cathasaigh	name=Marc Ó Cathasaigh	party=Green Party	constituency=Waterford	twitter_handle=MarcKC_Green	twitter_id=146096523	gender=male	country=Ireland
Mary Butler	name=Mary Butler	party=Fianna Fáil	constituency=Waterford	twitter_handle=MaryButlerTD	twitter_id=244689557	gender=female	country=Ireland
Matt Shanahan	name=Matt Shanahan	party=independent politician	constituency=Waterford	twitter_handle=MattShanahanTD	twitter_id=1121809513789759488	gender=male	country=Ireland
Brendan Howlin	name=Brendan Howlin	party=Labour Party	constituency=Wexford	twitter_handle=BrendanHowlin	twitter_id=4205955087	gender=male	country=Ireland
James Browne	name=James Browne	party=Fianna Fáil	constituency=Wexford	twitter_handle=JamesBrowneTD	twitter_id=319686489	gender=male	country=Ireland
Johnny Mythen	name=Johnny Mythen	party=Sinn Féin	constituency=Wexford	twitter_handle=JohnnyMythenSF	twitter_id=368959476	gender=male	country=Ireland
Paul Kehoe	name=Paul Kehoe	party=Fine Gael	constituency=Wexford	twitter_handle=campaign4kehoe	twitter_id=327886319	gender=male	country=Ireland
Verona Murphy	name=Verona Murphy	party=independent politician	constituency=Wexford	twitter_handle=VeronaMurphyInd	twitter_id=1128042788157837318	gender=female	country=Ireland
Jennifer Whitmore	name=Jennifer Whitmore	party=Social Democrats	constituency=Wicklow	twitter_handle=WhitmoreJen	twitter_id=1423427988	gender=female	country=Ireland
John Brady	name=John Brady	party=Sinn Féin	constituency=Wicklow	twitter_handle=johnbradysf	twitter_id=229431792	gender=male	country=Ireland
Simon Harris	name=Simon Harris	party=Fine Gael	constituency=Wicklow	twitter_handle=SimonHarrisTD	twitter_id=21117425	gender=male	country=Ireland
Stephen Donnelly	name=Stephen Donnelly	party=Fianna Fáil	constituency=Wicklow	twitter_handle=DonnellyStephen	twitter_id=237826875	gender=male	country=Ireland
Steven Matthews	name=Steven Matthews	party=Green Party	constituency=Wicklow	twitter_handle=stevensgreen1	twitter_id=132667972	gender=male	country=Ireland
