857988043109748736	name=Jennifer Murnane-O'Connor	party=Fianna Fáil	constituency=Carlow–Kilkenny	twitter_handle=JenMurnaneOConn	twitter_id=857988043109748736	gender=female	country=Ireland
248901045	name=John J. McGuinness	party=Fianna Fáil	constituency=Carlow–Kilkenny	twitter_handle=JMcGuinnessTD	twitter_id=248901045	gender=male	country=Ireland
19964133	name=John Paul Phelan	party=Fine Gael	constituency=Carlow–Kilkenny	twitter_handle=JPPhelan	twitter_id=19964133	gender=male	country=Ireland
3004038711	name=Kathleen Funchion	party=Sinn Féin	constituency=Carlow–Kilkenny	twitter_handle=Kathleensf1	twitter_id=3004038711	gender=female	country=Ireland
878273203617099776	name=Malcolm Noonan	party=Green Party	constituency=Carlow–Kilkenny	twitter_handle=noonan_malcolm	twitter_id=878273203617099776	gender=male	country=Ireland
430714461	name=Brendan Smith	party=Fianna Fáil	constituency=Cavan–Monaghan	twitter_handle=BrendanSmithTD	twitter_id=430714461	gender=male	country=Ireland
2791733978	name=Heather Humphreys	party=Fine Gael	constituency=Cavan–Monaghan	twitter_handle=HHumphreysFG	twitter_id=2791733978	gender=female	country=Ireland
26586771	name=Matt Carthy	party=Sinn Féin	constituency=Cavan–Monaghan	twitter_handle=mattcarthy	twitter_id=26586771	gender=male	country=Ireland
740126187192786944	name=Niamh Smyth	party=Fianna Fáil	constituency=Cavan–Monaghan	twitter_handle=NiamhSmythTD	twitter_id=740126187192786944	gender=female	country=Ireland
1153424418015780865	name=Pauline Tully	party=Sinn Féin	constituency=Cavan–Monaghan	twitter_handle=PaulineTullyTD	twitter_id=1153424418015780865	gender=female	country=Ireland
28364382	name=Cathal Crowe	party=Fianna Fáil	constituency=Clare	twitter_handle=CathalCroweTD	twitter_id=28364382	gender=male	country=Ireland
135877820	name=Joe Carey	party=Fine Gael	constituency=Clare	twitter_handle=joecareytd	twitter_id=135877820	gender=male	country=Ireland
246966794	name=Michael McNamara	party=independent politician	constituency=Clare	twitter_handle=MlMcNamaraTD	twitter_id=246966794	gender=male	country=Ireland
1256598627239198722	name=Violet-Anne Wynne	party=Sinn Féin	constituency=Clare	twitter_handle=WynneTd	twitter_id=1256598627239198722	gender=female	country=Ireland
104578228	name=David Stanton	party=Fine Gael	constituency=Cork East	twitter_handle=davidstantontd	twitter_id=104578228	gender=male	country=Ireland
512612664	name=James O'Connor	party=Fianna Fáil	constituency=Cork East	twitter_handle=JamesOConnorTD	twitter_id=512612664	gender=male	country=Ireland
725582418615373824	name=Pat Buckley	party=Sinn Féin	constituency=Cork East	twitter_handle=patbuckleysfme	twitter_id=725582418615373824	gender=male	country=Ireland
74979783	name=Seán Sherlock	party=Labour Party	constituency=Cork East	twitter_handle=seansherlocktd	twitter_id=74979783	gender=male	country=Ireland
322549346	name=Colm Burke	party=Fine Gael	constituency=Cork North–Central	twitter_handle=ColmBurkeTD	twitter_id=322549346	gender=male	country=Ireland
2575040162	name=Mick Barry	party=Solidarity–People Before Profit	constituency=Cork North–Central	twitter_handle=MickBarryTD	twitter_id=2575040162	gender=male	country=Ireland
224316754	name=Padraig O'Sullivan	party=Fianna Fáil	constituency=Cork North–Central	twitter_handle=padraigosull	twitter_id=224316754	gender=male	country=Ireland
2535265746	name=Thomas Gould	party=Sinn Féin	constituency=Cork North–Central	twitter_handle=ThomasGouldSF	twitter_id=2535265746	gender=male	country=Ireland
4047353597	name=Aindrias Moynihan	party=Fianna Fáil	constituency=Cork North–West	twitter_handle=AindriasMoynih1	twitter_id=4047353597	gender=male	country=Ireland
386584224	name=Michael Creed	party=Fine Gael	constituency=Cork North–West	twitter_handle=creedcnw	twitter_id=386584224	gender=male	country=Ireland
3964447823	name=Michael Moynihan	party=Fianna Fáil	constituency=Cork North–West	twitter_handle=mmoynihantd	twitter_id=3964447823	gender=male	country=Ireland
20936855	name=Donnchadh Ó Laoghaire	party=Sinn Féin	constituency=Cork South–Central	twitter_handle=Donnchadhol	twitter_id=20936855	gender=male	country=Ireland
2805902511	name=Michael McGrath	party=Fianna Fáil	constituency=Cork South–Central	twitter_handle=mmcgrathtd	twitter_id=2805902511	gender=male	country=Ireland
114007914	name=Micheál Martin	party=Fianna Fáil	constituency=Cork South–Central	twitter_handle=MichealMartinTD	twitter_id=114007914	gender=male	country=Ireland
118999126	name=Simon Coveney	party=Fine Gael	constituency=Cork South–Central	twitter_handle=simoncoveney	twitter_id=118999126	gender=male	country=Ireland
273626909	name=Christopher O'Sullivan	party=Fianna Fáil	constituency=Cork South–West	twitter_handle=COSullivanTD	twitter_id=273626909	gender=male	country=Ireland
558077735	name=Holly Cairns	party=Social Democrats	constituency=Cork South–West	twitter_handle=HollyCairnsTD	twitter_id=558077735	gender=female	country=Ireland
737618008827301896	name=Michael Collins	party=independent politician	constituency=Cork South–West	twitter_handle=michaelc_ind_td	twitter_id=737618008827301896	gender=male	country=Ireland
197897890	name=Charlie McConalogue	party=Fianna Fáil	constituency=Donegal	twitter_handle=McConalogue	twitter_id=197897890	gender=male	country=Ireland
236912210	name=Joe McHugh	party=Fine Gael	constituency=Donegal	twitter_handle=McHughJoeTD	twitter_id=236912210	gender=male	country=Ireland
68690605	name=Pearse Doherty	party=Sinn Féin	constituency=Donegal	twitter_handle=PearseDoherty	twitter_id=68690605	gender=male	country=Ireland
496338650	name=Pádraig Mac Lochlainn	party=Sinn Féin	constituency=Donegal	twitter_handle=PadraigMacL	twitter_id=496338650	gender=male	country=Ireland
253184868	name=Thomas Pringle	party=independent politician	constituency=Donegal	twitter_handle=ThomasPringleTD	twitter_id=253184868	gender=male	country=Ireland
120117254	name=Aodhán Ó Ríordáin	party=Labour Party	constituency=Dublin Bay North	twitter_handle=AodhanORiordain	twitter_id=120117254	gender=male	country=Ireland
127903938	name=Cian O'Callaghan	party=Social Democrats	constituency=Dublin Bay North	twitter_handle=OCallaghanCian	twitter_id=127903938	gender=male	country=Ireland
3309194513	name=Denise Mitchell	party=Sinn Féin	constituency=Dublin Bay North	twitter_handle=DMitchellTD	twitter_id=3309194513	gender=female	country=Ireland
237376611	name=Richard Bruton	party=Fine Gael	constituency=Dublin Bay North	twitter_handle=RichardbrutonTD	twitter_id=237376611	gender=male	country=Ireland
507910843	name=Seán Haughey	party=Fianna Fáil	constituency=Dublin Bay North	twitter_handle=sean_haughey	twitter_id=507910843	gender=male	country=Ireland
126603446	name=Chris Andrews	party=Sinn Féin	constituency=Dublin Bay South	twitter_handle=chrisandrews64	twitter_id=126603446	gender=male	country=Ireland
22005625	name=Eamon Ryan	party=Green Party	constituency=Dublin Bay South	twitter_handle=EamonRyan	twitter_id=22005625	gender=male	country=Ireland
39325505	name=Ivana Bacik	party=Labour Party	constituency=Dublin Bay South	twitter_handle=ivanabacik	twitter_id=39325505	gender=female	country=Ireland
2845365802	name=Jim O'Callaghan	party=Fianna Fáil	constituency=Dublin Bay South	twitter_handle=OCallaghanJim	twitter_id=2845365802	gender=male	country=Ireland
478789007	name=Gary Gannon	party=Social Democrats	constituency=Dublin Central	twitter_handle=GaryGannonTD	twitter_id=478789007	gender=male	country=Ireland
148872468	name=Mary Lou McDonald	party=Sinn Féin	constituency=Dublin Central	twitter_handle=MaryLouMcDonald	twitter_id=148872468	gender=female	country=Ireland
2347393720	name=Neasa Hourigan	party=Green Party	constituency=Dublin Central	twitter_handle=neasa_neasa	twitter_id=2347393720	gender=female	country=Ireland
19735329	name=Paschal Donohoe	party=Fine Gael	constituency=Dublin Central	twitter_handle=Paschald	twitter_id=19735329	gender=male	country=Ireland
39472243	name=Alan Farrell	party=Fine Gael	constituency=Dublin Fingal	twitter_handle=AlanFarrell	twitter_id=39472243	gender=male	country=Ireland
195697781	name=Darragh O'Brien	party=Fianna Fáil	constituency=Dublin Fingal	twitter_handle=DarraghOBrienTD	twitter_id=195697781	gender=male	country=Ireland
176373211	name=Duncan Smith	party=Labour Party	constituency=Dublin Fingal	twitter_handle=DuncanSmithTD	twitter_id=176373211	gender=male	country=Ireland
706733654	name=Joe O'Brien	party=Green Party	constituency=Dublin Fingal	twitter_handle=joefingalgreen	twitter_id=706733654	gender=male	country=Ireland
3123373653	name=Louise O'Reilly	party=Sinn Féin	constituency=Dublin Fingal	twitter_handle=loreillysf	twitter_id=3123373653	gender=female	country=Ireland
830145551421280256	name=Emer Higgins	party=Fine Gael	constituency=Dublin Mid–West	twitter_handle=EmerHigginsTD	twitter_id=830145551421280256	gender=female	country=Ireland
166173280	name=Eoin Ó Broin	party=Sinn Féin	constituency=Dublin Mid–West	twitter_handle=EOBroin	twitter_id=166173280	gender=male	country=Ireland
23322325	name=Gino Kenny	party=Solidarity–People Before Profit	constituency=Dublin Mid–West	twitter_handle=Ginosocialist	twitter_id=23322325	gender=male	country=Ireland
247506610	name=Mark Ward	party=Sinn Féin	constituency=Dublin Mid–West	twitter_handle=Wardy1916	twitter_id=247506610	gender=male	country=Ireland
157410826	name=Dessie Ellis	party=Sinn Féin	constituency=Dublin North–West	twitter_handle=cllrdessieellis	twitter_id=157410826	gender=male	country=Ireland
29110219	name=Paul McAuliffe	party=Fianna Fáil	constituency=Dublin North–West	twitter_handle=PaulMcauliffe	twitter_id=29110219	gender=male	country=Ireland
78026748	name=Róisín Shortall	party=Social Democrats	constituency=Dublin North–West	twitter_handle=RoisinShortall	twitter_id=78026748	gender=female	country=Ireland
1179033048	name=Catherine Martin	party=Green Party	constituency=Dublin Rathdown	twitter_handle=cathmartingreen	twitter_id=1179033048	gender=female	country=Ireland
2154117425	name=Josepha Madigan	party=Fine Gael	constituency=Dublin Rathdown	twitter_handle=josephamadigan	twitter_id=2154117425	gender=female	country=Ireland
239555645	name=Neale Richmond	party=Fine Gael	constituency=Dublin Rathdown	twitter_handle=nealerichmond	twitter_id=239555645	gender=male	country=Ireland
82645739	name=Aengus Ó Snodaigh	party=Sinn Féin	constituency=Dublin South–Central	twitter_handle=aosnodaigh	twitter_id=82645739	gender=male	country=Ireland
124269402	name=Bríd Smith	party=Solidarity–People Before Profit	constituency=Dublin South–Central	twitter_handle=bridsmithTD	twitter_id=124269402	gender=female	country=Ireland
361335767	name=Joan Collins	party=Right To Change	constituency=Dublin South–Central	twitter_handle=JoanCollinsTD	twitter_id=361335767	gender=female	country=Ireland
207969912	name=Patrick Costello	party=Green Party	constituency=Dublin South–Central	twitter_handle=Costellop	twitter_id=207969912	gender=male	country=Ireland
186394987	name=Colm Brophy	party=Fine Gael	constituency=Dublin South–West	twitter_handle=brophytalks	twitter_id=186394987	gender=male	country=Ireland
247541948	name=Francis Noel Duffy	party=Green Party	constituency=Dublin South–West	twitter_handle=FNDuffy	twitter_id=247541948	gender=male	country=Ireland
85170762	name=John Lahart	party=Fianna Fáil	constituency=Dublin South–West	twitter_handle=JohnLahart	twitter_id=85170762	gender=male	country=Ireland
270850017	name=Paul Murphy	party=Solidarity–People Before Profit	constituency=Dublin South–West	twitter_handle=paulmurphy_TD	twitter_id=270850017	gender=male	country=Ireland
1097860584	name=Seán Crowe	party=Sinn Féin	constituency=Dublin South–West	twitter_handle=SeanCroweTD	twitter_id=1097860584	gender=male	country=Ireland
192260630	name=Jack Chambers	party=Fianna Fáil	constituency=Dublin West	twitter_handle=jackfchambers	twitter_id=192260630	gender=male	country=Ireland
229466877	name=Leo Varadkar	party=Fine Gael	constituency=Dublin West	twitter_handle=LeoVaradkar	twitter_id=229466877	gender=male	orientation=lgbt	country=Ireland
219297099	name=Paul Donnelly	party=Sinn Féin	constituency=Dublin West	twitter_handle=PaulDonnellySF	twitter_id=219297099	gender=male	country=Ireland
18287940	name=Roderic O'Gorman	party=Green Party	constituency=Dublin West	twitter_handle=rodericogorman	twitter_id=18287940	gender=male	orientation=lgbt	country=Ireland
54605067	name=Cormac Devlin	party=Fianna Fáil	constituency=Dún Laoghaire	twitter_handle=CormacDevlin	twitter_id=54605067	gender=male	country=Ireland
237707902	name=Jennifer Carroll MacNeill	party=Fine Gael	constituency=Dún Laoghaire	twitter_handle=CarrollJennifer	twitter_id=237707902	gender=female	country=Ireland
116560657	name=Ossian Smyth	party=Green Party	constituency=Dún Laoghaire	twitter_handle=smytho	twitter_id=116560657	gender=male	country=Ireland
236377912	name=Richard Boyd Barrett	party=Solidarity–People Before Profit	constituency=Dún Laoghaire	twitter_handle=RBoydBarrett	twitter_id=236377912	gender=male	country=Ireland
2227385384	name=Anne Rabbitte	party=Fianna Fáil	constituency=Galway East	twitter_handle=AnneRabbitte	twitter_id=2227385384	gender=female	country=Ireland
20586381	name=Ciarán Cannon	party=Fine Gael	constituency=Galway East	twitter_handle=ciarancannon	twitter_id=20586381	gender=male	country=Ireland
2333746914	name=Seán Canney	party=independent politician	constituency=Galway East	twitter_handle=SeanCanney	twitter_id=2333746914	gender=male	country=Ireland
196551540	name=Catherine Connolly	party=independent politician	constituency=Galway West	twitter_handle=catherinegalway	twitter_id=196551540	gender=female	country=Ireland
181303066	name=Hildegarde Naughton	party=Fine Gael	constituency=Galway West	twitter_handle=1Hildegarde	twitter_id=181303066	gender=female	country=Ireland
261805836	name=Mairéad Farrell	party=Sinn Féin	constituency=Galway West	twitter_handle=farrell_mairead	twitter_id=261805836	gender=female	country=Ireland
	name=Noel Grealish	party=independent politician	constituency=Galway West	gender=male	country=Ireland
81844092	name=Éamon Ó Cuív	party=Fianna Fáil	constituency=Galway West	twitter_handle=eamonocuiv	twitter_id=81844092	gender=male	country=Ireland
192341330	name=Brendan Griffin	party=Fine Gael	constituency=Kerry	twitter_handle=BGriffinTD	twitter_id=192341330	gender=male	country=Ireland
	name=Danny Healy-Rae	party=independent politician	constituency=Kerry	gender=male	country=Ireland
346630615	name=Michael Healy-Rae	party=independent politician	constituency=Kerry	twitter_handle=MHealyRae	twitter_id=346630615	gender=male	country=Ireland
1263806988481421314	name=Norma Foley	party=Fianna Fáil	constituency=Kerry	twitter_handle=NormaFoleyTD1	twitter_id=1263806988481421314	gender=female	country=Ireland
	name=Pa Daly	party=Sinn Féin	constituency=Kerry	gender=male	country=Ireland
228774722	name=Bernard Durkan	party=Fine Gael	constituency=Kildare North	twitter_handle=BernardDurkanTD	twitter_id=228774722	gender=male	country=Ireland
190987689	name=Catherine Murphy	party=Social Democrats	constituency=Kildare North	twitter_handle=CathMurphyTD	twitter_id=190987689	gender=female	country=Ireland
18492194	name=James Lawless	party=Fianna Fáil	constituency=Kildare North	twitter_handle=lawlessj	twitter_id=18492194	gender=male	country=Ireland
361559966	name=Réada Cronin	party=Sinn Féin	constituency=Kildare North	twitter_handle=ReadaCronin	twitter_id=361559966	gender=female	country=Ireland
1117396183222235136	name=Cathal Berry	party=independent politician	constituency=Kildare South	twitter_handle=berrycathal	twitter_id=1117396183222235136	gender=male	country=Ireland
137363410	name=Martin Heydon	party=Fine Gael	constituency=Kildare South	twitter_handle=martinheydonfg	twitter_id=137363410	gender=male	country=Ireland
	name=Patricia Ryan	party=Sinn Féin	constituency=Kildare South	gender=female	country=Ireland
2433459918	name=Seán Ó Fearghaíl	party=Fianna Fáil	constituency=Kildare South	twitter_handle=SOFearghail_TD	twitter_id=2433459918	gender=male	country=Ireland
432054563	name=Barry Cowen	party=Fianna Fáil	constituency=Laois–Offaly	twitter_handle=CowenBarry	twitter_id=432054563	gender=male	country=Ireland
1366795272211300360	name=Brian Stanley	party=Sinn Féin	constituency=Laois–Offaly	twitter_handle=BrianStanleySF	twitter_id=1366795272211300360	gender=male	country=Ireland
3360716968	name=Carol Nolan	party=independent politician	constituency=Laois–Offaly	twitter_handle=CNolanOffaly	twitter_id=3360716968	gender=female	country=Ireland
87471013	name=Charles Flanagan	party=Fine Gael	constituency=Laois–Offaly	twitter_handle=CharlieFlanagan	twitter_id=87471013	gender=male	country=Ireland
960867485623963649	name=Seán Fleming	party=Fianna Fáil	constituency=Laois–Offaly	twitter_handle=SeanFlemingTD	twitter_id=960867485623963649	gender=male	country=Ireland
126008267	name=Brian Leddin	party=Green Party	constituency=Limerick City	twitter_handle=BrianLeddin	twitter_id=126008267	gender=male	country=Ireland
740599546343006209	name=Kieran O'Donnell	party=Fine Gael	constituency=Limerick City	twitter_handle=kodonnellLK	twitter_id=740599546343006209	gender=male	country=Ireland
212555476	name=Maurice Quinlivan	party=Sinn Féin	constituency=Limerick City	twitter_handle=QuinlivanTD	twitter_id=212555476	gender=male	country=Ireland
211231464	name=Willie O'Dea	party=Fianna Fáil	constituency=Limerick City	twitter_handle=willieodeaLIVE	twitter_id=211231464	gender=male	country=Ireland
172749267	name=Niall Collins	party=Fianna Fáil	constituency=Limerick County	twitter_handle=NiallCollinsTD	twitter_id=172749267	gender=male	country=Ireland
70205816	name=Patrick O'Donovan	party=Fine Gael	constituency=Limerick County	twitter_handle=podonovan	twitter_id=70205816	gender=male	country=Ireland
2243998753	name=Richard O'Donoghue	party=independent politician	constituency=Limerick County	twitter_handle=richardodonoghu	twitter_id=2243998753	gender=male	country=Ireland
241286535	name=Joe Flaherty	party=Fianna Fáil	constituency=Longford–Westmeath	twitter_handle=joefla	twitter_id=241286535	gender=male	country=Ireland
242365407	name=Peter Burke	party=Fine Gael	constituency=Longford–Westmeath	twitter_handle=peterburkefg	twitter_id=242365407	gender=male	country=Ireland
330904433	name=Robert Troy	party=Fianna Fáil	constituency=Longford–Westmeath	twitter_handle=RobertTroyTD	twitter_id=330904433	gender=male	country=Ireland
1216345275834433537	name=Sorca Clarke	party=Sinn Féin	constituency=Longford–Westmeath	twitter_handle=SorcaClarke_TD	twitter_id=1216345275834433537	gender=female	country=Ireland
22983594	name=Fergus O'Dowd	party=Fine Gael	constituency=Louth	twitter_handle=Fergusodowd	twitter_id=22983594	gender=male	country=Ireland
23781227	name=Gerald Nash	party=Labour Party	constituency=Louth	twitter_handle=geraldnash	twitter_id=23781227	gender=male	country=Ireland
1676201586	name=Imelda Munster	party=Sinn Féin	constituency=Louth	twitter_handle=ImeldaMunster	twitter_id=1676201586	gender=female	country=Ireland
244156314	name=Peter Fitzpatrick	party=independent politician	constituency=Louth	twitter_handle=PFitzpatrickTD	twitter_id=244156314	gender=male	country=Ireland
313595663	name=Ruairí Ó Murchú	party=Sinn Féin	constituency=Louth	twitter_handle=ROMurchu	twitter_id=313595663	gender=male	country=Ireland
177266455	name=Alan Dillon	party=Fine Gael	constituency=Mayo	twitter_handle=Alan_Dillon	twitter_id=177266455	gender=male	country=Ireland
67268150	name=Dara Calleary	party=Fianna Fáil	constituency=Mayo	twitter_handle=daracalleary	twitter_id=67268150	gender=male	country=Ireland
	name=Michael Ring	party=Fine Gael	constituency=Mayo	gender=male	country=Ireland
156974826	name=Rose Conway-Walsh	party=Sinn Féin	constituency=Mayo	twitter_handle=conwaywalsh	twitter_id=156974826	gender=female	country=Ireland
298561399	name=Darren O'Rourke	party=Sinn Féin	constituency=Meath East	twitter_handle=orourke_darren	twitter_id=298561399	gender=male	country=Ireland
38000023	name=Helen McEntee	party=Fine Gael	constituency=Meath East	twitter_handle=HMcEntee	twitter_id=38000023	gender=female	country=Ireland
32922034	name=Thomas Byrne	party=Fianna Fáil	constituency=Meath East	twitter_handle=ThomasByrneTD	twitter_id=32922034	gender=male	country=Ireland
63680662	name=Damien English	party=Fine Gael	constituency=Meath West	twitter_handle=Damien_English	twitter_id=63680662	gender=male	country=Ireland
1181512691338354688	name=Johnny Guirke	party=Sinn Féin	constituency=Meath West	twitter_handle=JohnnyGuirke	twitter_id=1181512691338354688	gender=male	country=Ireland
48667895	name=Peadar Tóibín	party=Aontú	constituency=Meath West	twitter_handle=Toibin1	twitter_id=48667895	gender=male	country=Ireland
573535657	name=Claire Kerrane	party=Sinn Féin	constituency=Roscommon–Galway	twitter_handle=ClaireKerrane	twitter_id=573535657	gender=female	country=Ireland
21811630	name=Denis Naughten	party=independent politician	constituency=Roscommon–Galway	twitter_handle=DenisNaughten	twitter_id=21811630	gender=male	country=Ireland
2914205799	name=Michael Fitzmaurice	party=independent politician	constituency=Roscommon–Galway	twitter_handle=MichaelFitzmau1	twitter_id=2914205799	gender=male	country=Ireland
127331013	name=Frank Feighan	party=Fine Gael	constituency=Sligo–Leitrim	twitter_handle=FrankFeighan	twitter_id=127331013	gender=male	country=Ireland
243632271	name=Marc MacSharry	party=independent politician	constituency=Sligo–Leitrim	twitter_handle=MarcMacsharryTD	twitter_id=243632271	gender=male	country=Ireland
26228880	name=Marian Harkin	party=independent politician	constituency=Sligo–Leitrim	twitter_handle=MarianHarkin	twitter_id=26228880	gender=female	country=Ireland
121090165	name=Martin Kenny	party=Sinn Féin	constituency=Sligo–Leitrim	twitter_handle=Martin_Kenny	twitter_id=121090165	gender=male	country=Ireland
116422140	name=Alan Kelly	party=Labour Party	constituency=Tipperary	twitter_handle=alankellylabour	twitter_id=116422140	gender=male	country=Ireland
3091852973	name=Jackie Cahill	party=Fianna Fáil	constituency=Tipperary	twitter_handle=jackiecahillff	twitter_id=3091852973	gender=male	country=Ireland
1207060500934221824	name=Martin Browne	party=Sinn Féin	constituency=Tipperary	twitter_handle=Browne4Dail	twitter_id=1207060500934221824	gender=male	country=Ireland
121375039	name=Mattie McGrath	party=independent politician	constituency=Tipperary	twitter_handle=mattiemcgrathtd	twitter_id=121375039	gender=male	country=Ireland
	name=Michael Lowry	party=independent politician	constituency=Tipperary	gender=male	country=Ireland
66682393	name=David Cullinane	party=Sinn Féin	constituency=Waterford	twitter_handle=davidcullinane	twitter_id=66682393	gender=male	country=Ireland
146096523	name=Marc Ó Cathasaigh	party=Green Party	constituency=Waterford	twitter_handle=MarcKC_Green	twitter_id=146096523	gender=male	country=Ireland
244689557	name=Mary Butler	party=Fianna Fáil	constituency=Waterford	twitter_handle=MaryButlerTD	twitter_id=244689557	gender=female	country=Ireland
1121809513789759488	name=Matt Shanahan	party=independent politician	constituency=Waterford	twitter_handle=MattShanahanTD	twitter_id=1121809513789759488	gender=male	country=Ireland
4205955087	name=Brendan Howlin	party=Labour Party	constituency=Wexford	twitter_handle=BrendanHowlin	twitter_id=4205955087	gender=male	country=Ireland
319686489	name=James Browne	party=Fianna Fáil	constituency=Wexford	twitter_handle=JamesBrowneTD	twitter_id=319686489	gender=male	country=Ireland
368959476	name=Johnny Mythen	party=Sinn Féin	constituency=Wexford	twitter_handle=JohnnyMythenSF	twitter_id=368959476	gender=male	country=Ireland
327886319	name=Paul Kehoe	party=Fine Gael	constituency=Wexford	twitter_handle=campaign4kehoe	twitter_id=327886319	gender=male	country=Ireland
1128042788157837318	name=Verona Murphy	party=independent politician	constituency=Wexford	twitter_handle=VeronaMurphyInd	twitter_id=1128042788157837318	gender=female	country=Ireland
1423427988	name=Jennifer Whitmore	party=Social Democrats	constituency=Wicklow	twitter_handle=WhitmoreJen	twitter_id=1423427988	gender=female	country=Ireland
229431792	name=John Brady	party=Sinn Féin	constituency=Wicklow	twitter_handle=johnbradysf	twitter_id=229431792	gender=male	country=Ireland
21117425	name=Simon Harris	party=Fine Gael	constituency=Wicklow	twitter_handle=SimonHarrisTD	twitter_id=21117425	gender=male	country=Ireland
237826875	name=Stephen Donnelly	party=Fianna Fáil	constituency=Wicklow	twitter_handle=DonnellyStephen	twitter_id=237826875	gender=male	country=Ireland
132667972	name=Steven Matthews	party=Green Party	constituency=Wicklow	twitter_handle=stevensgreen1	twitter_id=132667972	gender=male	country=Ireland
