Isa_Adinolfi	name=Isabella Adinolfi	twitter_handle=Isa_Adinolfi	nationality=Italy	group=Europe of Freedom and Direct Democracy Group
marcoaffronte	name=Marco Affronte	twitter_handle=marcoaffronte	nationality=Italy	group=Group of the Greens/European Free Alliance
AgeaLaura	name=Laura Agea	twitter_handle=AgeaLaura	nationality=Italy	group=Europe of Freedom and Direct Democracy Group
ClaraAguilera7	name=Clara Eugenia Aguilera García	twitter_handle=ClaraAguilera7	nationality=Spain	group=Group of the Progressive Alliance of Socialists and Democrats in the European Parliament
DanielaAiuto	name=Daniela Aiuto	twitter_handle=DanielaAiuto	nationality=Italy	group=Europe of Freedom and Direct Democracy Group
Tim_Aker	name=Tim Aker	twitter_handle=Tim_Aker	nationality=United Kingdom	group=Europe of Freedom and Direct Democracy Group
MarinaAlbiol	name=Marina Albiol Guzmán	twitter_handle=MarinaAlbiol	nationality=Spain	group=Confederal Group of the European United Left - Nordic Green Left
MAlliotMarie	name=Michèle Alliot-marie	twitter_handle=MAlliotMarie	nationality=France	group=Group of the European People's Party (Christian Democrats)
LucyAndersonMEP	name=Lucy Anderson	twitter_handle=LucyAndersonMEP	nationality=United Kingdom	group=Group of the Progressive Alliance of Socialists and Democrats in the European Parliament
M_AndersonSF	name=Martina Anderson	twitter_handle=M_AndersonSF	nationality=United Kingdom	group=Confederal Group of the European United Left - Nordic Green Left
MaxAndersson	name=Max Andersson	twitter_handle=MaxAndersson	nationality=Sweden	group=Group of the Greens/European Free Alliance
EricAndrieuEU	name=Eric Andrieu	twitter_handle=EricAndrieuEU	nationality=France	group=Group of the Progressive Alliance of Socialists and Democrats in the European Parliament
Andrikiene	name=Laima Liucija Andrikienė	twitter_handle=Andrikiene	nationality=Lithuania	group=Group of the European People's Party (Christian Democrats)
androulakisnick	name=Nikos Androulakis	twitter_handle=androulakisnick	nationality=Greece	group=Group of the Progressive Alliance of Socialists and Democrats in the European Parliament
gannemans	name=Gerolf Annemans	twitter_handle=gannemans	nationality=Belgium	group=Europe of Nations and Freedom Group
Mariearenaps	name=Maria Arena	twitter_handle=Mariearenaps	nationality=Belgium	group=Group of the Progressive Alliance of Socialists and Democrats in the European Parliament
PASCALARIMONT	name=Pascal Arimont	twitter_handle=PASCALARIMONT	nationality=Belgium	group=Group of the European People's Party (Christian Democrats)
MCArnautu	name=Marie-Christine Arnautu	twitter_handle=MCArnautu	nationality=France	group=Europe of Nations and Freedom Group
JonathanArnott	name=Jonathan Arnott	twitter_handle=JonathanArnott	nationality=United Kingdom	group=Europe of Freedom and Direct Democracy Group
JeanArthuis	name=Jean Arthuis	twitter_handle=JeanArthuis	nationality=France	group=Group of the Alliance of Liberals and Democrats for Europe
RichardAshMEP	name=Richard Ashworth	twitter_handle=RichardAshMEP	nationality=United Kingdom	group=Group of the European People's Party (Christian Democrats)
Janice4Brexit	name=Janice Atkinson	twitter_handle=Janice4Brexit	nationality=United Kingdom	group=Europe of Nations and Freedom Group
MargreteAuken	name=Margrete Auken	twitter_handle=MargreteAuken	nationality=Denmark	group=Group of the Greens/European Free Alliance
petras_petras	name=Petras Auštrevičius	twitter_handle=petras_petras	nationality=Lithuania	group=Group of the Alliance of Liberals and Democrats for Europe
IAyalaSender	name=Inés Ayala Sender	twitter_handle=IAyalaSender	nationality=Spain	group=Group of the Progressive Alliance of Socialists and Democrats in the European Parliament
ayuso_pilar	name=Pilar Ayuso	twitter_handle=ayuso_pilar	nationality=Spain	group=Group of the European People's Party (Christian Democrats)
hans_van_baalen	name=Johannes Cornelis van Baalen	twitter_handle=hans_van_baalen	nationality=Netherlands	group=Group of the Alliance of Liberals and Democrats for Europe
BalasGuillaume	name=Guillaume Balas	twitter_handle=BalasGuillaume	nationality=France	group=Group of the Progressive Alliance of Socialists and Democrats in the European Parliament
balcytis	name=Zigmantas Balčytis	twitter_handle=balcytis	nationality=Lithuania	group=Group of the Progressive Alliance of Socialists and Democrats in the European Parliament
NBarekov	name=Nikolay Barekov	twitter_handle=NBarekov	nationality=Bulgaria	group=European Conservatives and Reformists Group
AmjadBashirMEP	name=Amjad Bashir	twitter_handle=AmjadBashirMEP	nationality=United Kingdom	group=European Conservatives and Reformists Group
GerardBattenMEP	name=Gerard Batten	twitter_handle=GerardBattenMEP	nationality=United Kingdom	group=Europe of Freedom and Direct Democracy Group
NicolasBay_	name=Nicolas Bay	twitter_handle=NicolasBay_	nationality=France	group=Europe of Nations and Freedom Group
HuguesBayet	name=Hugues Bayet	twitter_handle=HuguesBayet	nationality=Belgium	group=Group of the Progressive Alliance of Socialists and Democrats in the European Parliament
catherinemep	name=Catherine Bearder	twitter_handle=catherinemep	nationality=United Kingdom	group=Group of the Alliance of Liberals and Democrats for Europe
beatrizbecerrab	name=Beatriz Becerra Basterrechea	twitter_handle=beatrizbecerrab	nationality=Spain	group=Group of the Alliance of Liberals and Democrats for Europe
beghin_t	name=Tiziana Beghin	twitter_handle=beghin_t	nationality=Italy	group=Europe of Freedom and Direct Democracy Group
BasBelderMEP	name=Bas Belder	twitter_handle=BasBelderMEP	nationality=Netherlands	group=European Conservatives and Reformists Group
IvoBelet	name=Ivo Belet	twitter_handle=IvoBelet	nationality=Belgium	group=Group of the European People's Party (Christian Democrats)
BendtEU	name=Bendt Bendtsen	twitter_handle=BendtEU	nationality=Denmark	group=Group of the European People's Party (Christian Democrats)
brandobenifei	name=Brando Benifei	twitter_handle=brandobenifei	nationality=Italy	group=Group of the Progressive Alliance of Socialists and Democrats in the European Parliament
xabierbenito	name=Xabier Benito Ziluaga	twitter_handle=xabierbenito	nationality=Spain	group=Confederal Group of the European United Left - Nordic Green Left
PervencheBeres	name=Pervenche Berès	twitter_handle=PervencheBeres	nationality=France	group=Group of the Progressive Alliance of Socialists and Democrats in the European Parliament
Jbergeronmep	name=Joëlle Bergeron	twitter_handle=Jbergeronmep	nationality=France	group=Europe of Freedom and Direct Democracy Group
GoffredoBettini	name=Goffredo Maria Bettini	twitter_handle=GoffredoBettini	nationality=Italy	group=Group of the Progressive Alliance of Socialists and Democrats in the European Parliament
IzaskunBilbaoB	name=Izaskun Bilbao Barandica	twitter_handle=IzaskunBilbaoB	nationality=Spain	group=Group of the Alliance of Liberals and Democrats for Europe
DominiqueBilde	name=Dominique Bilde	twitter_handle=DominiqueBilde	nationality=France	group=Europe of Nations and Freedom Group
marabizzotto	name=Mara Bizzotto	twitter_handle=marabizzotto	nationality=Italy	group=Europe of Nations and Freedom Group
MalinBjork_EU	name=Malin Björk	twitter_handle=MalinBjork_EU	nationality=Sweden	group=Confederal Group of the European United Left - Nordic Green Left
pepeblancoEP	name=José Blanco López	twitter_handle=pepeblancoEP	nationality=Spain	group=Group of the Progressive Alliance of Socialists and Democrats in the European Parliament
AndreaBocskor	name=Andrea Bocskor	twitter_handle=AndreaBocskor	nationality=Hungary	group=Group of the European People's Party (Christian Democrats)
Franc_Bogovic	name=Franc Bogovič	twitter_handle=Franc_Bogovic	nationality=Slovenia	group=Group of the European People's Party (Christian Democrats)
simonabonafe	name=Simona Bonafè	twitter_handle=simonabonafe	nationality=Italy	group=Group of the Progressive Alliance of Socialists and Democrats in the European Parliament
MichalBoni	name=Michał Boni	twitter_handle=MichalBoni	nationality=Poland	group=Group of the European People's Party (Christian Democrats)
MarioBorghezio	name=Mario Borghezio	twitter_handle=MarioBorghezio	nationality=Italy	group=Europe of Nations and Freedom Group
borrellidavid	name=David Borrelli	twitter_handle=borrellidavid	nationality=Italy	group=Non-attached Members
BiljanaBorzan	name=Biljana Borzan	twitter_handle=BiljanaBorzan	nationality=Croatia	group=Group of the Progressive Alliance of Socialists and Democrats in the European Parliament
VictorBostinaru	name=Victor Boştinaru	twitter_handle=VictorBostinaru	nationality=Romania	group=Group of the Progressive Alliance of Socialists and Democrats in the European Parliament
MCBoutonnetFN	name=Marie-Christine Boutonnet	twitter_handle=MCBoutonnetFN	nationality=France	group=Europe of Nations and Freedom Group
josebove	name=José Bové	twitter_handle=josebove	nationality=France	group=Group of the Greens/European Free Alliance
LNBDublin	name=Lynn Boylan	twitter_handle=LNBDublin	nationality=Ireland	group=Confederal Group of the European United Left - Nordic Green Left
PaulBrannenNE	name=Paul Brannen	twitter_handle=PaulBrannenNE	nationality=United Kingdom	group=Group of the Progressive Alliance of Socialists and Democrats in the European Parliament
mercedesbresso	name=Mercedes Bresso	twitter_handle=mercedesbresso	nationality=Italy	group=Group of the Progressive Alliance of Socialists and Democrats in the European Parliament
renatabriano	name=Renata Briano	twitter_handle=renatabriano	nationality=Italy	group=Group of the Progressive Alliance of Socialists and Democrats in the European Parliament
SteeveBriois	name=Steeve Briois	twitter_handle=SteeveBriois	nationality=France	group=Europe of Nations and Freedom Group
ElmarBrok_MEP	name=Elmar Brok	twitter_handle=ElmarBrok_MEP	nationality=Germany	group=Group of the European People's Party (Christian Democrats)
Dr_KlausBuchner	name=Klaus Buchner	twitter_handle=Dr_KlausBuchner	nationality=Germany	group=Group of the Greens/European Free Alliance
MEPDanielBuda	name=Daniel Buda	twitter_handle=MEPDanielBuda	nationality=Romania	group=Group of the European People's Party (Christian Democrats)
UdoBullmann	name=Udo Bullmann	twitter_handle=UdoBullmann	nationality=Germany	group=Group of the Progressive Alliance of Socialists and Democrats in the European Parliament
JonathanMEP	name=Jonathan Bullock	twitter_handle=JonathanMEP	nationality=United Kingdom	group=Europe of Freedom and Direct Democracy Group
bueti	name=Reinhard Bütikofer	twitter_handle=bueti	nationality=Germany	group=Group of the Greens/European Free Alliance
JerzyBuzek	name=Jerzy Buzek	twitter_handle=JerzyBuzek	nationality=Poland	group=Group of the European People's Party (Christian Democrats)
SoledadCabezon	name=Soledad Cabezón Ruiz	twitter_handle=SoledadCabezon	nationality=Spain	group=Group of the Progressive Alliance of Socialists and Democrats in the European Parliament
AlainCadec	name=Alain Cadec	twitter_handle=AlainCadec	nationality=France	group=Group of the European People's Party (Christian Democrats)
EnriqueCalvet	name=Enrique Calvet Chambon	twitter_handle=EnriqueCalvet	nationality=Spain	group=Group of the Alliance of Liberals and Democrats for Europe
WimvandeCamp	name=Wim van de Camp	twitter_handle=WimvandeCamp	nationality=Netherlands	group=Group of the European People's Party (Christian Democrats)
DCBMEP	name=David Campbell Bannerman	twitter_handle=DCBMEP	nationality=United Kingdom	group=European Conservatives and Reformists Group
NicolaCaputo	name=Nicola Caputo	twitter_handle=NicolaCaputo	nationality=Italy	group=Group of the Progressive Alliance of Socialists and Democrats in the European Parliament
mattcarthy	name=Matt Carthy	twitter_handle=mattcarthy	nationality=Ireland	group=Confederal Group of the European United Left - Nordic Green Left
JamesJimCarver	name=James Carver	twitter_handle=JamesJimCarver	nationality=United Kingdom	group=Non-attached Members
DavidCasaMEP	name=David Casa	twitter_handle=DavidCasaMEP	nationality=Malta	group=Group of the European People's Party (Christian Democrats)
caspary	name=Daniel Caspary	twitter_handle=caspary	nationality=Germany	group=Group of the European People's Party (Christian Democrats)
FMCastaldo	name=Fabio Massimo Castaldo	twitter_handle=FMCastaldo	nationality=Italy	group=Europe of Freedom and Direct Democracy Group
delcastillop	name=Pilar del Castillo Vera	twitter_handle=delcastillop	nationality=Spain	group=Group of the European People's Party (Christian Democrats)
JeanMarieCAVADA	name=Jean-Marie Cavada	twitter_handle=JeanMarieCAVADA	nationality=France	group=Group of the Alliance of Liberals and Democrats for Europe
L_Cesa	name=Lorenzo Cesa	twitter_handle=L_Cesa	nationality=Italy	group=Group of the European People's Party (Christian Democrats)
charanzova	name=Dita Charanzová	twitter_handle=charanzova	nationality=Czech Republic	group=Group of the Alliance of Liberals and Democrats for Europe
a_chauprade	name=Aymeric Chauprade	twitter_handle=a_chauprade	nationality=France	group=Europe of Freedom and Direct Democracy Group
NChildersMEP	name=Nessa Childers	twitter_handle=NChildersMEP	nationality=Ireland	group=Group of the Progressive Alliance of Socialists and Democrats in the European Parliament
CaterinaChinnic	name=Caterina Chinnici	twitter_handle=CaterinaChinnic	nationality=Italy	group=Group of the Progressive Alliance of Socialists and Democrats in the European Parliament
NikosChountis	name=Nikolaos Chountis	twitter_handle=NikosChountis	nationality=Greece	group=Confederal Group of the European United Left - Nordic Green Left
OleEU	name=Ole Christensen	twitter_handle=OleEU	nationality=Denmark	group=Group of the Progressive Alliance of Socialists and Democrats in the European Parliament
LefChristoforou	name=Lefteris Christoforou	twitter_handle=LefChristoforou	nationality=Cyprus	group=Group of the European People's Party (Christian Democrats)
Chrysogonos_K	name=Kostas Chrysogonos	twitter_handle=Chrysogonos_K	nationality=Greece	group=Confederal Group of the European United Left - Nordic Green Left
SalvoCicu	name=Salvatore Cicu	twitter_handle=SalvoCicu	nationality=Italy	group=Group of the European People's Party (Christian Democrats)
AngeloCiocca	name=Angelo Ciocca	twitter_handle=AngeloCiocca	nationality=Italy	group=Europe of Nations and Freedom Group
Alberto_Cirio	name=Alberto Cirio	twitter_handle=Alberto_Cirio	nationality=Italy	group=Group of the European People's Party (Christian Democrats)
DeirdreCluneMEP	name=Deirdre Clune	twitter_handle=DeirdreCluneMEP	nationality=Ireland	group=Group of the European People's Party (Christian Democrats)
DavidCoburnUKip	name=David Coburn	twitter_handle=DavidCoburnUKip	nationality=United Kingdom	group=Europe of Freedom and Direct Democracy Group
CarlosCoelhoPE	name=Carlos Coelho	twitter_handle=CarlosCoelhoPE	nationality=Portugal	group=Group of the European People's Party (Christian Democrats)
Cofferati	name=Sergio Gaetano Cofferati	twitter_handle=Cofferati	nationality=Italy	group=Group of the Progressive Alliance of Socialists and Democrats in the European Parliament
Jane_CollinsMEP	name=Jane Collins	twitter_handle=Jane_CollinsMEP	nationality=United Kingdom	group=Europe of Freedom and Direct Democracy Group
JcolombierFN	name=Jacques Colombier	twitter_handle=JcolombierFN	nationality=France	group=Europe of Nations and Freedom Group
comilara	name=Lara Comi	twitter_handle=comilara	nationality=Italy	group=Group of the European People's Party (Christian Democrats)
AnnaMariaCB	name=Anna Maria Corazza Bildt	twitter_handle=AnnaMariaCB	nationality=Sweden	group=Group of the European People's Party (Christian Democrats)
RCorbettMEP	name=Richard Corbett	twitter_handle=RCorbettMEP	nationality=United Kingdom	group=Group of the Progressive Alliance of Socialists and Democrats in the European Parliament
TCornillet	name=Thierry Cornillet	twitter_handle=TCornillet	nationality=France	group=Group of the Alliance of Liberals and Democrats for Europe
ignaziocorrao	name=Ignazio Corrao	twitter_handle=ignaziocorrao	nationality=Italy	group=Europe of Freedom and Direct Democracy Group
SilviaCostaEU	name=Silvia Costa	twitter_handle=SilviaCostaEU	nationality=Italy	group=Group of the Progressive Alliance of Socialists and Democrats in the European Parliament
Caninator	name=Javier Couso Permuy	twitter_handle=Caninator	nationality=Spain	group=Confederal Group of the European United Left - Nordic Green Left
cozzolino62	name=Andrea Cozzolino	twitter_handle=cozzolino62	nationality=Italy	group=Group of the Progressive Alliance of Socialists and Democrats in the European Parliament
MepMCramer	name=Michael Cramer	twitter_handle=MepMCramer	nationality=Germany	group=Group of the Greens/European Free Alliance
andicristeamep	name=Andi Cristea	twitter_handle=andicristeamep	nationality=Romania	group=Group of the Progressive Alliance of Socialists and Democrats in the European Parliament
csakypal	name=Pál Csáky	twitter_handle=csakypal	nationality=Slovakia	group=Group of the European People's Party (Christian Democrats)
r_czarnecki	name=Ryszard Czarnecki	twitter_handle=r_czarnecki	nationality=Poland	group=European Conservatives and Reformists Group
rosadamato634	name=Rosa D'amato	twitter_handle=rosadamato634	nationality=Italy	group=Europe of Freedom and Direct Democracy Group
MireilledOrnano	name=Mireille D'ornano	twitter_handle=MireilledOrnano	nationality=France	group=Europe of Freedom and Direct Democracy Group
petervdalen	name=Peter van Dalen	twitter_handle=petervdalen	nationality=Netherlands	group=European Conservatives and Reformists Group
Miriamdalli	name=Miriam Dalli	twitter_handle=Miriamdalli	nationality=Malta	group=Group of the Progressive Alliance of Socialists and Democrats in the European Parliament
ddalton40	name=Daniel Dalton	twitter_handle=ddalton40	nationality=United Kingdom	group=European Conservatives and Reformists Group
JakopDalunde	name=Jakop Dalunde	twitter_handle=JakopDalunde	nationality=Sweden	group=Group of the Greens/European Free Alliance
SebDance	name=Seb Dance	twitter_handle=SebDance	nationality=United Kingdom	group=Group of the Progressive Alliance of Socialists and Democrats in the European Parliament
ArnaudDanjean	name=Arnaud Danjean	twitter_handle=ArnaudDanjean	nationality=France	group=Group of the European People's Party (Christian Democrats)
DantiNicola	name=Nicola Danti	twitter_handle=DantiNicola	nationality=Italy	group=Group of the Progressive Alliance of Socialists and Democrats in the European Parliament
MichelDANTIN	name=Michel Dantin	twitter_handle=MichelDANTIN	nationality=France	group=Group of the European People's Party (Christian Democrats)
datirachida	name=Rachida Dati	twitter_handle=datirachida	nationality=France	group=Group of the European People's Party (Christian Democrats)
paolodecastro	name=Paolo De Castro	twitter_handle=paolodecastro	nationality=Italy	group=Group of the Progressive Alliance of Socialists and Democrats in the European Parliament
IsabellaDeMonte	name=Isabella De Monte	twitter_handle=IsabellaDeMonte	nationality=Italy	group=Group of the Progressive Alliance of Socialists and Democrats in the European Parliament
Delahaye_Europe	name=Angélique Delahaye	twitter_handle=Delahaye_Europe	nationality=France	group=Group of the European People's Party (Christian Democrats)
AndorDeli	name=Andor Deli	twitter_handle=AndorDeli	nationality=Hungary	group=Group of the European People's Party (Christian Democrats)
KarimaDelli	name=Karima Delli	twitter_handle=KarimaDelli	nationality=France	group=Group of the Greens/European Free Alliance
mady_delvaux	name=Mady Delvaux	twitter_handle=mady_delvaux	nationality=Luxembourg	group=Group of the Progressive Alliance of Socialists and Democrats in the European Parliament
markdemesmaeker	name=Mark Demesmaeker	twitter_handle=markdemesmaeker	nationality=Belgium	group=European Conservatives and Reformists Group
gerardeprez	name=Gérard Deprez	twitter_handle=gerardeprez	nationality=Belgium	group=Group of the Alliance of Liberals and Democrats for Europe
Albert_Dess_MEP	name=Albert Dess	twitter_handle=Albert_Dess_MEP	nationality=Germany	group=Group of the European People's Party (Christian Democrats)
MichaelDetjen	name=Michael Detjen	twitter_handle=MichaelDetjen	nationality=Germany	group=Group of the Progressive Alliance of Socialists and Democrats in the European Parliament
dajcstomi	name=Tamás Deutsch	twitter_handle=dajcstomi	nationality=Hungary	group=Group of the European People's Party (Christian Democrats)
NirjDeva	name=Nirj Deva	twitter_handle=NirjDeva	nationality=United Kingdom	group=European Conservatives and Reformists Group
M_DiaconuMEP	name=Mircea Diaconu	twitter_handle=M_DiaconuMEP	nationality=Romania	group=Group of the Alliance of Liberals and Democrats for Europe
GeoffroyDidier	name=Geoffroy Didier	twitter_handle=GeoffroyDidier	nationality=France	group=Group of the European People's Party (Christian Democrats)
Mdlabajova	name=Martina Dlabajová	twitter_handle=Mdlabajova	nationality=Czech Republic	group=Group of the Alliance of Liberals and Democrats for Europe
DianeDoddsMEP	name=Diane Dodds	twitter_handle=DianeDoddsMEP	nationality=United Kingdom	group=Non-attached Members
MEPDohrmann	name=Jørn Dohrmann	twitter_handle=MEPDohrmann	nationality=Denmark	group=European Conservatives and Reformists Group
HerbertDorfmann	name=Herbert Dorfmann	twitter_handle=HerbertDorfmann	nationality=Italy	group=Group of the European People's Party (Christian Democrats)
damiandraghici	name=Damian Drăghici	twitter_handle=damiandraghici	nationality=Romania	group=Group of the Progressive Alliance of Socialists and Democrats in the European Parliament
PDurandOfficiel	name=Pascal Durand	twitter_handle=PDurandOfficiel	nationality=France	group=Group of the Greens/European Free Alliance
Stefan_Eck_MEP	name=Stefan Eck	twitter_handle=Stefan_Eck_MEP	nationality=Germany	group=Confederal Group of the European United Left - Nordic Green Left
BasEickhout	name=Bas Eickhout	twitter_handle=BasEickhout	nationality=Netherlands	group=Group of the Greens/European Free Alliance
AndreElissen	name=André Elissen	twitter_handle=AndreElissen	nationality=Netherlands	group=Europe of Nations and Freedom Group
LinneaEngstrom	name=Linnéa Engström	twitter_handle=LinneaEngstrom	nationality=Sweden	group=Group of the Greens/European Free Alliance
EpitidGeorgios	name=Georgios Epitideios	twitter_handle=EpitidGeorgios	nationality=Greece	group=Non-attached Members
ErnstCornelia	name=Cornelia Ernst	twitter_handle=ErnstCornelia	nationality=Germany	group=Confederal Group of the European United Left - Nordic Green Left
IsmailErtug	name=Ismail Ertug	twitter_handle=IsmailErtug	nationality=Germany	group=Group of the Progressive Alliance of Socialists and Democrats in the European Parliament
IBenEuropa	name=Rosa Estaràs Ferragut	twitter_handle=IBenEuropa	nationality=Spain	group=Group of the European People's Party (Christian Democrats)
BillDudleyNorth	name=Bill Etheridge	twitter_handle=BillDudleyNorth	nationality=United Kingdom	group=Europe of Freedom and Direct Democracy Group
JillEvansMEP	name=Jill Evans	twitter_handle=JillEvansMEP	nationality=United Kingdom	group=Group of the Greens/European Free Alliance
EleonoraEvi	name=Eleonora Evi	twitter_handle=EleonoraEvi	nationality=Italy	group=Europe of Freedom and Direct Democracy Group
tfajon	name=Tanja Fajon	twitter_handle=tfajon	nationality=Slovenia	group=Group of the Progressive Alliance of Socialists and Democrats in the European Parliament
Nigel_Farage	name=Nigel Farage	twitter_handle=Nigel_Farage	nationality=United Kingdom	group=Europe of Freedom and Direct Democracy Group
JoseFariaMEP	name=José Inácio Faria	twitter_handle=JoseFariaMEP	nationality=Portugal	group=Group of the European People's Party (Christian Democrats)
federley	name=Fredrick Federley	twitter_handle=federley	nationality=Sweden	group=Group of the Alliance of Liberals and Democrats for Europe
MarkusFerber	name=Markus Ferber	twitter_handle=MarkusFerber	nationality=Germany	group=Group of the European People's Party (Christian Democrats)
JMFernandesEU	name=José Manuel Fernandes	twitter_handle=JMFernandesEU	nationality=Portugal	group=Group of the European People's Party (Christian Democrats)
jonasfernandez	name=Jonás Fernández	twitter_handle=jonasfernandez	nationality=Spain	group=Group of the Progressive Alliance of Socialists and Democrats in the European Parliament
LFerraraM5S	name=Laura Ferrara	twitter_handle=LFerraraM5S	nationality=Italy	group=Europe of Freedom and Direct Democracy Group
raymondfinch	name=Raymond Finch	twitter_handle=raymondfinch	nationality=United Kingdom	group=Europe of Freedom and Direct Democracy Group
SantiagoFisas	name=Santiago Fisas Ayxelà	twitter_handle=SantiagoFisas	nationality=Spain	group=Group of the European People's Party (Christian Democrats)
RaffaeleFitto	name=Raffaele Fitto	twitter_handle=RaffaeleFitto	nationality=Italy	group=European Conservatives and Reformists Group
Fjellner	name=Christofer Fjellner	twitter_handle=Fjellner	nationality=Sweden	group=Group of the European People's Party (Christian Democrats)
JFlackMEP	name=John Flack	twitter_handle=JFlackMEP	nationality=United Kingdom	group=European Conservatives and Reformists Group
lukeming	name=Luke Ming Flanagan	twitter_handle=lukeming	nationality=Ireland	group=Confederal Group of the European United Left - Nordic Green Left
MonikaFlaBenova	name=Monika Flašíková Beňová	twitter_handle=MonikaFlaBenova	nationality=Slovakia	group=Group of the Progressive Alliance of Socialists and Democrats in the European Parliament
knufleckenstein	name=Knut Fleckenstein	twitter_handle=knufleckenstein	nationality=Germany	group=Group of the Progressive Alliance of Socialists and Democrats in the European Parliament
eleonoraforenza	name=Eleonora Forenza	twitter_handle=eleonoraforenza	nationality=Italy	group=Confederal Group of the European United Left - Nordic Green Left
jfostermep	name=Jacqueline Foster	twitter_handle=jfostermep	nationality=United Kingdom	group=European Conservatives and Reformists Group
FountoulisLampr	name=Lampros Fountoulis	twitter_handle=FountoulisLampr	nationality=Greece	group=Non-attached Members
Ashleyfoxmep	name=Ashley Fox	twitter_handle=Ashleyfoxmep	nationality=United Kingdom	group=European Conservatives and Reformists Group
RomeoFranz1	name=Romeo Franz	twitter_handle=RomeoFranz1	nationality=Germany	group=Group of the Greens/European Free Alliance
EugenAFreund	name=Eugen Freund	twitter_handle=EugenAFreund	nationality=Austria	group=Group of the Progressive Alliance of Socialists and Democrats in the European Parliament
DoruFrunzulica	name=Doru-Claudian Frunzulică	twitter_handle=DoruFrunzulica	nationality=Romania	group=Group of the Progressive Alliance of Socialists and Democrats in the European Parliament
Agabelic	name=Aleksander Gabelic	twitter_handle=Agabelic	nationality=Sweden	group=Group of the Progressive Alliance of Socialists and Democrats in the European Parliament
michaelgahler	name=Michael Gahler	twitter_handle=michaelgahler	nationality=Germany	group=Group of the European People's Party (Christian Democrats)
fgambus_eu	name=Francesc Gambús	twitter_handle=fgambus_eu	nationality=Spain	group=Group of the European People's Party (Christian Democrats)
IratxeGarper	name=Iratxe García Pérez	twitter_handle=IratxeGarper	nationality=Spain	group=Group of the Progressive Alliance of Socialists and Democrats in the European Parliament
EGardiazabal	name=Eider Gardiazabal Rubial	twitter_handle=EGardiazabal	nationality=Spain	group=Group of the Progressive Alliance of Socialists and Democrats in the European Parliament
EGardini	name=Elisabetta Gardini	twitter_handle=EGardini	nationality=Italy	group=Group of the European People's Party (Christian Democrats)
enricogasbarra	name=Enrico Gasbarra	twitter_handle=enricogasbarra	nationality=Italy	group=Group of the Progressive Alliance of Socialists and Democrats in the European Parliament
EuropaJens	name=Jens Geier	twitter_handle=EuropaJens	nationality=Germany	group=Group of the Progressive Alliance of Socialists and Democrats in the European Parliament
elena_gentile	name=Elena Gentile	twitter_handle=elena_gentile	nationality=Italy	group=Group of the Progressive Alliance of Socialists and Democrats in the European Parliament
Gerbrandy	name=Gerben-Jan Gerbrandy	twitter_handle=Gerbrandy	nationality=Netherlands	group=Group of the Alliance of Liberals and Democrats for Europe
Arne_Gericke	name=Arne Gericke	twitter_handle=Arne_Gericke	nationality=Germany	group=European Conservatives and Reformists Group
lidiageringer	name=Lidia Joanna de Geringer Oedenberg	twitter_handle=lidiageringer	nationality=Poland	group=Group of the Progressive Alliance of Socialists and Democrats in the European Parliament
sven_giegold	name=Sven Giegold	twitter_handle=sven_giegold	nationality=Germany	group=Group of the Greens/European Free Alliance
AdamGierek	name=Adam Gierek	twitter_handle=AdamGierek	nationality=Poland	group=Group of the Progressive Alliance of Socialists and Democrats in the European Parliament
NathanGillMEP	name=Nathan Gill	twitter_handle=NathanGillMEP	nationality=United Kingdom	group=Europe of Freedom and Direct Democracy Group
NeenaGmep	name=Neena Gill	twitter_handle=NeenaGmep	nationality=United Kingdom	group=Group of the Progressive Alliance of Socialists and Democrats in the European Parliament
gimenezbarbat	name=María Teresa Giménez Barbat	twitter_handle=gimenezbarbat	nationality=Spain	group=Group of the Alliance of Liberals and Democrats for Europe
juliegirling	name=Julie Girling	twitter_handle=juliegirling	nationality=United Kingdom	group=Group of the European People's Party (Christian Democrats)
m_giuffrida	name=Michela Giuffrida	twitter_handle=m_giuffrida	nationality=Italy	group=Group of the Progressive Alliance of Socialists and Democrats in the European Parliament
KgloanecMaurin	name=Karine Gloanec Maurin	twitter_handle=KgloanecMaurin	nationality=France	group=Group of the Progressive Alliance of Socialists and Democrats in the European Parliament
Sylvie_Goddyn	name=Sylvie Goddyn	twitter_handle=Sylvie_Goddyn	nationality=France	group=Europe of Nations and Freedom Group
CharlesGoerens	name=Charles Goerens	twitter_handle=CharlesGoerens	nationality=Luxembourg	group=Group of the Alliance of Liberals and Democrats for Europe
brunogollnisch	name=Bruno Gollnisch	twitter_handle=brunogollnisch	nationality=France	group=Non-attached Members
AnaGomesMEP	name=Ana Gomes	twitter_handle=AnaGomesMEP	nationality=Portugal	group=Group of the Progressive Alliance of Socialists and Democrats in the European Parliament
TaniaGonzalezPs	name=Tania González Peñas	twitter_handle=TaniaGonzalezPs	nationality=Spain	group=Confederal Group of the European United Left - Nordic Green Left
gonzalezpons	name=Esteban González Pons	twitter_handle=gonzalezpons	nationality=Spain	group=Group of the European People's Party (Christian Democrats)
BeataGosiewska	name=Beata Gosiewska	twitter_handle=BeataGosiewska	nationality=Poland	group=European Conservatives and Reformists Group
MJRLdeGraaff	name=Marcel de Graaff	twitter_handle=MJRLdeGraaff	nationality=Netherlands	group=Europe of Nations and Freedom Group
MariaGrapini	name=Maria Grapini	twitter_handle=MariaGrapini	nationality=Romania	group=Group of the Progressive Alliance of Socialists and Democrats in the European Parliament
inge_graessle	name=Ingeborg Grässle	twitter_handle=inge_graessle	nationality=Germany	group=Group of the European People's Party (Christian Democrats)
graswanderhainz	name=Karoline Graswander-hainz	twitter_handle=graswanderhainz	nationality=Austria	group=Group of the Progressive Alliance of Socialists and Democrats in the European Parliament
ngriesbeck	name=Nathalie Griesbeck	twitter_handle=ngriesbeck	nationality=France	group=Group of the Alliance of Liberals and Democrats for Europe
TheresaMEP	name=Theresa Griffin	twitter_handle=TheresaMEP	nationality=United Kingdom	group=Group of the Progressive Alliance of Socialists and Democrats in the European Parliament
IvetaGrigule	name=Iveta Grigule	twitter_handle=IvetaGrigule	nationality=Latvia	group=Group of the Alliance of Liberals and Democrats for Europe
GrosseteteF	name=Françoise Grossetête	twitter_handle=GrosseteteF	nationality=France	group=Group of the European People's Party (Christian Democrats)
GrzybAndrzej	name=Andrzej Grzyb	twitter_handle=GrzybAndrzej	nationality=Poland	group=Group of the European People's Party (Christian Democrats)
gualtierieurope	name=Roberto Gualtieri	twitter_handle=gualtierieurope	nationality=Italy	group=Group of the Progressive Alliance of Socialists and Democrats in the European Parliament
sylvieguillaume	name=Sylvie Guillaume	twitter_handle=sylvieguillaume	nationality=France	group=Group of the Progressive Alliance of Socialists and Democrats in the European Parliament
TonyGuoga	name=Antanas Guoga	twitter_handle=TonyGuoga	nationality=Lithuania	group=Group of the European People's Party (Christian Democrats)
JytteGuteland	name=Jytte Guteland	twitter_handle=JytteGuteland	nationality=Sweden	group=Group of the Progressive Alliance of Socialists and Democrats in the European Parliament
Sergio_GP	name=Sergio Gutiérrez Prieto	twitter_handle=Sergio_GP	nationality=Spain	group=Group of the Progressive Alliance of Socialists and Democrats in the European Parliament
thadjigeorgiou	name=Takis Hadjigeorgiou	twitter_handle=thadjigeorgiou	nationality=Cyprus	group=Confederal Group of the European United Left - Nordic Green Left
Halla_aho	name=Jussi Halla-aho	twitter_handle=Halla_aho	nationality=Finland	group=European Conservatives and Reformists Group
thaendel	name=Thomas Händel	twitter_handle=thaendel	nationality=Germany	group=Confederal Group of the European United Left - Nordic Green Left
DanielJHannan	name=Daniel Hannan	twitter_handle=DanielJHannan	nationality=United Kingdom	group=European Conservatives and Reformists Group
CHansenEU	name=Christophe Hansen	twitter_handle=CHansenEU	nationality=Luxembourg	group=Group of the European People's Party (Christian Democrats)
MarianHarkin	name=Marian Harkin	twitter_handle=MarianHarkin	nationality=Ireland	group=Group of the Alliance of Liberals and Democrats for Europe
RebHarms	name=Rebecca Harms	twitter_handle=RebHarms	nationality=Germany	group=Group of the Greens/European Free Alliance
MartinHaeusling	name=Martin Häusling	twitter_handle=MartinHaeusling	nationality=Germany	group=Group of the Greens/European Free Alliance
HeidiHautala	name=Heidi Hautala	twitter_handle=HeidiHautala	nationality=Finland	group=Group of the Greens/European Free Alliance
brianhayesMEP	name=Brian Hayes	twitter_handle=brianhayesMEP	nationality=Ireland	group=Group of the European People's Party (Christian Democrats)
anjahazekamp	name=Anja Hazekamp	twitter_handle=anjahazekamp	nationality=Netherlands	group=Confederal Group of the European United Left - Nordic Green Left
AnnaHedh	name=Anna Hedh	twitter_handle=AnnaHedh	nationality=Sweden	group=Group of the Progressive Alliance of Socialists and Democrats in the European Parliament
HansOlafHenkel	name=Hans-Olaf Henkel	twitter_handle=HansOlafHenkel	nationality=Germany	group=European Conservatives and Reformists Group
Hetman_K	name=Krzysztof Hetman	twitter_handle=Hetman_K	nationality=Poland	group=Group of the European People's Party (Christian Democrats)
MariaHeubuch	name=Maria Heubuch	twitter_handle=MariaHeubuch	nationality=Germany	group=Group of the Greens/European Free Alliance
nadjahirsch	name=Nadja Hirsch	twitter_handle=nadjahirsch	nationality=Germany	group=Group of the Alliance of Liberals and Democrats for Europe
czeslawhoc	name=Czesław Hoc	twitter_handle=czeslawhoc	nationality=Poland	group=European Conservatives and Reformists Group
MonikaHohlmeier	name=Monika Hohlmeier	twitter_handle=MonikaHohlmeier	nationality=Germany	group=Group of the European People's Party (Christian Democrats)
ghokmark	name=Gunnar Hökmark	twitter_handle=ghokmark	nationality=Sweden	group=Group of the European People's Party (Christian Democrats)
HolvenyiGyorgy	name=György Hölvényi	twitter_handle=HolvenyiGyorgy	nationality=Hungary	group=Group of the European People's Party (Christian Democrats)
maryhoneyball	name=Mary Honeyball	twitter_handle=maryhoneyball	nationality=United Kingdom	group=Group of the Progressive Alliance of Socialists and Democrats in the European Parliament
mikehookemmep	name=Mike Hookem	twitter_handle=mikehookemmep	nationality=United Kingdom	group=Europe of Freedom and Direct Democracy Group
BriceHortefeux	name=Brice Hortefeux	twitter_handle=BriceHortefeux	nationality=France	group=Group of the European People's Party (Christian Democrats)
JohnHowarth1958	name=John Howarth	twitter_handle=JohnHowarth1958	nationality=United Kingdom	group=Group of the Progressive Alliance of Socialists and Democrats in the European Parliament
danutahuebner	name=Danuta Maria Hübner	twitter_handle=danutahuebner	nationality=Poland	group=Group of the European People's Party (Christian Democrats)
hudghtonmepSNP	name=Ian Hudghton	twitter_handle=hudghtonmepSNP	nationality=United Kingdom	group=Group of the Greens/European Free Alliance
jhuitema	name=Jan Huitema	twitter_handle=jhuitema	nationality=Netherlands	group=Group of the Alliance of Liberals and Democrats for Europe
carlositurgaiz	name=Carlos Iturgaiz	twitter_handle=carlositurgaiz	nationality=Spain	group=Group of the European People's Party (Christian Democrats)
Catalin_Ivan	name=Cătălin Sorin Ivan	twitter_handle=Catalin_Ivan	nationality=Romania	group=Group of the Progressive Alliance of Socialists and Democrats in the European Parliament
RJ_Iwaszkiewicz	name=Robert Jarosław Iwaszkiewicz	twitter_handle=RJ_Iwaszkiewicz	nationality=Poland	group=Europe of Freedom and Direct Democracy Group
Jaakonsaari	name=Liisa Jaakonsaari	twitter_handle=Jaakonsaari	nationality=Finland	group=Group of the Progressive Alliance of Socialists and Democrats in the European Parliament
jaatteenmaki	name=Anneli Jäätteenmäki	twitter_handle=jaatteenmaki	nationality=Finland	group=Group of the Alliance of Liberals and Democrats for Europe
yjadot	name=Yannick Jadot	twitter_handle=yjadot	nationality=France	group=Group of the Greens/European Free Alliance
peter_jahr	name=Peter Jahr	twitter_handle=peter_jahr	nationality=Germany	group=Group of the European People's Party (Christian Democrats)
IvanJakovcic	name=Ivan Jakovčić	twitter_handle=IvanJakovcic	nationality=Croatia	group=Group of the Alliance of Liberals and Democrats for Europe
JFJalkh	name=Jean-François Jalkh	twitter_handle=JFJalkh	nationality=France	group=Europe of Nations and Freedom Group
DianeJamesMEP	name=Diane James	twitter_handle=DianeJamesMEP	nationality=United Kingdom	group=Non-attached Members
JametFrance	name=France Jamet	twitter_handle=JametFrance	nationality=France	group=Europe of Nations and Freedom Group
JarokaLivia	name=Livia Járóka	twitter_handle=JarokaLivia	nationality=Hungary	group=Group of the European People's Party (Christian Democrats)
RJaureguiA	name=Ramón Jáuregui Atondo	twitter_handle=RJaureguiA	nationality=Spain	group=Group of the Progressive Alliance of Socialists and Democrats in the European Parliament
javorbenedek	name=Benedek Jávor	twitter_handle=javorbenedek	nationality=Hungary	group=Group of the Greens/European Free Alliance
DJazlowiecka	name=Danuta Jazłowiecka	twitter_handle=DJazlowiecka	nationality=Poland	group=Group of the European People's Party (Christian Democrats)
JezekCZ	name=Petr Ježek	twitter_handle=JezekCZ	nationality=Czech Republic	group=Group of the Alliance of Liberals and Democrats for Europe
TeresaJBecerril	name=Teresa Jiménez-becerril Barrio	twitter_handle=TeresaJBecerril	nationality=Spain	group=Group of the European People's Party (Christian Democrats)
EvaJoly	name=Eva Joly	twitter_handle=EvaJoly	nationality=France	group=Group of the Greens/European Free Alliance
DdJong	name=Dennis de Jong	twitter_handle=DdJong	nationality=Netherlands	group=Confederal Group of the European United Left - Nordic Green Left
a_jongerius	name=Agnes Jongerius	twitter_handle=a_jongerius	nationality=Netherlands	group=Group of the Progressive Alliance of Socialists and Democrats in the European Parliament
MarcJoulaud	name=Marc Joulaud	twitter_handle=MarcJoulaud	nationality=France	group=Group of the European People's Party (Christian Democrats)
marekjurek	name=Marek Jurek	twitter_handle=marekjurek	nationality=Poland	group=European Conservatives and Reformists Group
philippejuvin	name=Philippe Juvin	twitter_handle=philippejuvin	nationality=France	group=Group of the European People's Party (Christian Democrats)
karinkadenbach	name=Karin Kadenbach	twitter_handle=karinkadenbach	nationality=Austria	group=Group of the Progressive Alliance of Socialists and Democrats in the European Parliament
EvaKaili	name=Eva Kaili	twitter_handle=EvaKaili	nationality=Greece	group=Group of the Progressive Alliance of Socialists and Democrats in the European Parliament
Kalniete	name=Sandra Kalniete	twitter_handle=Kalniete	nationality=Latvia	group=Group of the European People's Party (Christian Democrats)
SyedKamall	name=Syed Kamall	twitter_handle=SyedKamall	nationality=United Kingdom	group=European Conservatives and Reformists Group
b_kappel	name=Barbara Kappel	twitter_handle=b_kappel	nationality=Austria	group=Europe of Nations and Freedom Group
othmar_karas	name=Othmar Karas	twitter_handle=othmar_karas	nationality=Austria	group=Group of the European People's Party (Christian Democrats)
rinakari	name=Rina Ronja Kari	twitter_handle=rinakari	nationality=Denmark	group=Confederal Group of the European United Left - Nordic Green Left
SHKMEP	name=Sajjad Karim	twitter_handle=SHKMEP	nationality=United Kingdom	group=European Conservatives and Reformists Group
krisjaniskarins	name=Krišjānis Kariņš	twitter_handle=krisjaniskarins	nationality=Latvia	group=Group of the European People's Party (Christian Democrats)
profKarski	name=Karol Karski	twitter_handle=profKarski	nationality=Poland	group=European Conservatives and Reformists Group
ElsiKatainen	name=Elsi Katainen	twitter_handle=ElsiKatainen	nationality=Finland	group=Group of the Alliance of Liberals and Democrats for Europe
KaufmannSylvia	name=Sylvia-Yvonne Kaufmann	twitter_handle=KaufmannSylvia	nationality=Germany	group=Group of the Progressive Alliance of Socialists and Democrats in the European Parliament
M_Kefalogiannis	name=Manolis Kefalogiannis	twitter_handle=M_Kefalogiannis	nationality=Greece	group=Group of the European People's Party (Christian Democrats)
KellerHonza	name=Jan Keller	twitter_handle=KellerHonza	nationality=Czech Republic	group=Group of the Progressive Alliance of Socialists and Democrats in the European Parliament
SkaKeller	name=Ska Keller	twitter_handle=SkaKeller	nationality=Germany	group=Group of the Greens/European Free Alliance
SeanKellyMEP	name=Seán Kelly	twitter_handle=SeanKellyMEP	nationality=Ireland	group=Group of the European People's Party (Christian Democrats)
WajidKhanMEP	name=Wajid Khan	twitter_handle=WajidKhanMEP	nationality=United Kingdom	group=Group of the Progressive Alliance of Socialists and Democrats in the European Parliament
Jude_KD	name=Jude Kirton-darling	twitter_handle=Jude_KD	nationality=United Kingdom	group=Group of the Progressive Alliance of Socialists and Democrats in the European Parliament
JeppeKofod	name=Jeppe Kofod	twitter_handle=JeppeKofod	nationality=Denmark	group=Group of the Progressive Alliance of Socialists and Democrats in the European Parliament
KohlicekJaromir	name=Jaromír Kohlíček	twitter_handle=KohlicekJaromir	nationality=Czech Republic	group=Confederal Group of the European United Left - Nordic Green Left
ArndtKohn	name=Arndt Kohn	twitter_handle=ArndtKohn	nationality=Germany	group=Group of the Progressive Alliance of Socialists and Democrats in the European Parliament
Bernd_Koelmel	name=Bernd Kölmel	twitter_handle=Bernd_Koelmel	nationality=Germany	group=European Conservatives and Reformists Group
Konecna_K	name=Kateřina Konečná	twitter_handle=Konecna_K	nationality=Czech Republic	group=Confederal Group of the European United Left - Nordic Green Left
adamkosamep	name=Ádám Kósa	twitter_handle=adamkosamep	nationality=Hungary	group=Group of the European People's Party (Christian Democrats)
SteliosKoul	name=Stelios Kouloglou	twitter_handle=SteliosKoul	nationality=Greece	group=Confederal Group of the European United Left - Nordic Green Left
kouroumbashev	name=Peter Kouroumbashev	twitter_handle=kouroumbashev	nationality=Bulgaria	group=Group of the Progressive Alliance of Socialists and Democrats in the European Parliament
andreykovatchev	name=Andrey Kovatchev	twitter_handle=andreykovatchev	nationality=Bulgaria	group=Group of the European People's Party (Christian Democrats)
AKRajewicz	name=Agnieszka Kozłowska-rajewicz	twitter_handle=AKRajewicz	nationality=Poland	group=Group of the European People's Party (Christian Democrats)
ZdzKrasnodebski	name=Zdzisław Krasnodębski	twitter_handle=ZdzKrasnodebski	nationality=Poland	group=European Conservatives and Reformists Group
ConstanzeKrehl	name=Constanze Krehl	twitter_handle=ConstanzeKrehl	nationality=Germany	group=Group of the Progressive Alliance of Socialists and Democrats in the European Parliament
BarbaraKudrycka	name=Barbara Kudrycka	twitter_handle=BarbaraKudrycka	nationality=Poland	group=Group of the European People's Party (Christian Democrats)
WernerKuhnMdEP	name=Werner Kuhn	twitter_handle=WernerKuhnMdEP	nationality=Germany	group=Group of the European People's Party (Christian Democrats)
EduardKukan	name=Eduard Kukan	twitter_handle=EduardKukan	nationality=Slovakia	group=Group of the European People's Party (Christian Democrats)
miapetrakumpula	name=Miapetra Kumpula-natri	twitter_handle=miapetrakumpula	nationality=Finland	group=Group of the Progressive Alliance of Socialists and Democrats in the European Parliament
kkuneva	name=Kostadinka Kuneva	twitter_handle=kkuneva	nationality=Greece	group=Confederal Group of the European United Left - Nordic Green Left
ZbigniewKuzmiuk	name=Zbigniew Kuźmiuk	twitter_handle=ZbigniewKuzmiuk	nationality=Poland	group=European Conservatives and Reformists Group
ckyenge	name=Cécile Kashetu Kyenge	twitter_handle=ckyenge	nationality=Italy	group=Group of the Progressive Alliance of Socialists and Democrats in the European Parliament
KyllonenMerja	name=Merja Kyllönen	twitter_handle=KyllonenMerja	nationality=Finland	group=Confederal Group of the European United Left - Nordic Green Left
miltos_kyrkos	name=Miltiadis Kyrkos	twitter_handle=miltos_kyrkos	nationality=Greece	group=Group of the Progressive Alliance of Socialists and Democrats in the European Parliament
GiorgosKyrtsos	name=Georgios Kyrtsos	twitter_handle=GiorgosKyrtsos	nationality=Greece	group=Group of the European People's Party (Christian Democrats)
ilhankyuchyuk	name=Ilhan Kyuchyuk	twitter_handle=ilhankyuchyuk	nationality=Bulgaria	group=Group of the Alliance of Liberals and Democrats for Europe
giovannilavia	name=Giovanni La Via	twitter_handle=giovannilavia	nationality=Italy	group=Group of the European People's Party (Christian Democrats)
patricialalond2	name=Patricia Lalonde	twitter_handle=patricialalond2	nationality=France	group=Group of the Alliance of Liberals and Democrats for Europe
ALamassoure	name=Alain Lamassoure	twitter_handle=ALamassoure	nationality=France	group=Group of the European People's Party (Christian Democrats)
GreenJeanMEP	name=Jean Lambert	twitter_handle=GreenJeanMEP	nationality=United Kingdom	group=Group of the Greens/European Free Alliance
ph_lamberts	name=Philippe Lamberts	twitter_handle=ph_lamberts	nationality=Belgium	group=Group of the Greens/European Free Alliance
LanciniOscar	name=Danilo Oscar Lancini	twitter_handle=LanciniOscar	nationality=Italy	group=Europe of Nations and Freedom Group
berndlange	name=Bernd Lange	twitter_handle=berndlange	nationality=Germany	group=Group of the Progressive Alliance of Socialists and Democrats in the European Parliament
Esther_de_Lange	name=Esther de Lange	twitter_handle=Esther_de_Lange	nationality=Netherlands	group=Group of the European People's Party (Christian Democrats)
langen_werner	name=Werner Langen	twitter_handle=langen_werner	nationality=Germany	group=Group of the European People's Party (Christian Democrats)
jlavrilleux	name=Jérôme Lavrilleux	twitter_handle=jlavrilleux	nationality=France	group=Group of the European People's Party (Christian Democrats)
PatrickLeHyaric	name=Patrick Le Hyaric	twitter_handle=PatrickLeHyaric	nationality=France	group=Confederal Group of the European United Left - Nordic Green Left
lepenjm	name=Jean-Marie Le Pen	twitter_handle=lepenjm	nationality=France	group=Non-attached Members
Gilles_Lebreton	name=Gilles Lebreton	twitter_handle=Gilles_Lebreton	nationality=France	group=Europe of Nations and Freedom Group
C_Lechevalier14	name=Christelle Lechevalier	twitter_handle=C_Lechevalier14	nationality=France	group=Europe of Nations and Freedom Group
jo_leinen	name=Jo Leinen	twitter_handle=jo_leinen	nationality=Germany	group=Group of the Progressive Alliance of Socialists and Democrats in the European Parliament
jeroen_lenaers	name=Jeroen Lenaers	twitter_handle=jeroen_lenaers	nationality=Netherlands	group=Group of the European People's Party (Christian Democrats)
ileontini	name=Innocenzo Leontini	twitter_handle=ileontini	nationality=Italy	group=Group of the European People's Party (Christian Democrats)
J_Lewandowski	name=Janusz Lewandowski	twitter_handle=J_Lewandowski	nationality=Poland	group=Group of the European People's Party (Christian Democrats)
BLiberadzki	name=Bogusław Liberadzki	twitter_handle=BLiberadzki	nationality=Poland	group=Group of the Progressive Alliance of Socialists and Democrats in the European Parliament
peterliese	name=Peter Liese	twitter_handle=peterliese	nationality=Germany	group=Group of the European People's Party (Christian Democrats)
ArneLietz	name=Arne Lietz	twitter_handle=ArneLietz	nationality=Germany	group=Group of the Progressive Alliance of Socialists and Democrats in the European Parliament
blochbihler	name=Barbara Lochbihler	twitter_handle=blochbihler	nationality=Germany	group=Group of the Greens/European Free Alliance
ph_loiseau	name=Philippe Loiseau	twitter_handle=ph_loiseau	nationality=France	group=Europe of Nations and Freedom Group
Loekkegaard_MEP	name=Morten Løkkegaard	twitter_handle=Loekkegaard_MEP	nationality=Denmark	group=Group of the Alliance of Liberals and Democrats for Europe
SanderLoones	name=Sander Loones	twitter_handle=SanderLoones	nationality=Belgium	group=European Conservatives and Reformists Group
JFLopezAguilar	name=Juan Fernando López Aguilar	twitter_handle=JFLopezAguilar	nationality=Spain	group=Group of the Progressive Alliance of Socialists and Democrats in the European Parliament
palomalopezB	name=Paloma López Bermejo	twitter_handle=palomalopezB	nationality=Spain	group=Confederal Group of the European United Left - Nordic Green Left
fjavilopez	name=Javi López	twitter_handle=fjavilopez	nationality=Spain	group=Group of the Progressive Alliance of Socialists and Democrats in the European Parliament
TonoEPP	name=Antonio López-istúriz White	twitter_handle=TonoEPP	nationality=Spain	group=Group of the European People's Party (Christian Democrats)
BerndLucke	name=Bernd Lucke	twitter_handle=BerndLucke	nationality=Germany	group=European Conservatives and Reformists Group
olleludvigsson	name=Olle Ludvigsson	twitter_handle=olleludvigsson	nationality=Sweden	group=Group of the Progressive Alliance of Socialists and Democrats in the European Parliament
elukacijewska	name=Elżbieta Katarzyna Łukacijewska	twitter_handle=elukacijewska	nationality=Poland	group=Group of the European People's Party (Christian Democrats)
KrystynaLybacka	name=Krystyna Łybacka	twitter_handle=KrystynaLybacka	nationality=Poland	group=Group of the Progressive Alliance of Socialists and Democrats in the European Parliament
MonicaMacovei1	name=Monica Macovei	twitter_handle=MonicaMacovei1	nationality=Romania	group=European Conservatives and Reformists Group
MaleticIvana	name=Ivana Maletić	twitter_handle=MaleticIvana	nationality=Croatia	group=Group of the European People's Party (Christian Democrats)
SvMalinov	name=Svetoslav Hristov Malinov	twitter_handle=SvMalinov	nationality=Bulgaria	group=Group of the European People's Party (Christian Democrats)
curziomaltesetw	name=Curzio Maltese	twitter_handle=curziomaltesetw	nationality=Italy	group=Confederal Group of the European United Left - Nordic Green Left
andrejsmamikins	name=Andrejs Mamikins	twitter_handle=andrejsmamikins	nationality=Latvia	group=Group of the Progressive Alliance of Socialists and Democrats in the European Parliament
lukasmandl	name=Lukas Mandl	twitter_handle=lukasmandl	nationality=Austria	group=Group of the European People's Party (Christian Democrats)
RamonaManescu	name=Ramona Nicole Mănescu	twitter_handle=RamonaManescu	nationality=Romania	group=Group of the European People's Party (Christian Democrats)
ThomasMannEP	name=Thomas Mann	twitter_handle=ThomasMannEP	nationality=Germany	group=Group of the European People's Party (Christian Democrats)
LJManscour	name=Louis-Joseph Manscour	twitter_handle=LJManscour	nationality=France	group=Group of the Progressive Alliance of Socialists and Democrats in the European Parliament
fmarcellesi	name=Florent Marcellesi	twitter_handle=fmarcellesi	nationality=Spain	group=Group of the Greens/European Free Alliance
Notis_Marias	name=Notis Marias	twitter_handle=Notis_Marias	nationality=Greece	group=European Conservatives and Reformists Group
MarianMarinescu	name=Marian-Jean Marinescu	twitter_handle=MarianMarinescu	nationality=Romania	group=Group of the European People's Party (Christian Democrats)
marinhopintoeu	name=António Marinho E Pinto	twitter_handle=marinhopintoeu	nationality=Portugal	group=Group of the Alliance of Liberals and Democrats for Europe
davidmartinmep	name=David Martin	twitter_handle=davidmartinmep	nationality=United Kingdom	group=Group of the Progressive Alliance of Socialists and Democrats in the European Parliament
DMartinFN	name=Dominique Martin	twitter_handle=DMartinFN	nationality=France	group=Europe of Nations and Freedom Group
edouardmartinEU	name=Edouard Martin	twitter_handle=edouardmartinEU	nationality=France	group=Group of the Progressive Alliance of Socialists and Democrats in the European Parliament
fulviomartuscie	name=Fulvio Martusciello	twitter_handle=fulviomartuscie	nationality=Italy	group=Group of the European People's Party (Christian Democrats)
MarusikMichal	name=Michał Marusik	twitter_handle=MarusikMichal	nationality=Poland	group=Europe of Nations and Freedom Group
JiriMastalka	name=Jiří Maštálka	twitter_handle=JiriMastalka	nationality=Czech Republic	group=Confederal Group of the European United Left - Nordic Green Left
BarbaraMatera	name=Barbara Matera	twitter_handle=BarbaraMatera	nationality=Italy	group=Group of the European People's Party (Christian Democrats)
mmatias_	name=Marisa Matias	twitter_handle=mmatias_	nationality=Portugal	group=Confederal Group of the European United Left - Nordic Green Left
GabrielMatoA	name=Gabriel Mato	twitter_handle=GabrielMatoA	nationality=Spain	group=Group of the European People's Party (Christian Democrats)
RMatthewsMEP	name=Rupert Matthews	twitter_handle=RMatthewsMEP	nationality=United Kingdom	group=European Conservatives and Reformists Group
stefanomaullu	name=Stefano Maullu	twitter_handle=stefanomaullu	nationality=Italy	group=Group of the European People's Party (Christian Democrats)
emmanuelmaurel	name=Emmanuel Maurel	twitter_handle=emmanuelmaurel	nationality=France	group=Group of the Progressive Alliance of Socialists and Democrats in the European Parliament
alexlmayer	name=Alex Mayer	twitter_handle=alexlmayer	nationality=United Kingdom	group=Group of the Progressive Alliance of Socialists and Democrats in the European Parliament
georgmayermep	name=Georg Mayer	twitter_handle=georgmayermep	nationality=Austria	group=Europe of Nations and Freedom Group
ValentinasMazu1	name=Valentinas Mazuronis	twitter_handle=ValentinasMazu1	nationality=Lithuania	group=Group of the Alliance of Liberals and Democrats for Europe
davidmcallister	name=McALLISTER David 	twitter_handle=davidmcallister	nationality=Germany	group=Group of the European People's Party (Christian Democrats)
LindaMcAvanMEP	name=McAVAN Linda 	twitter_handle=LindaMcAvanMEP	nationality=United Kingdom	group=Group of the Progressive Alliance of Socialists and Democrats in the European Parliament
EmmaMcClarkin	name=McCLARKIN Emma 	twitter_handle=EmmaMcClarkin	nationality=United Kingdom	group=European Conservatives and Reformists Group
MaireadMcGMEP	name=McGUINNESS Mairead 	twitter_handle=MaireadMcGMEP	nationality=Ireland	group=Group of the European People's Party (Christian Democrats)
anthea_mcintyre	name=McINTYRE Anthea 	twitter_handle=anthea_mcintyre	nationality=United Kingdom	group=European Conservatives and Reformists Group
gesine_meissner	name=Gesine Meissner	twitter_handle=gesine_meissner	nationality=Germany	group=Group of the Alliance of Liberals and Democrats for Europe
JoelleMelinFN	name=Joëlle Mélin	twitter_handle=JoelleMelinFN	nationality=France	group=Europe of Nations and Freedom Group
Nuno_Melo_CDSPP	name=Nuno Melo	twitter_handle=Nuno_Melo_CDSPP	nationality=Portugal	group=Group of the European People's Party (Christian Democrats)
MrMesserschmidt	name=Morten Messerschmidt	twitter_handle=MrMesserschmidt	nationality=Denmark	group=European Conservatives and Reformists Group
MeszericsT	name=Tamás Meszerics	twitter_handle=MeszericsT	nationality=Hungary	group=Group of the Greens/European Free Alliance
RobertaMetsola	name=Roberta Metsola	twitter_handle=RobertaMetsola	nationality=Malta	group=Group of the European People's Party (Christian Democrats)
Joerg_Meuthen	name=Jörg Meuthen	twitter_handle=Joerg_Meuthen	nationality=Germany	group=Europe of Freedom and Direct Democracy Group
LouisMichel	name=Louis Michel	twitter_handle=LouisMichel	nationality=Belgium	group=Group of the Alliance of Liberals and Democrats for Europe
martina_michels	name=Martina Michels	twitter_handle=martina_michels	nationality=Germany	group=Confederal Group of the European United Left - Nordic Green Left
Iskra_Mihaylova	name=Iskra Mihaylova	twitter_handle=Iskra_Mihaylova	nationality=Bulgaria	group=Group of the Alliance of Liberals and Democrats for Europe
miromikolasik	name=Miroslav Mikolášik	twitter_handle=miromikolasik	nationality=Slovakia	group=Group of the European People's Party (Christian Democrats)
MatthijsvMilt	name=Matthijs van Miltenburg	twitter_handle=MatthijsvMilt	nationality=Netherlands	group=Group of the Alliance of Liberals and Democrats for Europe
AnneMarieMineur	name=Anne-Marie Mineur	twitter_handle=AnneMarieMineur	nationality=Netherlands	group=Confederal Group of the European United Left - Nordic Green Left
anamirandapaz	name=Ana Miranda	twitter_handle=anamirandapaz	nationality=Spain	group=Group of the Greens/European Free Alliance
MarleneMizzi	name=Marlene Mizzi	twitter_handle=MarleneMizzi	nationality=Malta	group=Group of the Progressive Alliance of Socialists and Democrats in the European Parliament
AngelikaMlinar	name=Angelika Mlinar	twitter_handle=AngelikaMlinar	nationality=Austria	group=Group of the Alliance of Liberals and Democrats for Europe
NosheenaM	name=Nosheena (Baroness) Mobarik	twitter_handle=NosheenaM	nationality=United Kingdom	group=European Conservatives and Reformists Group
GiuliaMoi_M5S	name=Giulia Moi	twitter_handle=GiuliaMoi_M5S	nationality=Italy	group=Europe of Freedom and Direct Democracy Group
sorinmoisa	name=Sorin Moisă	twitter_handle=sorinmoisa	nationality=Romania	group=Group of the European People's Party (Christian Democrats)
Bernard_Monot	name=Bernard Monot	twitter_handle=Bernard_Monot	nationality=France	group=Europe of Freedom and Direct Democracy Group
cmonteiroaguiar	name=Cláudia Monteiro De Aguiar	twitter_handle=cmonteiroaguiar	nationality=Portugal	group=Group of the European People's Party (Christian Democrats)
Sophie_Montel	name=Sophie Montel	twitter_handle=Sophie_Montel	nationality=France	group=Europe of Freedom and Direct Democracy Group
ClareMoodyMEP	name=Clare Moody	twitter_handle=ClareMoodyMEP	nationality=United Kingdom	group=Group of the Progressive Alliance of Socialists and Democrats in the European Parliament
ClaudeMoraesMEP	name=Claude Moraes	twitter_handle=ClaudeMoraesMEP	nationality=United Kingdom	group=Group of the Progressive Alliance of Socialists and Democrats in the European Parliament
nadine__morano	name=Nadine Morano	twitter_handle=nadine__morano	nationality=France	group=Group of the European People's Party (Christian Democrats)
luigi_morgano	name=Luigi Morgano	twitter_handle=luigi_morgano	nationality=Italy	group=Group of the Progressive Alliance of Socialists and Democrats in the European Parliament
emorinchartier	name=Elisabeth Morin-chartier	twitter_handle=emorinchartier	nationality=France	group=Group of the European People's Party (Christian Democrats)
alessiamosca	name=Alessia Maria Mosca	twitter_handle=alessiamosca	nationality=Italy	group=Group of the Progressive Alliance of Socialists and Democrats in the European Parliament
UliMuellerMdEP	name=Ulrike Müller	twitter_handle=UliMuellerMdEP	nationality=Germany	group=Group of the Alliance of Liberals and Democrats for Europe
SMuresan	name=Siegfried Mureşan	twitter_handle=SMuresan	nationality=Romania	group=Group of the European People's Party (Christian Democrats)
RenaudMuselier	name=Renaud Muselier	twitter_handle=RenaudMuselier	nationality=France	group=Group of the European People's Party (Christian Democrats)
Ale_Mussolini_	name=Alessandra Mussolini	twitter_handle=Ale_Mussolini_	nationality=Italy	group=Group of the European People's Party (Christian Democrats)
C_Nagtegaal	name=Caroline Nagtegaal	twitter_handle=C_Nagtegaal	nationality=Netherlands	group=Group of the Alliance of Liberals and Democrats for Europe
NagyJozsefEU	name=József Nagy	twitter_handle=NagyJozsefEU	nationality=Slovakia	group=Group of the European People's Party (Christian Democrats)
MomchilNekov	name=Momchil Nekov	twitter_handle=MomchilNekov	nationality=Bulgaria	group=Group of the Progressive Alliance of Socialists and Democrats in the European Parliament
LiadhNiRiadaMEP	name=Liadh Ní Riada	twitter_handle=LiadhNiRiadaMEP	nationality=Ireland	group=Confederal Group of the European United Left - Nordic Green Left
JNicholsonMEP	name=James Nicholson	twitter_handle=JNicholsonMEP	nationality=United Kingdom	group=European Conservatives and Reformists Group
Norica_Nicolai	name=Norica Nicolai	twitter_handle=Norica_Nicolai	nationality=Romania	group=Group of the Alliance of Liberals and Democrats for Europe
ANiebler	name=Angelika Niebler	twitter_handle=ANiebler	nationality=Germany	group=Group of the European People's Party (Christian Democrats)
LudekNie	name=Luděk Niedermayer	twitter_handle=LudekNie	nationality=Czech Republic	group=Group of the European People's Party (Christian Democrats)
NiedermullerMEP	name=Péter Niedermüller	twitter_handle=NiedermullerMEP	nationality=Hungary	group=Group of the Progressive Alliance of Socialists and Democrats in the European Parliament
LvNistelrooij	name=Lambert van Nistelrooij	twitter_handle=LvNistelrooij	nationality=Netherlands	group=Group of the European People's Party (Christian Democrats)
AndreyNovakov	name=Andrey Novakov	twitter_handle=AndreyNovakov	nationality=Bulgaria	group=Group of the European People's Party (Christian Democrats)
paulnuttallukip	name=Paul Nuttall	twitter_handle=paulnuttallukip	nationality=United Kingdom	group=Europe of Freedom and Direct Democracy Group
oflynnmep	name=Patrick O'flynn	twitter_handle=oflynnmep	nationality=United Kingdom	group=Europe of Freedom and Direct Democracy Group
franzobermayr	name=Franz Obermayr	twitter_handle=franzobermayr	nationality=Austria	group=Europe of Nations and Freedom Group
JanOlbrycht	name=Jan Olbrycht	twitter_handle=JanOlbrycht	nationality=Poland	group=Group of the European People's Party (Christian Democrats)
younousomarjee	name=Younous Omarjee	twitter_handle=younousomarjee	nationality=France	group=Confederal Group of the European United Left - Nordic Green Left
biuroposelskie	name=Stanisław Ożóg	twitter_handle=biuroposelskie	nationality=Poland	group=European Conservatives and Reformists Group
Pabriks	name=Artis Pabriks	twitter_handle=Pabriks	nationality=Latvia	group=Group of the European People's Party (Christian Democrats)
Urmaspaet	name=Urmas Paet	twitter_handle=Urmaspaet	nationality=Estonia	group=Group of the Alliance of Liberals and Democrats for Europe
maitepagaza	name=Maite Pagazaurtundúa Ruiz	twitter_handle=maitepagaza	nationality=Spain	group=Group of the Alliance of Liberals and Democrats for Europe
RolandasPaksas	name=Rolandas Paksas	twitter_handle=RolandasPaksas	nationality=Lithuania	group=Europe of Freedom and Direct Democracy Group
Rory_Palmer	name=Rory Palmer	twitter_handle=Rory_Palmer	nationality=United Kingdom	group=Group of the Progressive Alliance of Socialists and Democrats in the European Parliament
AntonioPanzeri	name=Pier Antonio Panzeri	twitter_handle=AntonioPanzeri	nationality=Italy	group=Group of the Progressive Alliance of Socialists and Democrats in the European Parliament
MassimoPaolucc6	name=Massimo Paolucci	twitter_handle=MassimoPaolucc6	nationality=Italy	group=Group of the Progressive Alliance of Socialists and Democrats in the European Parliament
DemPapadakis	name=Demetris Papadakis	twitter_handle=DemPapadakis	nationality=Cyprus	group=Group of the Progressive Alliance of Socialists and Democrats in the European Parliament
papadimoulis	name=Dimitrios Papadimoulis	twitter_handle=papadimoulis	nationality=Greece	group=Confederal Group of the European United Left - Nordic Green Left
gillespargneaux	name=Gilles Pargneaux	twitter_handle=gillespargneaux	nationality=France	group=Group of the Progressive Alliance of Socialists and Democrats in the European Parliament
MargotLJParker	name=Margot Parker	twitter_handle=MargotLJParker	nationality=United Kingdom	group=Europe of Freedom and Direct Democracy Group
ioanmirceapascu	name=Ioan Mircea Paşcu	twitter_handle=ioanmirceapascu	nationality=Romania	group=Group of the Progressive Alliance of Socialists and Democrats in the European Parliament
PatricielloAldo	name=Aldo Patriciello	twitter_handle=PatricielloAldo	nationality=Italy	group=Group of the European People's Party (Christian Democrats)
EvaMaydell	name=Eva Paunova	twitter_handle=EvaMaydell	nationality=Bulgaria	group=Group of the European People's Party (Christian Democrats)
PavelEmilian	name=Emilian Pavel	twitter_handle=PavelEmilian	nationality=Romania	group=Group of the Progressive Alliance of Socialists and Democrats in the European Parliament
JTP07	name=Jiří Payne	twitter_handle=JTP07	nationality=Czech Republic	group=Europe of Freedom and Direct Democracy Group
PediciniM5S	name=Piernicola Pedicini	twitter_handle=PediciniM5S	nationality=Italy	group=Europe of Freedom and Direct Democracy Group
Vincent_Peillon	name=Vincent Peillon	twitter_handle=Vincent_Peillon	nationality=France	group=Group of the Progressive Alliance of Socialists and Democrats in the European Parliament
lojzepeterle	name=Alojz Peterle	twitter_handle=lojzepeterle	nationality=Slovenia	group=Group of the European People's Party (Christian Democrats)
mortenhelveg	name=Morten Helveg Petersen	twitter_handle=mortenhelveg	nationality=Denmark	group=Group of the Alliance of Liberals and Democrats for Europe
marijana_petir	name=Marijana Petir	twitter_handle=marijana_petir	nationality=Croatia	group=Group of the European People's Party (Christian Democrats)
f_philippot	name=Florian Philippot	twitter_handle=f_philippot	nationality=France	group=Europe of Freedom and Direct Democracy Group
pinapic	name=Pina Picierno	twitter_handle=pinapic	nationality=Italy	group=Group of the Progressive Alliance of Socialists and Democrats in the European Parliament
TPicula	name=Tonino Picula	twitter_handle=TPicula	nationality=Croatia	group=Group of the Progressive Alliance of Socialists and Democrats in the European Parliament
markuspieperMEP	name=Markus Pieper	twitter_handle=markuspieperMEP	nationality=Germany	group=Group of the European People's Party (Christian Democrats)
spietikainen	name=Sirpa Pietikäinen	twitter_handle=spietikainen	nationality=Finland	group=Group of the European People's Party (Christian Democrats)
JPimentaLopes	name=João Pimenta Lopes	twitter_handle=JPimentaLopes	nationality=Portugal	group=Confederal Group of the European United Left - Nordic Green Left
KatiPiri	name=Kati Piri	twitter_handle=KatiPiri	nationality=Netherlands	group=Group of the Progressive Alliance of Socialists and Democrats in the European Parliament
marek_plura	name=Marek Plura	twitter_handle=marek_plura	nationality=Poland	group=Group of the European People's Party (Christian Democrats)
pavelpoc	name=Pavel Poc	twitter_handle=pavelpoc	nationality=Czech Republic	group=Group of the Progressive Alliance of Socialists and Democrats in the European Parliament
PocheMEP	name=Miroslav Poche	twitter_handle=PocheMEP	nationality=Czech Republic	group=Group of the Progressive Alliance of Socialists and Democrats in the European Parliament
stanislavpolcak	name=Stanislav Polčák	twitter_handle=stanislavpolcak	nationality=Czech Republic	group=Group of the European People's Party (Christian Democrats)
mauriceponga	name=Maurice Ponga	twitter_handle=mauriceponga	nationality=France	group=Group of the European People's Party (Christian Democrats)
RzvanPopa1	name=Răzvan Popa	twitter_handle=RzvanPopa1	nationality=Romania	group=Group of the Progressive Alliance of Socialists and Democrats in the European Parliament
TomaszPoreba	name=Tomasz Piotr Poręba	twitter_handle=TomaszPoreba	nationality=Poland	group=European Conservatives and Reformists Group
Pospisil_Jiri	name=Jiří Pospíšil	twitter_handle=Pospisil_Jiri	nationality=Czech Republic	group=Group of the European People's Party (Christian Democrats)
SorayaPostFi	name=Soraya Post	twitter_handle=SorayaPostFi	nationality=Sweden	group=Group of the Progressive Alliance of Socialists and Democrats in the European Parliament
CDPreda	name=Cristian Dan Preda	twitter_handle=CDPreda	nationality=Romania	group=Group of the European People's Party (Christian Democrats)
MarcusPretzell	name=Marcus Pretzell	twitter_handle=MarcusPretzell	nationality=Germany	group=Europe of Nations and Freedom Group
GabrielePreuss	name=Gabriele Preuss	twitter_handle=GabrielePreuss	nationality=Germany	group=Group of the Progressive Alliance of Socialists and Democrats in the European Parliament
JProcterMEP	name=John Procter	twitter_handle=JProcterMEP	nationality=United Kingdom	group=European Conservatives and Reformists Group
franckproust	name=Franck Proust	twitter_handle=franckproust	nationality=France	group=Group of the European People's Party (Christian Democrats)
CarolinaPunset	name=Carolina Punset	twitter_handle=CarolinaPunset	nationality=Spain	group=Group of the Alliance of Liberals and Democrats for Europe
GQuisthoudt	name=Godelieve Quisthoudt-rowohl	twitter_handle=GQuisthoudt	nationality=Germany	group=Group of the European People's Party (Christian Democrats)
Emil_Radev	name=Emil Radev	twitter_handle=Emil_Radev	nationality=Bulgaria	group=Group of the European People's Party (Christian Democrats)
jozorados	name=Jozo Radoš	twitter_handle=jozorados	nationality=Croatia	group=Group of the Alliance of Liberals and Democrats for Europe
RadtkeMdEP	name=Dennis Radtke	twitter_handle=RadtkeMdEP	nationality=Germany	group=Group of the European People's Party (Christian Democrats)
libertarofuturo	name=Paulo Rangel	twitter_handle=libertarofuturo	nationality=Portugal	group=Group of the European People's Party (Christian Democrats)
LaurRebega	name=Laurenţiu Rebega	twitter_handle=LaurRebega	nationality=Romania	group=European Conservatives and Reformists Group
Senficon	name=Julia Reda	twitter_handle=Senficon	nationality=Germany	group=Group of the Greens/European Free Alliance
Evelyn_Regner	name=Evelyn Regner	twitter_handle=Evelyn_Regner	nationality=Austria	group=Group of the Progressive Alliance of Socialists and Democrats in the European Parliament
julia_reid	name=Julia Reid	twitter_handle=julia_reid	nationality=United Kingdom	group=Europe of Freedom and Direct Democracy Group
michelreimon	name=Michel Reimon	twitter_handle=michelreimon	nationality=Austria	group=Group of the Greens/European Free Alliance
TerryReintke	name=Terry Reintke	twitter_handle=TerryReintke	nationality=Germany	group=Group of the Greens/European Free Alliance
cdallonnes	name=Christine Revault D'allonnes Bonnefoy	twitter_handle=cdallonnes	nationality=France	group=Group of the Progressive Alliance of Socialists and Democrats in the European Parliament
SofiaHRibeiro	name=Sofia Ribeiro	twitter_handle=SofiaHRibeiro	nationality=Portugal	group=Group of the European People's Party (Christian Democrats)
Frederiqueries	name=Frédérique Ries	twitter_handle=Frederiqueries	nationality=Belgium	group=Group of the Alliance of Liberals and Democrats for Europe
DominiqueRiquet	name=Dominique Riquet	twitter_handle=DominiqueRiquet	nationality=France	group=Group of the Alliance of Liberals and Democrats for Europe
MicheleRivasi	name=Michèle Rivasi	twitter_handle=MicheleRivasi	nationality=France	group=Group of the Greens/European Free Alliance
robertrochefort	name=Robert Rochefort	twitter_handle=robertrochefort	nationality=France	group=Group of the Alliance of Liberals and Democrats for Europe
LilianaMEP	name=Liliana Rodrigues	twitter_handle=LilianaMEP	nationality=Portugal	group=Group of the Progressive Alliance of Socialists and Democrats in the European Parliament
MJRodriguesEU	name=Maria João Rodrigues	twitter_handle=MJRodriguesEU	nationality=Portugal	group=Group of the Progressive Alliance of Socialists and Democrats in the European Parliament
RodriguezPinero	name=Inmaculada Rodríguez-piñero Fernández	twitter_handle=RodriguezPinero	nationality=Spain	group=Group of the Progressive Alliance of Socialists and Democrats in the European Parliament
UlrikeRodust	name=Ulrike Rodust	twitter_handle=UlrikeRodust	nationality=Germany	group=Group of the Progressive Alliance of Socialists and Democrats in the European Parliament
rohde_jens	name=Jens Rohde	twitter_handle=rohde_jens	nationality=Denmark	group=Group of the Alliance of Liberals and Democrats for Europe
clauderolin	name=Claude Rolin	twitter_handle=clauderolin	nationality=Belgium	group=Group of the European People's Party (Christian Democrats)
BronisRopeLT	name=Bronis Ropė	twitter_handle=BronisRopeLT	nationality=Lithuania	group=Group of the Greens/European Free Alliance
DariuszRosati	name=Dariusz Rosati	twitter_handle=DariuszRosati	nationality=Poland	group=Group of the European People's Party (Christian Democrats)
VRoziere	name=Virginie Rozière	twitter_handle=VRoziere	nationality=France	group=Group of the Progressive Alliance of Socialists and Democrats in the European Parliament
fernandoruas	name=Fernando Ruas	twitter_handle=fernandoruas	nationality=Portugal	group=Group of the European People's Party (Christian Democrats)
PaulRuebig	name=Paul Rübig	twitter_handle=PaulRuebig	nationality=Austria	group=Group of the European People's Party (Christian Democrats)
PirkkoRL	name=Pirkko Ruohonen-lerner	twitter_handle=PirkkoRL	nationality=Finland	group=European Conservatives and Reformists Group
TokiaSaifi	name=Tokia Saïfi	twitter_handle=TokiaSaifi	nationality=France	group=Group of the European People's Party (Christian Democrats)
SofiaSakorafa	name=Sofia Sakorafa	twitter_handle=SofiaSakorafa	nationality=Greece	group=Confederal Group of the European United Left - Nordic Green Left
MaxSalini	name=Massimiliano Salini	twitter_handle=MaxSalini	nationality=Italy	group=Group of the European People's Party (Christian Democrats)
LolaPodemos	name=Lola Sánchez Caldentey	twitter_handle=LolaPodemos	nationality=Spain	group=Confederal Group of the European United Left - Nordic Green Left
ASanderMEP	name=Anne Sander	twitter_handle=ASanderMEP	nationality=France	group=Group of the European People's Party (Christian Democrats)
SantAlfred	name=Alfred Sant	twitter_handle=SantAlfred	nationality=Malta	group=Group of the Progressive Alliance of Socialists and Democrats in the European Parliament
Manuel___Santos	name=Manuel dos Santos	twitter_handle=Manuel___Santos	nationality=Portugal	group=Group of the Progressive Alliance of Socialists and Democrats in the European Parliament
DacianaSarbu	name=Daciana Octavia Sârbu	twitter_handle=DacianaSarbu	nationality=Romania	group=Group of the Progressive Alliance of Socialists and Democrats in the European Parliament
judithineuropa	name=Judith Sargentini	twitter_handle=judithineuropa	nationality=Netherlands	group=Group of the Greens/European Free Alliance
petrisarvamaa	name=Petri Sarvamaa	twitter_handle=petrisarvamaa	nationality=Finland	group=Group of the European People's Party (Christian Democrats)
JSaryuszWolski	name=Jacek Saryusz-wolski	twitter_handle=JSaryuszWolski	nationality=Poland	group=Non-attached Members
DavidSassoli	name=David-Maria Sassoli	twitter_handle=DavidSassoli	nationality=Italy	group=Group of the Progressive Alliance of Socialists and Democrats in the European Parliament
SaudargasA	name=Algirdas Saudargas	twitter_handle=SaudargasA	nationality=Lithuania	group=Group of the European People's Party (Christian Democrats)
MarietjeSchaake	name=Marietje Schaake	twitter_handle=MarietjeSchaake	nationality=Netherlands	group=Group of the Alliance of Liberals and Democrats for Europe
JLSchaffhauser	name=Jean-Luc Schaffhauser	twitter_handle=JLSchaffhauser	nationality=France	group=Europe of Nations and Freedom Group
SchaldemoseMEP	name=Christel Schaldemose	twitter_handle=SchaldemoseMEP	nationality=Denmark	group=Group of the Progressive Alliance of Socialists and Democrats in the European Parliament
schiderwan	name=Martin Schirdewan	twitter_handle=schiderwan	nationality=Germany	group=Confederal Group of the European United Left - Nordic Green Left
ellyesse	name=Elly Schlein	twitter_handle=ellyesse	nationality=Italy	group=Group of the Progressive Alliance of Socialists and Democrats in the European Parliament
Schmidt_Clau	name=Claudia Schmidt	twitter_handle=Schmidt_Clau	nationality=Austria	group=Group of the European People's Party (Christian Democrats)
HelmutScholzMEP	name=Helmut Scholz	twitter_handle=HelmutScholzMEP	nationality=Germany	group=Confederal Group of the European United Left - Nordic Green Left
schopflinMEP	name=György Schöpflin	twitter_handle=schopflinMEP	nationality=Hungary	group=Group of the European People's Party (Christian Democrats)
AnnieSchreijer	name=Annie Schreijer-pierik	twitter_handle=AnnieSchreijer	nationality=Netherlands	group=Group of the European People's Party (Christian Democrats)
schulzeeuropa	name=Sven Schulze	twitter_handle=schulzeeuropa	nationality=Germany	group=Group of the European People's Party (Christian Democrats)
Andreas_Schwab	name=Andreas Schwab	twitter_handle=Andreas_Schwab	nationality=Germany	group=Group of the European People's Party (Christian Democrats)
MollyScottCato	name=Molly Scott Cato	twitter_handle=MollyScottCato	nationality=United Kingdom	group=Group of the Greens/European Free Alliance
OlgaSehnalova	name=Olga Sehnalová	twitter_handle=OlgaSehnalova	nationality=Czech Republic	group=Group of the Progressive Alliance of Socialists and Democrats in the European Parliament
jasenkos	name=Jasenko Selimovic	twitter_handle=jasenkos	nationality=Sweden	group=Group of the Alliance of Liberals and Democrats for Europe
LidiaSenra	name=Maria Lidia Senra Rodríguez	twitter_handle=LidiaSenra	nationality=Spain	group=Confederal Group of the European United Left - Nordic Green Left
SernagiottoRemo	name=Remo Sernagiotto	twitter_handle=SernagiottoRemo	nationality=Italy	group=European Conservatives and Reformists Group
RSerraoSantos	name=Ricardo Serrão Santos	twitter_handle=RSerraoSantos	nationality=Portugal	group=Group of the Progressive Alliance of Socialists and Democrats in the European Parliament
JSeymourUKIP	name=Jill Seymour	twitter_handle=JSeymourUKIP	nationality=United Kingdom	group=Europe of Freedom and Direct Democracy Group
CzSiekierski	name=Czesław Adam Siekierski	twitter_handle=CzSiekierski	nationality=Poland	group=Group of the European People's Party (Christian Democrats)
PeterSimonMEP	name=Peter Simon	twitter_handle=PeterSimonMEP	nationality=Germany	group=Group of the Progressive Alliance of Socialists and Democrats in the European Parliament
sionsimon	name=Siôn Simon	twitter_handle=sionsimon	nationality=United Kingdom	group=Group of the Progressive Alliance of Socialists and Democrats in the European Parliament
BirgitSippelMEP	name=Birgit Sippel	twitter_handle=BirgitSippelMEP	nationality=Germany	group=Group of the Progressive Alliance of Socialists and Democrats in the European Parliament
BranoSkripek	name=Branislav Škripek	twitter_handle=BranoSkripek	nationality=Slovakia	group=European Conservatives and Reformists Group
DavorSkrlec	name=Davor Škrlec	twitter_handle=DavorSkrlec	nationality=Croatia	group=Group of the Greens/European Free Alliance
AlynSmith	name=Alyn Smith	twitter_handle=AlynSmith	nationality=United Kingdom	group=Group of the Greens/European Free Alliance
SmolkovaMonika	name=Monika Smolková	twitter_handle=SmolkovaMonika	nationality=Slovakia	group=Group of the Progressive Alliance of Socialists and Democrats in the European Parliament
csaba_sogor	name=Csaba Sógor	twitter_handle=csaba_sogor	nationality=Romania	group=Group of the European People's Party (Christian Democrats)
msojdrova	name=Michaela Šojdrová	twitter_handle=msojdrova	nationality=Czech Republic	group=Group of the European People's Party (Christian Democrats)
jordisolef	name=Jordi Solé I Ferrando	twitter_handle=jordisolef	nationality=Spain	group=Group of the Greens/European Free Alliance
isoltesEP	name=Igor Šoltes	twitter_handle=isoltesEP	nationality=Slovenia	group=Group of the Greens/European Free Alliance
MartinSonneborn	name=Martin Sonneborn	twitter_handle=MartinSonneborn	nationality=Germany	group=Non-attached Members
renatosoru	name=Renato Soru	twitter_handle=renatosoru	nationality=Italy	group=Group of the Progressive Alliance of Socialists and Democrats in the European Parliament
D_Sosnierz	name=Dobromir Sośnierz	twitter_handle=D_Sosnierz	nationality=Poland	group=Non-attached Members
MariaSpyraki	name=Maria Spyraki	twitter_handle=MariaSpyraki	nationality=Greece	group=Group of the European People's Party (Christian Democrats)
BartStaes	name=Bart Staes	twitter_handle=BartStaes	nationality=Belgium	group=Group of the Greens/European Free Alliance
SergeiStanishev	name=Sergei Stanishev	twitter_handle=SergeiStanishev	nationality=Bulgaria	group=Group of the Progressive Alliance of Socialists and Democrats in the European Parliament
JStarbatty	name=Joachim Starbatty	twitter_handle=JStarbatty	nationality=Germany	group=European Conservatives and Reformists Group
IvanStefanec	name=Ivan Štefanec	twitter_handle=IvanStefanec	nationality=Slovakia	group=Group of the European People's Party (Christian Democrats)
StetinaEP	name=Jaromír Štětina	twitter_handle=StetinaEP	nationality=Czech Republic	group=Group of the European People's Party (Christian Democrats)
StevensHelga	name=Helga Stevens	twitter_handle=StevensHelga	nationality=Belgium	group=European Conservatives and Reformists Group
C_Stihler_MEP	name=Catherine Stihler	twitter_handle=C_Stihler_MEP	nationality=United Kingdom	group=Group of the Progressive Alliance of Socialists and Democrats in the European Parliament
TheodorStolojan	name=Theodor Dumitru Stolojan	twitter_handle=TheodorStolojan	nationality=Romania	group=Group of the European People's Party (Christian Democrats)
OlafStuger	name=Olaf Stuger	twitter_handle=OlafStuger	nationality=Netherlands	group=Europe of Nations and Freedom Group
dubravkasuica	name=Dubravka Šuica	twitter_handle=dubravkasuica	nationality=Croatia	group=Group of the European People's Party (Christian Democrats)
SulikRichard	name=Richard Sulík	twitter_handle=SulikRichard	nationality=Slovakia	group=European Conservatives and Reformists Group
PatricijaSulin	name=Patricija Šulin	twitter_handle=PatricijaSulin	nationality=Slovenia	group=Group of the European People's Party (Christian Democrats)
1PavelSvoboda	name=Pavel Svoboda	twitter_handle=1PavelSvoboda	nationality=Czech Republic	group=Group of the European People's Party (Christian Democrats)
KaySwinburneMEP	name=Kay Swinburne	twitter_handle=KaySwinburneMEP	nationality=United Kingdom	group=European Conservatives and Reformists Group
sylikiotis	name=Neoklis Sylikiotis	twitter_handle=sylikiotis	nationality=Cyprus	group=Confederal Group of the European United Left - Nordic Green Left
Synadinos_Eleft	name=Eleftherios Synadinos	twitter_handle=Synadinos_Eleft	nationality=Greece	group=Non-attached Members
szanyitibor	name=Tibor Szanyi	twitter_handle=szanyitibor	nationality=Hungary	group=Group of the Progressive Alliance of Socialists and Democrats in the European Parliament
szejnfeld	name=Adam Szejnfeld	twitter_handle=szejnfeld	nationality=Poland	group=Group of the European People's Party (Christian Democrats)
Antonio_Tajani	name=Antonio Tajani	twitter_handle=Antonio_Tajani	nationality=Italy	group=Group of the European People's Party (Christian Democrats)
tamburrano	name=Dario Tamburrano	twitter_handle=tamburrano	nationality=Italy	group=Europe of Freedom and Direct Democracy Group
paultang	name=Paul Tang	twitter_handle=paultang	nationality=Netherlands	group=Group of the Progressive Alliance of Socialists and Democrats in the European Parliament
CharlesTannock	name=Charles Tannock	twitter_handle=CharlesTannock	nationality=United Kingdom	group=European Conservatives and Reformists Group
ClaudiaTapardel	name=Claudia Țapardel	twitter_handle=ClaudiaTapardel	nationality=Romania	group=Group of the Progressive Alliance of Socialists and Democrats in the European Parliament
marctarabella	name=Marc Tarabella	twitter_handle=marctarabella	nationality=Belgium	group=Group of the Progressive Alliance of Socialists and Democrats in the European Parliament
indrektarand	name=Indrek Tarand	twitter_handle=indrektarand	nationality=Estonia	group=Group of the Greens/European Free Alliance
GreenKeithMEP	name=Keith Taylor	twitter_handle=GreenKeithMEP	nationality=United Kingdom	group=Group of the Greens/European Free Alliance
Telicka	name=Pavel Telička	twitter_handle=Telicka	nationality=Czech Republic	group=Group of the Alliance of Liberals and Democrats for Europe
jmterricabras	name=Josep-Maria Terricabras	twitter_handle=jmterricabras	nationality=Spain	group=Group of the Greens/European Free Alliance
THEOCHAROUSE	name=Eleni Theocharous	twitter_handle=THEOCHAROUSE	nationality=Cyprus	group=European Conservatives and Reformists Group
Isabel_thomasEU	name=Isabelle Thomas	twitter_handle=Isabel_thomasEU	nationality=France	group=Group of the Progressive Alliance of Socialists and Democrats in the European Parliament
rozathun	name=Róża Gräfin von Thun Und Hohenstein	twitter_handle=rozathun	nationality=Poland	group=Group of the European People's Party (Christian Democrats)
toiapatrizia	name=Patrizia Toia	twitter_handle=toiapatrizia	nationality=Italy	group=Group of the Progressive Alliance of Socialists and Democrats in the European Parliament
RuzaTomasic	name=Ruža Tomašić	twitter_handle=RuzaTomasic	nationality=Croatia	group=European Conservatives and Reformists Group
RomanaTomc	name=Romana Tomc	twitter_handle=RomanaTomc	nationality=Slovenia	group=Group of the European People's Party (Christian Democrats)
YanaToom	name=Yana Toom	twitter_handle=YanaToom	nationality=Estonia	group=Group of the Alliance of Liberals and Democrats for Europe
etorrespodemos	name=Estefanía Torres Martínez	twitter_handle=etorrespodemos	nationality=Spain	group=Confederal Group of the European United Left - Nordic Green Left
NilsTorvalds	name=Nils Torvalds	twitter_handle=NilsTorvalds	nationality=Finland	group=Group of the Alliance of Liberals and Democrats for Europe
EvzenTosenovsky	name=Evžen Tošenovský	twitter_handle=EvzenTosenovsky	nationality=Czech Republic	group=European Conservatives and Reformists Group
TrebesiusMdEP	name=Ulrike Trebesius	twitter_handle=TrebesiusMdEP	nationality=Germany	group=European Conservatives and Reformists Group
ramontremosa	name=Ramon i Tremosa Balcells	twitter_handle=ramontremosa	nationality=Spain	group=Group of the Alliance of Liberals and Democrats for Europe
Troszczynski_FN	name=Mylène Troszczynski	twitter_handle=Troszczynski_FN	nationality=France	group=Europe of Nations and Freedom Group
HelgaTruepel	name=Helga Trüpel	twitter_handle=HelgaTruepel	nationality=Germany	group=Group of the Greens/European Free Alliance
turcanu2014	name=Mihai Ţurcanu	twitter_handle=turcanu2014	nationality=Romania	group=Group of the European People's Party (Christian Democrats)
kmujazdowski	name=Kazimierz Michał Ujazdowski	twitter_handle=kmujazdowski	nationality=Poland	group=Non-attached Members
istvan_ujhelyi	name=István Ujhelyi	twitter_handle=istvan_ujhelyi	nationality=Hungary	group=Group of the Progressive Alliance of Socialists and Democrats in the European Parliament
maritaulvskog	name=Marita Ulvskog	twitter_handle=maritaulvskog	nationality=Sweden	group=Group of the Progressive Alliance of Socialists and Democrats in the European Parliament
TraianUngureanu	name=Traian Ungureanu	twitter_handle=TraianUngureanu	nationality=Romania	group=Group of the European People's Party (Christian Democrats)
MiguelUrban	name=Miguel Urbán Crespo	twitter_handle=MiguelUrban	nationality=Spain	group=Confederal Group of the European United Left - Nordic Green Left
ernesturtasun	name=Ernest Urtasun	twitter_handle=ernesturtasun	nationality=Spain	group=Group of the Greens/European Free Alliance
urutchev	name=Vladimir Urutchev	twitter_handle=urutchev	nationality=Bulgaria	group=Group of the European People's Party (Christian Democrats)
ViktorUspaskich	name=Viktor Uspaskich	twitter_handle=ViktorUspaskich	nationality=Lithuania	group=Group of the Alliance of Liberals and Democrats for Europe
IneseVaidere	name=Inese Vaidere	twitter_handle=IneseVaidere	nationality=Latvia	group=Group of the European People's Party (Christian Democrats)
ivajgl	name=Ivo Vajgl	twitter_handle=ivajgl	nationality=Slovenia	group=Group of the Alliance of Liberals and Democrats for Europe
RL_Valcarcel	name=Ramón Luis Valcárcel Siso	twitter_handle=RL_Valcarcel	nationality=Spain	group=Group of the European People's Party (Christian Democrats)
AdinaValean	name=Adina-Ioana Vălean	twitter_handle=AdinaValean	nationality=Romania	group=Group of the European People's Party (Christian Democrats)
ElenaValenciano	name=Elena Valenciano	twitter_handle=ElenaValenciano	nationality=Spain	group=Group of the Progressive Alliance of Socialists and Democrats in the European Parliament
bodilvalero	name=Bodil Valero	twitter_handle=bodilvalero	nationality=Sweden	group=Group of the Greens/European Free Alliance
MarcoValliM5S	name=Marco Valli	twitter_handle=MarcoValliM5S	nationality=Italy	group=Europe of Freedom and Direct Democracy Group
AngelaVallina	name=Ángela Vallina	twitter_handle=AngelaVallina	nationality=Spain	group=Confederal Group of the European United Left - Nordic Green Left
anneleen_vb	name=Anneleen Van Bossuyt	twitter_handle=anneleen_vb	nationality=Belgium	group=European Conservatives and Reformists Group
kvanbrempt	name=Kathleen Van Brempt	twitter_handle=kvanbrempt	nationality=Belgium	group=Group of the Progressive Alliance of Socialists and Democrats in the European Parliament
GVOMEP	name=Geoffrey Van Orden	twitter_handle=GVOMEP	nationality=United Kingdom	group=European Conservatives and Reformists Group
MonikaVana	name=Monika Vana	twitter_handle=MonikaVana	nationality=Austria	group=Group of the Greens/European Free Alliance
tomvdkendelaere	name=Tom Vandenkendelaere	twitter_handle=tomvdkendelaere	nationality=Belgium	group=Group of the European People's Party (Christian Democrats)
derekvaughan	name=Derek Vaughan	twitter_handle=derekvaughan	nationality=United Kingdom	group=Group of the Progressive Alliance of Socialists and Democrats in the European Parliament
hildevautmans	name=Hilde Vautmans	twitter_handle=hildevautmans	nationality=Belgium	group=Group of the Alliance of Liberals and Democrats for Europe
mirjavehkapera	name=Mirja Vehkaperä	twitter_handle=mirjavehkapera	nationality=Finland	group=Group of the Alliance of Liberals and Democrats for Europe
SophieintVeld	name=Sophia in 't Veld	twitter_handle=SophieintVeld	nationality=Netherlands	group=Group of the Alliance of Liberals and Democrats for Europe
MCVergiat	name=Marie-Christine Vergiat	twitter_handle=MCVergiat	nationality=France	group=Confederal Group of the European United Left - Nordic Green Left
sabineverheyen	name=Sabine Verheyen	twitter_handle=sabineverheyen	nationality=Germany	group=Group of the European People's Party (Christian Democrats)
guyverhofstadt	name=Guy Verhofstadt	twitter_handle=guyverhofstadt	nationality=Belgium	group=Group of the Alliance of Liberals and Democrats for Europe
MiguelViegasPCP	name=Miguel Viegas	twitter_handle=MiguelViegasPCP	nationality=Portugal	group=Confederal Group of the European United Left - Nordic Green Left
mariepierrevieu	name=Marie-Pierre Vieu	twitter_handle=mariepierrevieu	nationality=France	group=Confederal Group of the European United Left - Nordic Green Left
vilimsky	name=Harald Vilimsky	twitter_handle=vilimsky	nationality=Austria	group=Europe of Nations and Freedom Group
danieleviotti	name=Daniele Viotti	twitter_handle=danieleviotti	nationality=Italy	group=Group of the Progressive Alliance of Socialists and Democrats in the European Parliament
HennaVirkkunen	name=Henna Virkkunen	twitter_handle=HennaVirkkunen	nationality=Finland	group=Group of the European People's Party (Christian Democrats)
AndersVistisen	name=Anders Primdahl Vistisen	twitter_handle=AndersVistisen	nationality=Denmark	group=European Conservatives and Reformists Group
udovoigt	name=Udo Voigt	twitter_handle=udovoigt	nationality=Germany	group=Non-attached Members
AxelVossMdEP	name=Axel Voss	twitter_handle=AxelVossMdEP	nationality=Germany	group=Group of the European People's Party (Christian Democrats)
vozemberg	name=Elissavet Vozemberg-vrionidi	twitter_handle=vozemberg	nationality=Greece	group=Group of the European People's Party (Christian Democrats)
WalesaMEP	name=Jarosław Wałęsa	twitter_handle=WalesaMEP	nationality=Poland	group=Group of the European People's Party (Christian Democrats)
julie4nw	name=Julie Ward	twitter_handle=julie4nw	nationality=United Kingdom	group=Group of the Progressive Alliance of Socialists and Democrats in the European Parliament
ManfredWeber	name=Manfred Weber	twitter_handle=ManfredWeber	nationality=Germany	group=Group of the European People's Party (Christian Democrats)
renateweber	name=Renate Weber	twitter_handle=renateweber	nationality=Romania	group=Group of the Alliance of Liberals and Democrats for Europe
Weidenholzer	name=Josef Weidenholzer	twitter_handle=Weidenholzer	nationality=Austria	group=Group of the Progressive Alliance of Socialists and Democrats in the European Parliament
jakob_eu	name=Jakob von Weizsäcker	twitter_handle=jakob_eu	nationality=Germany	group=Group of the Progressive Alliance of Socialists and Democrats in the European Parliament
MartinaWernerEU	name=Martina Werner	twitter_handle=MartinaWernerEU	nationality=Germany	group=Group of the Progressive Alliance of Socialists and Democrats in the European Parliament
WestphalKerstin	name=Kerstin Westphal	twitter_handle=WestphalKerstin	nationality=Germany	group=Group of the Progressive Alliance of Socialists and Democrats in the European Parliament
LieveWierinck	name=Lieve Wierinck	twitter_handle=LieveWierinck	nationality=Belgium	group=Group of the Alliance of Liberals and Democrats for Europe
CeciliaWikstrom	name=Cecilia Wikström	twitter_handle=CeciliaWikstrom	nationality=Sweden	group=Group of the Alliance of Liberals and Democrats for Europe
KristinaWinberg	name=Kristina Winberg	twitter_handle=KristinaWinberg	nationality=Sweden	group=Europe of Freedom and Direct Democracy Group
IuliuWinkler	name=Iuliu Winkler	twitter_handle=IuliuWinkler	nationality=Romania	group=Group of the European People's Party (Christian Democrats)
j_wisniewska	name=Jadwiga Wiśniewska	twitter_handle=j_wisniewska	nationality=Poland	group=European Conservatives and Reformists Group
woelken	name=Tiemo Wölken	twitter_handle=woelken	nationality=Germany	group=Group of the Progressive Alliance of Socialists and Democrats in the European Parliament
Steven_Woolfe	name=Steven Woolfe	twitter_handle=Steven_Woolfe	nationality=United Kingdom	group=Non-attached Members
AnnaZaborska	name=Anna Záborská	twitter_handle=AnnaZaborska	nationality=Slovakia	group=Group of the European People's Party (Christian Democrats)
ZahradilJan	name=Jan Zahradil	twitter_handle=ZahradilJan	nationality=Czech Republic	group=European Conservatives and Reformists Group
zalaboris	name=Boris Zala	twitter_handle=zalaboris	nationality=Slovakia	group=Group of the Progressive Alliance of Socialists and Democrats in the European Parliament
FrancisZD	name=Francis Zammit Dimech	twitter_handle=FrancisZD	nationality=Malta	group=Group of the European People's Party (Christian Democrats)
Marcozanni86	name=Marco Zanni	twitter_handle=Marcozanni86	nationality=Italy	group=Europe of Nations and Freedom Group
flaviozanonato	name=Flavio Zanonato	twitter_handle=flaviozanonato	nationality=Italy	group=Group of the Progressive Alliance of Socialists and Democrats in the European Parliament
TomZdechovsky	name=Tomáš Zdechovský	twitter_handle=TomZdechovsky	nationality=Czech Republic	group=Group of the European People's Party (Christian Democrats)
BZdrojewski	name=Bogdan Andrzej Zdrojewski	twitter_handle=BZdrojewski	nationality=Poland	group=Group of the European People's Party (Christian Democrats)
joachimzeller	name=Joachim Zeller	twitter_handle=joachimzeller	nationality=Germany	group=Group of the European People's Party (Christian Democrats)
JanuszZemke	name=Janusz Zemke	twitter_handle=JanuszZemke	nationality=Poland	group=Group of the Progressive Alliance of Socialists and Democrats in the European Parliament
robertszile	name=Roberts Zīle	twitter_handle=robertszile	nationality=Latvia	group=European Conservatives and Reformists Group
GabiZimmerMEP	name=Gabriele Zimmer	twitter_handle=GabiZimmerMEP	nationality=Germany	group=Confederal Group of the European United Left - Nordic Green Left
JanaZitnanska	name=Jana Žitňanská	twitter_handle=JanaZitnanska	nationality=Slovakia	group=European Conservatives and Reformists Group
KosmaZlotowski	name=Kosma Złotowski	twitter_handle=KosmaZlotowski	nationality=Poland	group=European Conservatives and Reformists Group
gabriela_zoana	name=Maria Gabriela Zoană	twitter_handle=gabriela_zoana	nationality=Romania	group=Group of the Progressive Alliance of Socialists and Democrats in the European Parliament
DamianoZoffoli	name=Damiano Zoffoli	twitter_handle=DamianoZoffoli	nationality=Italy	group=Group of the Progressive Alliance of Socialists and Democrats in the European Parliament
czorrinho	name=Carlos Zorrinho	twitter_handle=czorrinho	nationality=Portugal	group=Group of the Progressive Alliance of Socialists and Democrats in the European Parliament
ZeljanaZovko	name=Željana Zovko	twitter_handle=ZeljanaZovko	nationality=Croatia	group=Group of the European People's Party (Christian Democrats)
MarcoZullo	name=Marco Zullo	twitter_handle=MarcoZullo	nationality=Italy	group=Europe of Freedom and Direct Democracy Group
MilanZver	name=Milan Zver	twitter_handle=MilanZver	nationality=Slovenia	group=Group of the European People's Party (Christian Democrats)
TadeuszZwiefka	name=Tadeusz Zwiefka	twitter_handle=TadeuszZwiefka	nationality=Poland	group=Group of the European People's Party (Christian Democrats)
