100260784	name=Iain Stewart	twitter_handle=iainastewart	twitter_id=100260784	gender=male	ethnicity=white	orientation=lgbt	constituency=Milton Keynes South	party=Conservative Party
100520303	name=Bill Cash	twitter_handle=BillCashMP	twitter_id=100520303	gender=male	ethnicity=white	orientation=straight	constituency=Stone	party=Conservative Party
101712079	name=George Freeman	twitter_handle=Freeman_George	twitter_id=101712079	gender=male	ethnicity=white	orientation=straight	constituency=Mid Norfolk	party=Conservative Party
103065157	name=David Cameron	twitter_handle=David_Cameron	twitter_id=103065157	gender=male	ethnicity=white	orientation=unknown	constituency=Witney	party=Conservative Party
103879974	name=Geoffrey Cox	twitter_handle=Geoffrey_Cox	twitter_id=103879974	gender=male	ethnicity=white	orientation=straight	constituency=Torridge and West Devon	party=Conservative Party
1067829343	name=Jack Lopresti	twitter_handle=JackLoprestiMP	twitter_id=1067829343	gender=male	ethnicity=white	orientation=straight	constituency=Filton and Bradley Stoke	party=Conservative Party
108587399	name=Tim Loughton	twitter_handle=timloughton	twitter_id=108587399	gender=male	ethnicity=white	orientation=straight	constituency=East Worthing and Shoreham	party=Conservative Party
108935576	name=Gerald Howarth	twitter_handle=geraldhowarth	twitter_id=108935576	gender=male	ethnicity=unknown	orientation=unknown	constituency=Aldershot	party=Conservative Party
110405901	name=Peter Bottomley	twitter_handle=PBottomleyMP	twitter_id=110405901	gender=male	ethnicity=white	orientation=straight	constituency=Worthing West	party=Conservative Party
111013369	name=Nick Herbert	twitter_handle=nickherbertmp	twitter_id=111013369	gender=male	ethnicity=unknown	orientation=unknown	constituency=Arundel and South Downs	party=Conservative Party
112398730	name=Jeremy Hunt	twitter_handle=Jeremy_Hunt	twitter_id=112398730	gender=male	ethnicity=white	orientation=straight	constituency=South West Surrey	party=Conservative Party
1133305785910550528	name=Iain Duncan Smith	twitter_handle=MPIainDS	twitter_id=1133305785910550528	gender=male	ethnicity=white	orientation=straight	constituency=Chingford and Woodford Green	party=Conservative Party
114704539	name=Alan Duncan	twitter_handle=alanduncanmp	twitter_id=114704539	gender=male	ethnicity=unknown	orientation=unknown	constituency=Rutland and Melton	party=Conservative Party
11564602	name=Steve Brine	twitter_handle=sbrine	twitter_id=11564602	gender=male	ethnicity=white	orientation=straight	constituency=Winchester	party=Conservative Party
881460664270761984	name=Steve Brine	twitter_handle=sbrine	twitter_id=881460664270761984	gender=male	ethnicity=white	orientation=straight	constituency=Winchester	party=Conservative Party
119074643	name=Richard Benyon	twitter_handle=RichardBenyonMP	twitter_id=119074643	gender=male	ethnicity=unknown	orientation=unknown	constituency=Newbury	party=Conservative Party
9260332	name=Nigel Evans	twitter_handle=nigelmp	twitter_id=9260332	gender=male	ethnicity=white	orientation=lgbt	constituency=Ribble Valley	party=Conservative Party
9260332	name=Nigel Evans	twitter_handle=nigelmp	twitter_id=9260332	gender=male	ethnicity=white	orientation=lgbt	constituency=Ribble Valley	party=Independent
9260332	name=Nigel Evans	twitter_handle=nigelmp	twitter_id=9260332	gender=male	ethnicity=white	orientation=lgbt	constituency=Ribble Valley	party=Conservative Party
121127090	name=Nadhim Zahawi	twitter_handle=nadhimzahawi	twitter_id=121127090	gender=male	ethnicity=minority	orientation=straight	constituency=Stratford-on-Avon	party=Conservative Party
1225696320	name=George Osborne	twitter_handle=George_Osborne	twitter_id=1225696320	gender=male	ethnicity=white	orientation=unknown	constituency=Tatton	party=Conservative Party
124170781	name=James Duddridge	twitter_handle=JamesDuddridge	twitter_id=124170781	gender=male	ethnicity=white	orientation=straight	constituency=Rochford and Southend East	party=Conservative Party
125270251	name=Greg Hands	twitter_handle=GregHands	twitter_id=125270251	gender=male	ethnicity=white	orientation=straight	constituency=Chelsea and Fulham	party=Conservative Party
125312818	name=Philip Davies	twitter_handle=PhilipDaviesUK	twitter_id=125312818	gender=male	ethnicity=white	orientation=straight	constituency=Shipley	party=Conservative Party
129569947	name=John Whittingdale	twitter_handle=JWhittingdale	twitter_id=129569947	gender=male	ethnicity=white	orientation=straight	constituency=Maldon	party=Conservative Party
130092487	name=Alec Shelbrooke	twitter_handle=AlecShelbrooke	twitter_id=130092487	gender=male	ethnicity=white	orientation=straight	constituency=Elmet and Rothwell	party=Conservative Party
131120978	name=Jonathan Djanogly	twitter_handle=JDjanogly	twitter_id=131120978	gender=male	ethnicity=white	orientation=straight	constituency=Huntingdon	party=Conservative Party
131517399	name=Andrew Stephenson	twitter_handle=Andrew4Pendle	twitter_id=131517399	gender=male	ethnicity=white	orientation=straight	constituency=Pendle	party=Conservative Party
3031080322	name=Eleanor Laing	twitter_handle=EleanorLaingMP	twitter_id=3031080322	gender=female	ethnicity=white	orientation=straight	constituency=Epping Forest	party=Conservative Party
1371972630	name=Andrew Tyrie	twitter_handle=ChichesterCA	twitter_id=1371972630	gender=male	ethnicity=unknown	orientation=unknown	constituency=Chichester	party=Conservative Party
14104027	name=Grant Shapps	twitter_handle=grantshapps	twitter_id=14104027	gender=male	ethnicity=white	orientation=straight	constituency=Welwyn Hatfield	party=Conservative Party
14284260	name=Robert Buckland	twitter_handle=RobertBuckland	twitter_id=14284260	gender=male	ethnicity=white	orientation=straight	constituency=South Swindon	party=Conservative Party
143386976	name=Guy Opperman	twitter_handle=GuyOpperman	twitter_id=143386976	gender=male	ethnicity=white	orientation=straight	constituency=Hexham	party=Conservative Party
143405324	name=Ben Wallace	twitter_handle=BWallaceMP	twitter_id=143405324	gender=male	ethnicity=white	orientation=straight	constituency=Wyre and Preston North	party=Conservative Party
14395178	name=Graham Stuart	twitter_handle=grahamstuart	twitter_id=14395178	gender=male	ethnicity=white	orientation=straight	constituency=Beverley and Holderness	party=Conservative Party
1442028488	name=Simon Hart	twitter_handle=Simonhartmp	twitter_id=1442028488	gender=male	ethnicity=white	orientation=straight	constituency=Carmarthen West and South Pembrokeshire	party=Conservative Party
144929619	name=Nick Hurd	twitter_handle=NickHurdUK	twitter_id=144929619	gender=male	ethnicity=unknown	orientation=unknown	constituency=Ruislip, Northwood and Pinner	party=Conservative Party
14561015	name=Damian Hinds	twitter_handle=DamianHinds	twitter_id=14561015	gender=male	ethnicity=white	orientation=straight	constituency=East Hampshire	party=Conservative Party
1469686752	name=Marcus Jones	twitter_handle=MarcusJonesMP	twitter_id=1469686752	gender=male	ethnicity=white	orientation=straight	constituency=Nuneaton	party=Conservative Party
14728535	name=Mike Wood	twitter_handle=mikejwood	twitter_id=14728535	gender=male	ethnicity=white	orientation=straight	constituency=Batley and Spen	party=Conservative Party
14758838	name=Damian Collins	twitter_handle=DamianCollins	twitter_id=14758838	gender=male	ethnicity=white	orientation=straight	constituency=Folkestone and Hythe	party=Conservative Party
15133808	name=Paul Maynard	twitter_handle=PaulMaynardUK	twitter_id=15133808	gender=male	ethnicity=white	orientation=straight	constituency=Blackpool North and Cleveleys	party=Conservative Party
15157283	name=Steve Baker	twitter_handle=SteveBakerHW	twitter_id=15157283	gender=male	ethnicity=white	orientation=straight	constituency=Wycombe	party=Conservative Party
1530621674	name=Richard Graham	twitter_handle=RichardGrahamUK	twitter_id=1530621674	gender=male	ethnicity=white	orientation=straight	constituency=Gloucester	party=Conservative Party
15453062	name=Greg Knight	twitter_handle=gregknightmp	twitter_id=15453062	gender=male	ethnicity=white	orientation=straight	constituency=East Yorkshire	party=Conservative Party
154943205	name=Mark Spencer	twitter_handle=Mark_Spencer	twitter_id=154943205	gender=male	ethnicity=white	orientation=straight	constituency=Sherwood	party=Conservative Party
155892458	name=James Morris	twitter_handle=JamesMorris	twitter_id=155892458	gender=male	ethnicity=white	orientation=straight	constituency=Halesowen and Rowley Regis	party=Conservative Party
158315486	name=John Penrose	twitter_handle=johnpenrosenews	twitter_id=158315486	gender=male	ethnicity=white	orientation=straight	constituency=Weston-Super-Mare	party=Conservative Party
160856730	name=James Wharton	twitter_handle=jameswhartonuk	twitter_id=160856730	gender=male	ethnicity=unknown	orientation=unknown	constituency=Stockton South	party=Conservative Party
1633543440	name=Desmond Swayne	twitter_handle=DesmondSwayne	twitter_id=1633543440	gender=male	ethnicity=white	orientation=straight	constituency=New Forest West	party=Conservative Party
1645585171	name=David Mowat	twitter_handle=mowat4ws	twitter_id=1645585171	gender=male	ethnicity=unknown	orientation=unknown	constituency=Warrington South	party=Conservative Party
1650144662	name=Philip Dunne	twitter_handle=Dunne4Ludlow	twitter_id=1650144662	gender=male	ethnicity=white	orientation=straight	constituency=Ludlow	party=Conservative Party
166598394	name=Christopher Pincher	twitter_handle=ChrisPincher	twitter_id=166598394	gender=male	ethnicity=white	orientation=straight	constituency=Tamworth	party=Conservative Party
16884084	name=Brandon Lewis	twitter_handle=BrandonLewis	twitter_id=16884084	gender=male	ethnicity=white	orientation=straight	constituency=Great Yarmouth	party=Conservative Party
16970757	name=David Jones	twitter_handle=DavidJonesMP	twitter_id=16970757	gender=male	ethnicity=white	orientation=straight	constituency=Clwyd West	party=Conservative Party
17298241	name=David Evennett	twitter_handle=DavidEvennett	twitter_id=17298241	gender=male	ethnicity=white	orientation=straight	constituency=Bexleyheath and Crayford	party=Conservative Party
1731554581	name=Alok Sharma	twitter_handle=AlokSharma_RDG	twitter_id=1731554581	gender=male	ethnicity=minority	orientation=straight	constituency=Reading West	party=Conservative Party
175005016	name=Mark Lancaster	twitter_handle=MarkLancasterMK	twitter_id=175005016	gender=male	ethnicity=unknown	orientation=unknown	constituency=Milton Keynes North	party=Conservative Party
18096679	name=Ed Vaizey	twitter_handle=edvaizey	twitter_id=18096679	gender=male	ethnicity=white	orientation=unknown	constituency=Wantage	party=Conservative Party
18627119	name=Sheryll Murray	twitter_handle=sheryllmurray	twitter_id=18627119	gender=female	ethnicity=white	orientation=straight	constituency=South East Cornwall	party=Conservative Party
187632184	name=David Morris	twitter_handle=davidmorrisml	twitter_id=187632184	gender=male	ethnicity=white	orientation=straight	constituency=Morecambe and Lunesdale	party=Conservative Party
19058678	name=Michael Fabricant	twitter_handle=Mike_Fabricant	twitter_id=19058678	gender=male	ethnicity=white	orientation=straight	constituency=Lichfield	party=Conservative Party
19087569	name=Pauline Latham	twitter_handle=Pauline_Latham	twitter_id=19087569	gender=female	ethnicity=white	orientation=straight	constituency=Mid Derbyshire	party=Conservative Party
19177609	name=Harriett Baldwin	twitter_handle=hbaldwin	twitter_id=19177609	gender=female	ethnicity=white	orientation=straight	constituency=West Worcestershire	party=Conservative Party
1933709341	name=Andrew Turner	twitter_handle=TheIslandsMP	twitter_id=1933709341	gender=male	ethnicity=unknown	orientation=unknown	constituency=Isle of Wight	party=Conservative Party
19589280	name=David Mundell	twitter_handle=DavidMundellDCT	twitter_id=19589280	gender=male	ethnicity=white	orientation=lgbt	constituency=Dumfriesshire, Clydesdale and Tweeddale	party=Conservative Party
19619404	name=Jason McCartney	twitter_handle=jasonmccartney	twitter_id=19619404	gender=male	ethnicity=white	orientation=straight	constituency=Colne Valley	party=Conservative Party
1978270322	name=Robin Walker	twitter_handle=walkerworcester	twitter_id=1978270322	gender=male	ethnicity=white	orientation=straight	constituency=Worcester	party=Conservative Party
19825835	name=Matthew Hancock	twitter_handle=matthancockmp	twitter_id=19825835	gender=male	ethnicity=white	orientation=straight	constituency=West Suffolk	party=Conservative Party
19858924	name=Michael Ellis	twitter_handle=Michael_Ellis1	twitter_id=19858924	gender=male	ethnicity=white	orientation=straight	constituency=Northampton North	party=Conservative Party
20052899	name=Sajid Javid	twitter_handle=sajidjavid	twitter_id=20052899	gender=male	ethnicity=minority	orientation=straight	constituency=Bromsgrove	party=Conservative Party
20132840	name=Andrew Rosindell	twitter_handle=AndrewRosindell	twitter_id=20132840	gender=male	ethnicity=white	orientation=straight	constituency=Romford	party=Conservative Party
20226550	name=Mark Garnier	twitter_handle=Mark4WyreForest	twitter_id=20226550	gender=male	ethnicity=white	orientation=straight	constituency=Wyre Forest	party=Conservative Party
20424362	name=Stuart Andrew	twitter_handle=stuartandrew	twitter_id=20424362	gender=male	ethnicity=white	orientation=lgbt	constituency=Pudsey	party=Conservative Party
206263631	name=Oliver Heald	twitter_handle=oliverhealdmp	twitter_id=206263631	gender=male	ethnicity=white	orientation=straight	constituency=North East Hertfordshire	party=Conservative Party
209029473	name=Caroline Nokes	twitter_handle=carolinenokes	twitter_id=209029473	gender=female	ethnicity=white	orientation=straight	constituency=Romsey and Southampton North	party=Conservative Party
217148014	name=Jake Berry	twitter_handle=JakeBerry	twitter_id=217148014	gender=male	ethnicity=white	orientation=straight	constituency=Rossendale and Darwen	party=Conservative Party
21744895	name=Heather Wheeler	twitter_handle=HeatherWheeler	twitter_id=21744895	gender=female	ethnicity=white	orientation=straight	constituency=South Derbyshire	party=Conservative Party
219330249	name=Tessa Munt	twitter_handle=tessamunt	twitter_id=219330249	gender=female	ethnicity=unknown	orientation=unknown	constituency=Wells	party=Conservative Party
2202981242	name=Robert Syms	twitter_handle=robertsymsMP	twitter_id=2202981242	gender=male	ethnicity=white	orientation=straight	constituency=Poole	party=Conservative Party
22031058	name=Adam Afriyie	twitter_handle=AdamAfriyie	twitter_id=22031058	gender=male	ethnicity=minority	orientation=straight	constituency=Windsor	party=Conservative Party
22159580	name=Zac Goldsmith	twitter_handle=ZacGoldsmith	twitter_id=22159580	gender=male	ethnicity=unknown	orientation=unknown	constituency=Richmond Park	party=Conservative Party
222762589	name=Bernard Jenkin	twitter_handle=bernardjenkin	twitter_id=222762589	gender=male	ethnicity=white	orientation=straight	constituency=Harwich and North Essex	party=Conservative Party
2271025438	name=Bob Neill	twitter_handle=neill_bob	twitter_id=2271025438	gender=male	ethnicity=white	orientation=straight	constituency=Bromley and Chislehurst	party=Conservative Party
2286550590	name=Daniel Kawczynski	twitter_handle=DKShrewsbury	twitter_id=2286550590	gender=male	ethnicity=white	orientation=lgbt	constituency=Shrewsbury and Atcham	party=Conservative Party
2323710210	name=Robert Jenrick	twitter_handle=RobertJenrick	twitter_id=2323710210	gender=male	ethnicity=white	orientation=straight	constituency=Newark	party=Conservative Party
2363670413	name=Nicholas Soames	twitter_handle=nsoamesmp	twitter_id=2363670413	gender=male	ethnicity=unknown	orientation=unknown	constituency=Mid Sussex	party=Conservative Party
236395049	name=Matthew Offord	twitter_handle=Offord4Hendon	twitter_id=236395049	gender=male	ethnicity=white	orientation=straight	constituency=Hendon	party=Conservative Party
2370680635	name=Edward Garnier	twitter_handle=EGarnierMP	twitter_id=2370680635	gender=male	ethnicity=unknown	orientation=unknown	constituency=Harborough	party=Conservative Party
24727170	name=Helen Grant	twitter_handle=HelenGrantMP	twitter_id=24727170	gender=female	ethnicity=minority	orientation=straight	constituency=Maidstone and The Weald	party=Conservative Party
250311545	name=Justin Tomlinson	twitter_handle=JTomlinsonMP	twitter_id=250311545	gender=male	ethnicity=white	orientation=straight	constituency=North Swindon	party=Conservative Party
255998767	name=Peter Aldous	twitter_handle=peter_aldous	twitter_id=255998767	gender=male	ethnicity=white	orientation=straight	constituency=Waveney	party=Conservative Party
2660755152	name=Owen Paterson	twitter_handle=Owen_PatersonMP	twitter_id=2660755152	gender=male	ethnicity=white	orientation=straight	constituency=North Shropshire	party=Conservative Party
26796376	name=Karl McCartney	twitter_handle=karlmccartney	twitter_id=26796376	gender=male	ethnicity=white	orientation=straight	constituency=Lincoln	party=Conservative Party
269788397	name=Stephen Barclay	twitter_handle=SteveBarclay	twitter_id=269788397	gender=male	ethnicity=white	orientation=straight	constituency=North East Cambridgeshire	party=Conservative Party
2787943494	name=Jonathan Lord	twitter_handle=JonathanLord	twitter_id=2787943494	gender=male	ethnicity=white	orientation=straight	constituency=Woking	party=Conservative Party
2795272097	name=Laurence Robertson	twitter_handle=lrobertsonTewks	twitter_id=2795272097	gender=male	ethnicity=white	orientation=straight	constituency=Tewkesbury	party=Conservative Party
2797521996	name=David Davis	twitter_handle=daviddavismp	twitter_id=2797521996	gender=male	ethnicity=white	orientation=straight	constituency=Haltemprice and Howden	party=Conservative Party
28087982	name=Ben Gummer	twitter_handle=ben4ipswich	twitter_id=28087982	gender=male	ethnicity=white	orientation=unknown	constituency=Ipswich	party=Conservative Party
2863865170	name=Rehman Chishti	twitter_handle=Rehman_Chishti	twitter_id=2863865170	gender=male	ethnicity=minority	orientation=straight	constituency=Gillingham and Rainham	party=Conservative Party
295807687	name=Cheryl Gillan	twitter_handle=CherylGillan	twitter_id=295807687	gender=female	ethnicity=white	orientation=straight	constituency=Chesham and Amersham	party=Conservative Party
3036280263	name=Nick Gibb	twitter_handle=NickGibbUK	twitter_id=3036280263	gender=male	ethnicity=white	orientation=lgbt	constituency=Bognor Regis and Littlehampton	party=Conservative Party
309587728	name=Andrew Bridgen	twitter_handle=AndrewBridgenMP	twitter_id=309587728	gender=male	ethnicity=white	orientation=straight	constituency=North West Leicestershire	party=Conservative Party
3144626321	name=Patrick McLoughlin	twitter_handle=Patrick4Dales	twitter_id=3144626321	gender=male	ethnicity=unknown	orientation=unknown	constituency=Derbyshire Dales	party=Conservative Party
3164087579	name=Neil Parish	twitter_handle=neil_parish	twitter_id=3164087579	gender=male	ethnicity=white	orientation=straight	constituency=Tiverton and Honiton	party=Conservative Party
3183943337	name=Mel Stride	twitter_handle=MelJStride	twitter_id=3183943337	gender=male	ethnicity=white	orientation=straight	constituency=Central Devon	party=Conservative Party
3202369007	name=Gareth Johnson	twitter_handle=GarethJohnsonMP	twitter_id=3202369007	gender=male	ethnicity=white	orientation=straight	constituency=Dartford	party=Conservative Party
3226280032	name=Jeremy Wright	twitter_handle=DCMS_SecOfState	twitter_id=3226280032	gender=male	ethnicity=white	orientation=straight	constituency=Kenilworth and Southam	party=Conservative Party
3291153099	name=Angela Watkinson	twitter_handle=AngelaWatkinson	twitter_id=3291153099	gender=female	ethnicity=unknown	orientation=unknown	constituency=Hornchurch and Upminster	party=Conservative Party
3306903539	name=Edward Timpson	twitter_handle=edwardtimpson	twitter_id=3306903539	gender=male	ethnicity=white	orientation=straight	constituency=Crewe and Nantwich	party=Conservative Party
3369594003	name=Nigel Adams	twitter_handle=nadams	twitter_id=3369594003	gender=male	ethnicity=white	orientation=straight	constituency=Selby and Ainsty	party=Conservative Party
3371427681	name=Adam Holloway	twitter_handle=AdamHollowayMP	twitter_id=3371427681	gender=male	ethnicity=white	orientation=straight	constituency=Gravesham	party=Conservative Party
1014072131666276354	name=Shailesh Vara	twitter_handle=ShaileshVara	twitter_id=1014072131666276354	gender=male	ethnicity=minority	orientation=straight	constituency=North West Cambridgeshire	party=Conservative Party
34244239	name=Rob Wilson	twitter_handle=RobWilson_RDG	twitter_id=34244239	gender=male	ethnicity=unknown	orientation=unknown	constituency=Reading East	party=Conservative Party
34940114	name=Nicky Morgan	twitter_handle=NickyMorgan01	twitter_id=34940114	gender=female	ethnicity=unknown	orientation=unknown	constituency=Loughborough	party=Conservative Party
36664451	name=John Glen	twitter_handle=JohnGlenMP	twitter_id=36664451	gender=male	ethnicity=white	orientation=straight	constituency=Salisbury	party=Conservative Party
368314502	name=Gavin Williamson	twitter_handle=GWilliamsonMP	twitter_id=368314502	gender=male	ethnicity=white	orientation=straight	constituency=South Staffordshire	party=Conservative Party
373442908	name=Glyn Davies	twitter_handle=GlynDavies	twitter_id=373442908	gender=male	ethnicity=unknown	orientation=unknown	constituency=Montgomeryshire	party=Conservative Party
38281180	name=Andrea Leadsom	twitter_handle=andrealeadsom	twitter_id=38281180	gender=female	ethnicity=white	orientation=straight	constituency=South Northamptonshire	party=Conservative Party
383238347	name=Caroline Dinenage	twitter_handle=cj_dinenage	twitter_id=383238347	gender=female	ethnicity=white	orientation=straight	constituency=Gosport	party=Conservative Party
38671387	name=Jackie Doyle-Price	twitter_handle=JackieDP	twitter_id=38671387	gender=female	ethnicity=white	orientation=straight	constituency=Thurrock	party=Conservative Party
386776248	name=Chloe Smith	twitter_handle=NorwichChloe	twitter_id=386776248	gender=female	ethnicity=white	orientation=straight	constituency=Norwich North	party=Conservative Party
388250401	name=Conor Burns	twitter_handle=ConorBurnsUK	twitter_id=388250401	gender=male	ethnicity=white	orientation=lgbt	constituency=Bournemouth West	party=Conservative Party
397160160	name=Stephen McPartland	twitter_handle=SMcPartland	twitter_id=397160160	gender=male	ethnicity=white	orientation=straight	constituency=Stevenage	party=Conservative Party
399365200	name=Oliver Colvile	twitter_handle=olivercolvile	twitter_id=399365200	gender=male	ethnicity=unknown	orientation=unknown	constituency=Plymouth, Sutton and Devonport	party=Conservative Party
417975170	name=Jeremy Lefroy	twitter_handle=JeremyLefroyMP	twitter_id=417975170	gender=male	ethnicity=unknown	orientation=unknown	constituency=Stafford	party=Conservative Party
422184091	name=Damian Green	twitter_handle=DamianGreen	twitter_id=422184091	gender=male	ethnicity=white	orientation=straight	constituency=Ashford	party=Conservative Party
429751008	name=Mark Harper	twitter_handle=Mark_J_Harper	twitter_id=429751008	gender=male	ethnicity=white	orientation=straight	constituency=Forest of Dean	party=Conservative Party
435980092	name=Stephen Metcalfe	twitter_handle=Metcalfe_SBET	twitter_id=435980092	gender=male	ethnicity=white	orientation=straight	constituency=South Basildon and East Thurrock	party=Conservative Party
436576452	name=Chris Skidmore	twitter_handle=cskidmoremp	twitter_id=436576452	gender=male	ethnicity=white	orientation=straight	constituency=Kingswood	party=Conservative Party
453133872	name=Caroline Spelman	twitter_handle=spelmanc	twitter_id=453133872	gender=female	ethnicity=unknown	orientation=unknown	constituency=Meriden	party=Conservative Party
457060718	name=Nadine Dorries	twitter_handle=NadineDorries	twitter_id=457060718	gender=female	ethnicity=white	orientation=straight	constituency=Mid Bedfordshire	party=Conservative Party
457060718	name=Nadine Dorries	twitter_handle=NadineDorries	twitter_id=457060718	gender=female	ethnicity=white	orientation=straight	constituency=Mid Bedfordshire	party=Independent
457060718	name=Nadine Dorries	twitter_handle=NadineDorries	twitter_id=457060718	gender=female	ethnicity=white	orientation=straight	constituency=Mid Bedfordshire	party=Conservative Party
707967655031005186	name=Kwasi Kwarteng	twitter_handle=KwasiKwarteng_	twitter_id=707967655031005186	gender=male	ethnicity=minority	orientation=straight	constituency=Spelthorne	party=Conservative Party
462856853	name=Penny Mordaunt	twitter_handle=PennyMordaunt	twitter_id=462856853	gender=female	ethnicity=white	orientation=straight	constituency=Portsmouth North	party=Conservative Party
46358463	name=Chris Grayling	twitter_handle=transportgovuk	twitter_id=46358463	gender=male	ethnicity=white	orientation=straight	constituency=Epsom and Ewell	party=Conservative Party
46358463	name=Robert Goodwill	twitter_handle=transportgovuk	twitter_id=46358463	gender=male	ethnicity=white	orientation=straight	constituency=Scarborough and Whitby	party=Conservative Party
463888230	name=Mark Prisk	twitter_handle=PriskMark	twitter_id=463888230	gender=male	ethnicity=unknown	orientation=unknown	constituency=Hertford and Stortford	party=Conservative Party
474180693	name=Edward Leigh	twitter_handle=EdwardLeighMP	twitter_id=474180693	gender=male	ethnicity=white	orientation=straight	constituency=Gainsborough	party=Conservative Party
4764882552	name=Dominic Raab	twitter_handle=DominicRaab	twitter_id=4764882552	gender=male	ethnicity=white	orientation=straight	constituency=Esher and Walton	party=Conservative Party
4785228995	name=Gary Streeter	twitter_handle=garystreeterSWD	twitter_id=4785228995	gender=male	ethnicity=white	orientation=straight	constituency=South West Devon	party=Conservative Party
47916280	name=Stephen Hammond	twitter_handle=s_hammond	twitter_id=47916280	gender=male	ethnicity=white	orientation=straight	constituency=Wimbledon	party=Conservative Party
482866177	name=Tobias Ellwood	twitter_handle=Tobias_Ellwood	twitter_id=482866177	gender=male	ethnicity=white	orientation=straight	constituency=Bournemouth East	party=Conservative Party
496278040	name=David Lidington	twitter_handle=DLidington	twitter_id=496278040	gender=male	ethnicity=unknown	orientation=unknown	constituency=Aylesbury	party=Conservative Party
496906695	name=Bill Wiggin	twitter_handle=BillWigginMP	twitter_id=496906695	gender=male	ethnicity=white	orientation=straight	constituency=North Herefordshire	party=Conservative Party
501698806	name=Peter Lilley	twitter_handle=LilleyPeter	twitter_id=501698806	gender=male	ethnicity=unknown	orientation=unknown	constituency=Hitchin and Harpenden	party=Conservative Party
50714939	name=Therese Coffey	twitter_handle=theresecoffey	twitter_id=50714939	gender=female	ethnicity=white	orientation=straight	constituency=Suffolk Coastal	party=Conservative Party
515520108	name=Rebecca Harris	twitter_handle=RebeccaHarrisMP	twitter_id=515520108	gender=female	ethnicity=white	orientation=straight	constituency=Castle Point	party=Conservative Party
52412027	name=Mark Pawsey	twitter_handle=MarkPawsey	twitter_id=52412027	gender=male	ethnicity=white	orientation=straight	constituency=Rugby	party=Conservative Party
532241033	name=Liam Fox	twitter_handle=LiamFoxMP	twitter_id=532241033	gender=male	ethnicity=white	orientation=straight	constituency=North Somerset	party=Conservative Party
550076077	name=David Davies	twitter_handle=davidtcdavies	twitter_id=550076077	gender=male	ethnicity=white	orientation=straight	constituency=Monmouth	party=Conservative Party
554602188	name=Neil Carmichael	twitter_handle=neil_mp	twitter_id=554602188	gender=male	ethnicity=unknown	orientation=unknown	constituency=Stroud	party=Conservative Party
570197439	name=Richard Bacon	twitter_handle=richardbaconmp	twitter_id=570197439	gender=male	ethnicity=white	orientation=straight	constituency=South Norfolk	party=Conservative Party
58836363	name=Eric Pickles	twitter_handle=EricPickles	twitter_id=58836363	gender=male	ethnicity=white	orientation=unknown	constituency=Brentwood and Ongar	party=Conservative Party
593650130	name=Craig Whittaker	twitter_handle=CWhittakerMP	twitter_id=593650130	gender=male	ethnicity=white	orientation=straight	constituency=Calder Valley	party=Conservative Party
134738764	name=Craig Whittaker	twitter_handle=CWhittakerMP	twitter_id=134738764	gender=male	ethnicity=white	orientation=straight	constituency=Calder Valley	party=Conservative Party
60585651	name=Nicola Blackwood	twitter_handle=nicolablackwood	twitter_id=60585651	gender=female	ethnicity=unknown	orientation=unknown	constituency=Oxford West and Abingdon	party=Conservative Party
606306570	name=David Rutley	twitter_handle=DavidRutleyMP	twitter_id=606306570	gender=male	ethnicity=white	orientation=straight	constituency=Macclesfield	party=Conservative Party
60738400	name=Richard Harrington	twitter_handle=Richard4Watford	twitter_id=60738400	gender=male	ethnicity=unknown	orientation=unknown	constituency=Watford	party=Conservative Party
61660254	name=Priti Patel	twitter_handle=patel4witham	twitter_id=61660254	gender=female	ethnicity=minority	orientation=straight	constituency=Witham	party=Conservative Party
62613162	name=Tracey Crouch	twitter_handle=tracey_crouch	twitter_id=62613162	gender=female	ethnicity=white	orientation=straight	constituency=Chatham and Aylesford	party=Conservative Party
65357102	name=Liz Truss	twitter_handle=trussliz	twitter_id=65357102	gender=female	ethnicity=white	orientation=straight	constituency=South West Norfolk	party=Conservative Party
70796349	name=Margot James	twitter_handle=margot_james_mp	twitter_id=70796349	gender=female	ethnicity=unknown	orientation=unknown	constituency=Stourbridge	party=Conservative Party
728039018	name=Julian Smith	twitter_handle=JulianSmithUK	twitter_id=728039018	gender=male	ethnicity=white	orientation=straight	constituency=Skipton and Ripon	party=Conservative Party
740355601	name=Keith Simpson	twitter_handle=KeithSimpsonMP	twitter_id=740355601	gender=male	ethnicity=unknown	orientation=unknown	constituency=Broadland	party=Conservative Party
747807250819981312	name=Theresa May	twitter_handle=theresa_may	twitter_id=747807250819981312	gender=female	ethnicity=white	orientation=straight	constituency=Maidenhead	party=Conservative Party
748453510048518145	name=Michael Gove	twitter_handle=michaelgove	twitter_id=748453510048518145	gender=male	ethnicity=white	orientation=straight	constituency=Surrey Heath	party=Conservative Party
759067032	name=Andrew Murrison	twitter_handle=AWMurrison	twitter_id=759067032	gender=male	ethnicity=white	orientation=straight	constituency=South West Wiltshire	party=Conservative Party
761499948890329088	name=Esther McVey	twitter_handle=EstherMcVey1	twitter_id=761499948890329088	gender=female	ethnicity=white	orientation=straight	constituency=Wirral West	party=Conservative Party
76579281	name=Crispin Blunt	twitter_handle=CrispinBlunt	twitter_id=76579281	gender=male	ethnicity=white	orientation=lgbt	constituency=Reigate	party=Conservative Party
76650839	name=Alun Cairns	twitter_handle=AlunCairns	twitter_id=76650839	gender=male	ethnicity=white	orientation=straight	constituency=Vale of Glamorgan	party=Conservative Party
78562045	name=Andrew Bingham	twitter_handle=HighPeakAndrew	twitter_id=78562045	gender=male	ethnicity=unknown	orientation=unknown	constituency=High Peak	party=Conservative Party
78702900	name=Jesse Norman	twitter_handle=Jesse_Norman	twitter_id=78702900	gender=male	ethnicity=white	orientation=straight	constituency=Hereford and South Herefordshire	party=Conservative Party
804596460	name=Mark Pritchard	twitter_handle=MPritchardMP	twitter_id=804596460	gender=male	ethnicity=white	orientation=straight	constituency=The Wrekin	party=Conservative Party
805185025	name=Bob Blackman	twitter_handle=BobBlackmanMP	twitter_id=805185025	gender=male	ethnicity=white	orientation=straight	constituency=Harrow East	party=Conservative Party
806388620	name=Andrew Jones	twitter_handle=AJonesMP	twitter_id=806388620	gender=male	ethnicity=white	orientation=straight	constituency=Harrogate and Knaresborough	party=Conservative Party
80943076	name=Chris Heaton-Harris	twitter_handle=chhcalling	twitter_id=80943076	gender=male	ethnicity=white	orientation=straight	constituency=Daventry	party=Conservative Party
80968760	name=Anne Marie Morris	twitter_handle=AnneMarieMorris	twitter_id=80968760	gender=female	ethnicity=white	orientation=straight	constituency=Newton Abbot	party=Conservative Party
810372954	name=Stephen Crabb	twitter_handle=SCrabbPembs	twitter_id=810372954	gender=male	ethnicity=white	orientation=straight	constituency=Preseli Pembrokeshire	party=Conservative Party
81857654	name=Mark Field	twitter_handle=MarkFieldMP	twitter_id=81857654	gender=male	ethnicity=unknown	orientation=unknown	constituency=Cities of London and Westminster	party=Conservative Party
830775721	name=Maria Miller	twitter_handle=MariaMillerUK	twitter_id=830775721	gender=female	ethnicity=white	orientation=straight	constituency=Basingstoke	party=Conservative Party
831250927	name=Martin Vickers	twitter_handle=martinvickersmp	twitter_id=831250927	gender=male	ethnicity=white	orientation=straight	constituency=Cleethorpes	party=Conservative Party
8558522	name=Julian Sturdy	twitter_handle=Juliansturdy	twitter_id=8558522	gender=male	ethnicity=white	orientation=straight	constituency=York Outer	party=Conservative Party
86192099	name=James Gray	twitter_handle=JamesGrayMP	twitter_id=86192099	gender=male	ethnicity=white	orientation=straight	constituency=North Wiltshire	party=Conservative Party
863136661	name=Sarah Newton	twitter_handle=SNewtonUK	twitter_id=863136661	gender=female	ethnicity=unknown	orientation=unknown	constituency=Truro and Falmouth	party=Conservative Party
871469846	name=Peter Bone	twitter_handle=PeterBoneUK	twitter_id=871469846	gender=male	ethnicity=white	orientation=straight	constituency=Wellingborough	party=Conservative Party
873819098	name=Henry Smith	twitter_handle=HenrySmithUK	twitter_id=873819098	gender=male	ethnicity=white	orientation=straight	constituency=Crawley	party=Conservative Party
885838630928994304	name=Jacob Rees-Mogg	twitter_handle=Jacob_Rees_Mogg	twitter_id=885838630928994304	gender=male	ethnicity=white	orientation=straight	constituency=North East Somerset	party=Conservative Party
903985238	name=Hugo Swire	twitter_handle=HugoSwire	twitter_id=903985238	gender=male	ethnicity=unknown	orientation=unknown	constituency=East Devon	party=Conservative Party
90646214	name=Andrew Selous	twitter_handle=AndrewSelous	twitter_id=90646214	gender=male	ethnicity=white	orientation=straight	constituency=South West Bedfordshire	party=Conservative Party
92498317	name=James Brokenshire	twitter_handle=JBrokenshire	twitter_id=92498317	gender=male	ethnicity=white	orientation=straight	constituency=Old Bexley and Sidcup	party=Conservative Party
93880122	name=John Redwood	twitter_handle=johnredwood	twitter_id=93880122	gender=male	ethnicity=white	orientation=straight	constituency=Wokingham	party=Conservative Party
951838283780194304	name=David Amess	twitter_handle=amessd_southend	twitter_id=951838283780194304	gender=male	ethnicity=white	orientation=straight	constituency=Southend West	party=Conservative Party
939151060391940096	name=Claire Perry	twitter_handle=claire4devizes	twitter_id=939151060391940096	gender=female	ethnicity=unknown	orientation=unknown	constituency=Devizes	party=Conservative Party
986390774	name=Alistair Burt	twitter_handle=AlistairBurtMP	twitter_id=986390774	gender=male	ethnicity=unknown	orientation=unknown	constituency=North East Bedfordshire	party=Conservative Party
993161678	name=John Howell	twitter_handle=JHowellUK	twitter_id=993161678	gender=male	ethnicity=white	orientation=straight	constituency=Henley	party=Conservative Party
995322806	name=Nigel Mills	twitter_handle=NigelMillsMP	twitter_id=995322806	gender=male	ethnicity=white	orientation=straight	constituency=Amber Valley	party=Conservative Party
754763748208967680	name=Andrew Percy	twitter_handle=andrewpercy	twitter_id=754763748208967680	gender=male	ethnicity=white	orientation=straight	constituency=Brigg and Goole	party=Conservative Party
717343539	name=Andrew Mitchell	twitter_handle=AndrewXMitchell	twitter_id=717343539	gender=male	ethnicity=white	orientation=straight	constituency=Sutton Coldfield	party=Conservative Party
817698994667343873	name=Brooks Newmark	twitter_handle=BrooksNewmark	twitter_id=817698994667343873	gender=male	ethnicity=white	orientation=unknown	constituency=Braintree	party=Conservative Party
224655400	name=Greg Clark	twitter_handle=GregClarkMP	twitter_id=224655400	gender=male	ethnicity=white	orientation=straight	constituency=Tunbridge Wells	party=Conservative Party
19758148	name=Robert Halfon	twitter_handle=halfon4harlowMP	twitter_id=19758148	gender=male	ethnicity=white	orientation=straight	constituency=Harlow	party=Conservative Party
1615220864	name=Malcolm Rifkind	twitter_handle=MalcolmRifkind	twitter_id=1615220864	gender=male	ethnicity=unknown	orientation=unknown	constituency=Kensington	party=Conservative Party
1615220864	name=Malcolm Rifkind	twitter_handle=MalcolmRifkind	twitter_id=1615220864	gender=male	ethnicity=unknown	orientation=unknown	constituency=Kensington	party=Independent
2317393614	name=Karen Lumley	twitter_handle=tell_karen	twitter_id=2317393614	gender=female	ethnicity=unknown	orientation=unknown	constituency=Redditch	party=Conservative Party
104845115	name=Nigel Dodds	twitter_handle=NigelDoddsMP	twitter_id=104845115	gender=male	ethnicity=unknown	orientation=unknown	constituency=Belfast North	party=Democratic Unionist Party
2565276954	name=Ian Paisley	twitter_handle=ianpaisleymp	twitter_id=2565276954	gender=male	ethnicity=white	orientation=straight	constituency=North Antrim	party=Democratic Unionist Party
2709108427	name=David Simpson	twitter_handle=DavidSimpsonDUP	twitter_id=2709108427	gender=male	ethnicity=unknown	orientation=unknown	constituency=Upper Bann	party=Democratic Unionist Party
277499481	name=Jeffrey Donaldson	twitter_handle=J_Donaldson_MP	twitter_id=277499481	gender=male	ethnicity=white	orientation=straight	constituency=Lagan Valley	party=Democratic Unionist Party
2979630241	name=Sammy Wilson	twitter_handle=eastantrimmp	twitter_id=2979630241	gender=male	ethnicity=white	orientation=straight	constituency=East Antrim	party=Democratic Unionist Party
4104745522	name=Jim Shannon	twitter_handle=JimShannonMP	twitter_id=4104745522	gender=male	ethnicity=white	orientation=straight	constituency=Strangford	party=Democratic Unionist Party
97452095	name=Naomi Long	twitter_handle=naomi_long	twitter_id=97452095	gender=female	ethnicity=unknown	orientation=unknown	constituency=Belfast East	party=Democratic Unionist Party
80802900	name=Caroline Lucas	twitter_handle=CarolineLucas	twitter_id=80802900	gender=female	ethnicity=white	orientation=straight	constituency=Brighton, Pavilion	party=Green Party
131926473	name=Rory Stewart	twitter_handle=RoryStewartUK	twitter_id=131926473	gender=male	ethnicity=unknown	orientation=unknown	constituency=Penrith and The Border	party=Conservative Party
14567982	name=Gavin Shuker	twitter_handle=gavinshuker	twitter_id=14567982	gender=male	ethnicity=unknown	orientation=unknown	constituency=Luton South	party=Labour Party
173421592	name=Oliver Letwin	twitter_handle=oletwinofficial	twitter_id=173421592	gender=male	ethnicity=unknown	orientation=unknown	constituency=West Dorset	party=Independent
20688804	name=Frank Field	twitter_handle=frankfieldteam	twitter_id=20688804	gender=male	ethnicity=unknown	orientation=unknown	constituency=Birkenhead	party=Labour Party
2230539338	name=David Gauke	twitter_handle=DavidGauke	twitter_id=2230539338	gender=male	ethnicity=unknown	orientation=unknown	constituency=South West Hertfordshire	party=Conservative Party
249709671	name=Ivan Lewis	twitter_handle=IvanLewis_MP	twitter_id=249709671	gender=male	ethnicity=unknown	orientation=unknown	constituency=Bury South	party=Labour Party
261782937	name=Ian Austin	twitter_handle=IanAustinMP	twitter_id=261782937	gender=male	ethnicity=unknown	orientation=unknown	constituency=Dudley North	party=Labour Party
2653613168	name=Philip Hammond	twitter_handle=PhilipHammondUK	twitter_id=2653613168	gender=male	ethnicity=unknown	orientation=unknown	constituency=Runnymede and Weybridge	party=Conservative Party
2799590457	name=Stephen Lloyd	twitter_handle=StephenLloydEBN	twitter_id=2799590457	gender=male	ethnicity=unknown	orientation=unknown	constituency=Eastbourne	party=Liberal Democrats
2808847414	name=Stephen Hepburn	twitter_handle=jarrowstevemp	twitter_id=2808847414	gender=male	ethnicity=unknown	orientation=unknown	constituency=Jarrow	party=Labour Party
312758175	name=Anne Milton	twitter_handle=AnneMilton	twitter_id=312758175	gender=female	ethnicity=unknown	orientation=unknown	constituency=Guildford	party=Conservative Party
35305401	name=John Woodcock	twitter_handle=JWoodcockMP	twitter_id=35305401	gender=male	ethnicity=unknown	orientation=unknown	constituency=Barrow and Furness	party=Labour Party
475884318	name=Amber Rudd	twitter_handle=AmberRuddHR	twitter_id=475884318	gender=female	ethnicity=unknown	orientation=unknown	constituency=Hastings and Rye	party=Conservative Party
49682880	name=Chris Williamson	twitter_handle=DerbyChrisW	twitter_id=49682880	gender=male	ethnicity=unknown	orientation=unknown	constituency=Derby North	party=Labour Party
54515428	name=Charlie Elphicke	twitter_handle=CharlieElphicke	twitter_id=54515428	gender=male	ethnicity=unknown	orientation=unknown	constituency=Dover	party=Conservative Party
752820350371717120	name=Guto Bebb	twitter_handle=GutoBebb	twitter_id=752820350371717120	gender=male	ethnicity=unknown	orientation=unknown	constituency=Aberconwy	party=Conservative Party
77224096	name=Louise Ellman	twitter_handle=LouiseEllman	twitter_id=77224096	gender=female	ethnicity=unknown	orientation=unknown	constituency=Liverpool, Riverside	party=Labour Party
932446861	name=Justine Greening	twitter_handle=JustineGreening	twitter_id=932446861	gender=female	ethnicity=unknown	orientation=unknown	constituency=Putney	party=Conservative Party
102107018	name=Stephen Timms	twitter_handle=stephenctimms	twitter_id=102107018	gender=male	ethnicity=white	orientation=straight	constituency=East Ham	party=Labour Party
105800463	name=Liz Kendall	twitter_handle=leicesterliz	twitter_id=105800463	gender=female	ethnicity=white	orientation=straight	constituency=Leicester West	party=Labour Party
105838665	name=Kate Green	twitter_handle=KateGreenSU	twitter_id=105838665	gender=female	ethnicity=white	orientation=straight	constituency=Stretford and Urmston	party=Labour Party
107722321	name=Barry Gardiner	twitter_handle=BarryGardiner	twitter_id=107722321	gender=male	ethnicity=white	orientation=straight	constituency=Brent North	party=Labour Party
110767433	name=Rosie Cooper	twitter_handle=rosie4westlancs	twitter_id=110767433	gender=female	ethnicity=white	orientation=straight	constituency=West Lancashire	party=Labour Party
111411358	name=Margaret Hodge	twitter_handle=margarethodge	twitter_id=111411358	gender=female	ethnicity=white	orientation=straight	constituency=Barking	party=Labour Party
1114522266	name=Gordon Marsden	twitter_handle=GordonMarsden	twitter_id=1114522266	gender=male	ethnicity=unknown	orientation=unknown	constituency=Blackpool South	party=Labour Party
117777690	name=Jeremy Corbyn	twitter_handle=jeremycorbyn	twitter_id=117777690	gender=male	ethnicity=white	orientation=straight	constituency=Islington North	party=Labour Party
118429508	name=Pat Glass	twitter_handle=PatGlassMP	twitter_id=118429508	gender=female	ethnicity=white	orientation=unknown	constituency=North West Durham	party=Labour Party
120720108	name=Bill Esterson	twitter_handle=Bill_Esterson	twitter_id=120720108	gender=male	ethnicity=white	orientation=straight	constituency=Sefton Central	party=Labour Party
121762421	name=Ian Lucas	twitter_handle=IanCLucas	twitter_id=121762421	gender=male	ethnicity=unknown	orientation=unknown	constituency=Wrexham	party=Labour Party
124270074	name=Angela Eagle	twitter_handle=angelaeagle	twitter_id=124270074	gender=female	ethnicity=white	orientation=lgbt	constituency=Wallasey	party=Labour Party
1284146730	name=Kate Hoey	twitter_handle=hoeykateMP	twitter_id=1284146730	gender=female	ethnicity=unknown	orientation=unknown	constituency=Vauxhall	party=Labour Party
130154450	name=David Hanson	twitter_handle=DavidHansonMP	twitter_id=130154450	gender=male	ethnicity=unknown	orientation=unknown	constituency=Delyn	party=Labour Party
1302003805	name=Mark Hendrick	twitter_handle=MpHendrick	twitter_id=1302003805	gender=male	ethnicity=minority	orientation=straight	constituency=Preston	party=Labour Party
131862459	name=Madeleine Moon	twitter_handle=MadeleineMoon	twitter_id=131862459	gender=female	ethnicity=unknown	orientation=unknown	constituency=Bridgend	party=Labour Party
131970620	name=Tom Blenkinsop	twitter_handle=TomBlenkinsop	twitter_id=131970620	gender=male	ethnicity=unknown	orientation=unknown	constituency=Middlesbrough South and East Cleveland	party=Labour Party
1354610803	name=Albert Owen	twitter_handle=AlbertOwenMP	twitter_id=1354610803	gender=male	ethnicity=unknown	orientation=unknown	constituency=Ynys Môn	party=Labour Party
14146330	name=Teresa Pearce	twitter_handle=tpearce003	twitter_id=14146330	gender=female	ethnicity=unknown	orientation=unknown	constituency=Erith and Thamesmead	party=Labour Party
1417840321	name=David Crausby	twitter_handle=DavidCrausby	twitter_id=1417840321	gender=male	ethnicity=unknown	orientation=unknown	constituency=Bolton North East	party=Labour Party
14190551	name=Tom Watson	twitter_handle=tom_watson	twitter_id=14190551	gender=male	ethnicity=unknown	orientation=unknown	constituency=West Bromwich East	party=Labour Party
142003449	name=Julie Hilling	twitter_handle=JulieHilling	twitter_id=142003449	gender=female	ethnicity=unknown	orientation=unknown	constituency=Bolton West	party=Labour Party
143212610	name=Jon Ashworth	twitter_handle=JonAshworth	twitter_id=143212610	gender=male	ethnicity=white	orientation=straight	constituency=Leicester South	party=Labour Party
143739561	name=Alex Cunningham	twitter_handle=ACunninghamMP	twitter_id=143739561	gender=male	ethnicity=white	orientation=straight	constituency=Stockton North	party=Labour Party
143779403	name=Andy Burnham	twitter_handle=andyburnhammp	twitter_id=143779403	gender=male	ethnicity=white	orientation=unknown	constituency=Leigh	party=Labour Party
144791011	name=Geraint Davies	twitter_handle=GeraintDaviesMP	twitter_id=144791011	gender=male	ethnicity=white	orientation=straight	constituency=Swansea West	party=Labour Party
1478483473	name=Lyn Brown	twitter_handle=lynbrownmp	twitter_id=1478483473	gender=female	ethnicity=white	orientation=straight	constituency=West Ham	party=Labour Party
153810216	name=Diane Abbott	twitter_handle=HackneyAbbott	twitter_id=153810216	gender=female	ethnicity=minority	orientation=straight	constituency=Hackney North and Stoke Newington	party=Labour Party
15580900	name=Stella Creasy	twitter_handle=stellacreasy	twitter_id=15580900	gender=female	ethnicity=white	orientation=straight	constituency=Walthamstow	party=Labour Party
162472533	name=Gloria De Piero	twitter_handle=GloriaDePiero	twitter_id=162472533	gender=female	ethnicity=unknown	orientation=unknown	constituency=Ashfield	party=Labour Party
164226176	name=Emily Thornberry	twitter_handle=EmilyThornberry	twitter_id=164226176	gender=female	ethnicity=white	orientation=straight	constituency=Islington South and Finsbury	party=Labour Party
168592013	name=Rob Flello	twitter_handle=RobFlelloMP	twitter_id=168592013	gender=male	ethnicity=unknown	orientation=unknown	constituency=Stoke-on-Trent South	party=Labour Party
169864622	name=Mary Creagh	twitter_handle=MaryCreaghMP	twitter_id=169864622	gender=female	ethnicity=unknown	orientation=unknown	constituency=Wakefield	party=Labour Party
173089105	name=Roberta Blackman-Woods	twitter_handle=robertabwMP	twitter_id=173089105	gender=female	ethnicity=unknown	orientation=unknown	constituency=City of Durham	party=Labour Party
18020612	name=David Lammy	twitter_handle=DavidLammy	twitter_id=18020612	gender=male	ethnicity=minority	orientation=straight	constituency=Tottenham	party=Labour Party
18099795	name=Kerry McCarthy	twitter_handle=KerryMP	twitter_id=18099795	gender=female	ethnicity=white	orientation=straight	constituency=Bristol East	party=Labour Party
18632946	name=Jonathan Reynolds	twitter_handle=jreynoldsMP	twitter_id=18632946	gender=male	ethnicity=white	orientation=straight	constituency=Stalybridge and Hyde	party=Labour Party
191807697	name=Jon Trickett	twitter_handle=jon_trickett	twitter_id=191807697	gender=male	ethnicity=white	orientation=straight	constituency=Hemsworth	party=Labour Party
192935794	name=Maria Eagle	twitter_handle=meaglemp	twitter_id=192935794	gender=female	ethnicity=white	orientation=straight	constituency=Garston and Halewood	party=Labour Party
19295262	name=Bridget Phillipson	twitter_handle=bphillipsonMP	twitter_id=19295262	gender=female	ethnicity=white	orientation=straight	constituency=Houghton and Sunderland South	party=Labour Party
19397942	name=Sadiq Khan	twitter_handle=SadiqKhan	twitter_id=19397942	gender=male	ethnicity=minority	orientation=unknown	constituency=Tooting	party=Labour Party
19977759	name=Harriet Harman	twitter_handle=HarrietHarman	twitter_id=19977759	gender=female	ethnicity=white	orientation=straight	constituency=Camberwell and Peckham	party=Labour Party
200700960	name=Sharon Hodgson	twitter_handle=SharonHodgsonMP	twitter_id=200700960	gender=female	ethnicity=white	orientation=straight	constituency=Washington and Sunderland West	party=Labour Party
20148039	name=Lilian Greenwood	twitter_handle=LilianGreenwood	twitter_id=20148039	gender=female	ethnicity=white	orientation=straight	constituency=Nottingham South	party=Labour Party
20856796	name=Jenny Chapman	twitter_handle=JennyChapman	twitter_id=20856796	gender=female	ethnicity=unknown	orientation=unknown	constituency=Darlington	party=Labour Party
20995648	name=Chris Bryant	twitter_handle=RhonddaBryant	twitter_id=20995648	gender=male	ethnicity=white	orientation=lgbt	constituency=Rhondda	party=Labour Party
21408041	name=Steve McCabe	twitter_handle=steve_mccabe	twitter_id=21408041	gender=male	ethnicity=white	orientation=straight	constituency=Birmingham, Selly Oak	party=Labour Party
21713090	name=Alison McGovern	twitter_handle=Alison_McGovern	twitter_id=21713090	gender=female	ethnicity=white	orientation=straight	constituency=Wirral South	party=Labour Party
21736214	name=John Spellar	twitter_handle=spellar	twitter_id=21736214	gender=male	ethnicity=white	orientation=straight	constituency=Warley	party=Labour Party
21746513	name=Kevin Brennan	twitter_handle=KevinBrennanMP	twitter_id=21746513	gender=male	ethnicity=white	orientation=straight	constituency=Cardiff West	party=Labour Party
219976700	name=Gareth Thomas	twitter_handle=GarethThomasMP	twitter_id=219976700	gender=male	ethnicity=white	orientation=straight	constituency=Harrow West	party=Labour Party
2245759171	name=Derek Twigg	twitter_handle=DerekTwiggMP	twitter_id=2245759171	gender=male	ethnicity=white	orientation=straight	constituency=Halton	party=Labour Party
225857392	name=Debbie Abrahams	twitter_handle=Debbie_abrahams	twitter_id=225857392	gender=female	ethnicity=white	orientation=straight	constituency=Oldham East and Saddleworth	party=Labour Party
227023883	name=Caroline Flint	twitter_handle=CarolineFlintMP	twitter_id=227023883	gender=female	ethnicity=unknown	orientation=unknown	constituency=Don Valley	party=Labour Party
2278921206	name=Mark Tami	twitter_handle=MarkTamiMP	twitter_id=2278921206	gender=male	ethnicity=white	orientation=straight	constituency=Alyn and Deeside	party=Labour Party
23452598	name=Virendra Sharma	twitter_handle=VirendraSharma	twitter_id=23452598	gender=male	ethnicity=minority	orientation=straight	constituency=Ealing, Southall	party=Labour Party
236953412	name=Roger Godsiff	twitter_handle=RogerGodsiff	twitter_id=236953412	gender=male	ethnicity=unknown	orientation=unknown	constituency=Birmingham, Hall Green	party=Labour Party
23749162	name=Steve Reed	twitter_handle=SteveReedMP	twitter_id=23749162	gender=male	ethnicity=white	orientation=lgbt	constituency=Croydon North	party=Labour Party
240202308	name=Dan Jarvis	twitter_handle=DanJarvisMP	twitter_id=240202308	gender=male	ethnicity=white	orientation=straight	constituency=Barnsley Central	party=Labour Party
24211594	name=Ben Bradshaw	twitter_handle=BenPBradshaw	twitter_id=24211594	gender=male	ethnicity=white	orientation=lgbt	constituency=Exeter	party=Labour Party
245849058	name=Rushanara Ali	twitter_handle=rushanaraali	twitter_id=245849058	gender=female	ethnicity=minority	orientation=straight	constituency=Bethnal Green and Bow	party=Labour Party
250091875	name=Barry Sheerman	twitter_handle=BarrySheerman	twitter_id=250091875	gender=male	ethnicity=white	orientation=straight	constituency=Huddersfield	party=Labour Party
25091518	name=Pat McFadden	twitter_handle=patmcfaddenmp	twitter_id=25091518	gender=male	ethnicity=white	orientation=straight	constituency=Wolverhampton South East	party=Labour Party
253490735	name=Richard Burden	twitter_handle=RichardBurdenMP	twitter_id=253490735	gender=male	ethnicity=unknown	orientation=unknown	constituency=Birmingham, Northfield	party=Labour Party
259215762	name=Karen Buck	twitter_handle=karenpbuckmp	twitter_id=259215762	gender=female	ethnicity=white	orientation=straight	constituency=Westminster North	party=Labour Party
2601366250	name=Alan Campbell	twitter_handle=alancampbellmp	twitter_id=2601366250	gender=male	ethnicity=white	orientation=straight	constituency=Tynemouth	party=Labour Party
260824465	name=Graham Jones	twitter_handle=GrahamJones_MP	twitter_id=260824465	gender=male	ethnicity=unknown	orientation=unknown	constituency=Hyndburn	party=Labour Party
27212119	name=Liam Byrne	twitter_handle=LiamByrneMP	twitter_id=27212119	gender=male	ethnicity=white	orientation=straight	constituency=Birmingham, Hodge Hill	party=Labour Party
2757416225	name=Kevin Barron	twitter_handle=KevinBarronMP	twitter_id=2757416225	gender=male	ethnicity=unknown	orientation=unknown	constituency=Rother Valley	party=Labour Party
277496722	name=Helen Goodman	twitter_handle=HelenGoodmanMP	twitter_id=277496722	gender=female	ethnicity=unknown	orientation=unknown	constituency=Bishop Auckland	party=Labour Party
2813746248	name=Liz McInnes	twitter_handle=LizMcInnes_MP	twitter_id=2813746248	gender=female	ethnicity=unknown	orientation=unknown	constituency=Heywood and Middleton	party=Labour Party
2885503101	name=Adrian Bailey	twitter_handle=Adrian_BaileyMP	twitter_id=2885503101	gender=male	ethnicity=unknown	orientation=unknown	constituency=West Bromwich West	party=Labour Party
297967419	name=Meg Hillier	twitter_handle=Meg_HillierMP	twitter_id=297967419	gender=female	ethnicity=white	orientation=straight	constituency=Hackney South and Shoreditch	party=Labour Party
2979904613	name=John Cryer	twitter_handle=JohnCryerMP	twitter_id=2979904613	gender=male	ethnicity=white	orientation=straight	constituency=Leyton and Wanstead	party=Labour Party
300872531	name=Ian Lavery	twitter_handle=IanLaveryMP	twitter_id=300872531	gender=male	ethnicity=white	orientation=straight	constituency=Wansbeck	party=Labour Party
3030160806	name=Khalid Mahmood	twitter_handle=khalid4PB	twitter_id=3030160806	gender=male	ethnicity=minority	orientation=straight	constituency=Birmingham, Perry Barr	party=Labour Party
3128468829	name=Chris Evans	twitter_handle=VoteChrisEvans	twitter_id=3128468829	gender=male	ethnicity=white	orientation=straight	constituency=Islwyn	party=Labour Party
315283542	name=Valerie Vaz	twitter_handle=Valerie_VazMP	twitter_id=315283542	gender=female	ethnicity=minority	orientation=straight	constituency=Walsall South	party=Labour Party
32369044	name=Seema Malhotra	twitter_handle=SeemaMalhotra1	twitter_id=32369044	gender=female	ethnicity=minority	orientation=straight	constituency=Feltham and Heston	party=Labour Party
32439211	name=Lucy Powell	twitter_handle=LucyMPowell	twitter_id=32439211	gender=female	ethnicity=white	orientation=straight	constituency=Manchester Central	party=Labour Party
328634628	name=Yvette Cooper	twitter_handle=YvetteCooperMP	twitter_id=328634628	gender=female	ethnicity=white	orientation=straight	constituency=Normanton, Pontefract and Castleford	party=Labour Party
32965648	name=Emma Reynolds	twitter_handle=EmmaReynoldsMP	twitter_id=32965648	gender=female	ethnicity=unknown	orientation=unknown	constituency=Wolverhampton North East	party=Labour Party
331178901	name=Barbara Keeley	twitter_handle=KeeleyMP	twitter_id=331178901	gender=female	ethnicity=white	orientation=straight	constituency=Worsley and Eccles South	party=Labour Party
3318714389	name=Susan Elan Jones	twitter_handle=susanelanjones	twitter_id=3318714389	gender=female	ethnicity=unknown	orientation=unknown	constituency=Clwyd South	party=Labour Party
34374472	name=Rachel Reeves	twitter_handle=RachelReevesMP	twitter_id=34374472	gender=female	ethnicity=white	orientation=straight	constituency=Leeds West	party=Labour Party
34654362	name=Simon Danczuk	twitter_handle=SimonDanczuk	twitter_id=34654362	gender=male	ethnicity=white	orientation=unknown	constituency=Rochdale	party=Labour Party
357805905	name=John Mann	twitter_handle=JohnMannMP	twitter_id=357805905	gender=male	ethnicity=unknown	orientation=unknown	constituency=Bassetlaw	party=Labour Party
35781487	name=Stephen Twigg	twitter_handle=StephenTwigg	twitter_id=35781487	gender=male	ethnicity=unknown	orientation=unknown	constituency=Liverpool, West Derby	party=Labour Party
859433240452583424	name=Fabian Hamilton	twitter_handle=FabianLeedsNE	twitter_id=859433240452583424	gender=male	ethnicity=white	orientation=straight	constituency=Leeds North East	party=Labour Party
376161322	name=John Healey	twitter_handle=JohnHealey_MP	twitter_id=376161322	gender=male	ethnicity=white	orientation=straight	constituency=Wentworth and Dearne	party=Labour Party
377319290	name=Paul Blomfield	twitter_handle=PaulBlomfieldMP	twitter_id=377319290	gender=male	ethnicity=white	orientation=straight	constituency=Sheffield Central	party=Labour Party
387054267	name=Jack Dromey	twitter_handle=JackDromeyMP	twitter_id=387054267	gender=male	ethnicity=white	orientation=straight	constituency=Birmingham, Erdington	party=Labour Party
388299335	name=Owen Smith	twitter_handle=OwenSmith_MP	twitter_id=388299335	gender=male	ethnicity=unknown	orientation=unknown	constituency=Pontypridd	party=Labour Party
389434876	name=Heidi Alexander	twitter_handle=heidi_mp	twitter_id=389434876	gender=female	ethnicity=unknown	orientation=unknown	constituency=Lewisham East	party=Labour Party
389443487	name=Alan Whitehead	twitter_handle=alanwhiteheadmp	twitter_id=389443487	gender=male	ethnicity=white	orientation=straight	constituency=Southampton, Test	party=Labour Party
393436815	name=Clive Efford	twitter_handle=CliveEfford	twitter_id=393436815	gender=male	ethnicity=white	orientation=straight	constituency=Eltham	party=Labour Party
407741330	name=Shabana Mahmood	twitter_handle=ShabanaMahmood	twitter_id=407741330	gender=female	ethnicity=minority	orientation=straight	constituency=Birmingham, Ladywood	party=Labour Party
408454349	name=Hilary Benn	twitter_handle=hilarybennmp	twitter_id=408454349	gender=male	ethnicity=white	orientation=straight	constituency=Leeds Central	party=Labour Party
415449314	name=Wayne David	twitter_handle=WayneDavid_MP	twitter_id=415449314	gender=male	ethnicity=white	orientation=straight	constituency=Caerphilly	party=Labour Party
432396682	name=Karl Turner	twitter_handle=KarlTurnerMP	twitter_id=432396682	gender=male	ethnicity=white	orientation=straight	constituency=Kingston upon Hull East	party=Labour Party
43312141	name=Jessica Morden	twitter_handle=jessicamordenmp	twitter_id=43312141	gender=female	ethnicity=white	orientation=straight	constituency=Newport East	party=Labour Party
454866285	name=Iain Wright	twitter_handle=IainWrightMP	twitter_id=454866285	gender=male	ethnicity=unknown	orientation=unknown	constituency=Hartlepool	party=Labour Party
460338359	name=Ann Clwyd	twitter_handle=AnnClwyd	twitter_id=460338359	gender=female	ethnicity=unknown	orientation=unknown	constituency=Cynon Valley	party=Labour Party
481120639	name=Nia Griffith	twitter_handle=NiaGriffithMP	twitter_id=481120639	gender=female	ethnicity=white	orientation=lgbt	constituency=Llanelli	party=Labour Party
494828691	name=Graham Allen	twitter_handle=GrahamAllenMP	twitter_id=494828691	gender=male	ethnicity=unknown	orientation=unknown	constituency=Nottingham North	party=Labour Party
499781930	name=Jon Cruddas	twitter_handle=JonCruddas_1	twitter_id=499781930	gender=male	ethnicity=white	orientation=straight	constituency=Dagenham and Rainham	party=Labour Party
532351874	name=Nick Smith	twitter_handle=BlaenauGwentMP	twitter_id=532351874	gender=male	ethnicity=white	orientation=straight	constituency=Blaenau Gwent	party=Labour Party
537216043	name=Ronnie Campbell	twitter_handle=BVLabour	twitter_id=537216043	gender=male	ethnicity=unknown	orientation=unknown	constituency=Blyth Valley	party=Labour Party
54351001	name=Andrew Gwynne	twitter_handle=GwynneMP	twitter_id=54351001	gender=male	ethnicity=white	orientation=straight	constituency=Denton and Reddish	party=Labour Party
568174146	name=Yvonne Fovargue	twitter_handle=Y_FovargueMP	twitter_id=568174146	gender=female	ethnicity=white	orientation=straight	constituency=Makerfield	party=Labour Party
578932351	name=Andrew Smith	twitter_handle=AndrewSmithMP	twitter_id=578932351	gender=male	ethnicity=unknown	orientation=unknown	constituency=Oxford East	party=Labour Party
580749365	name=Siobhain McDonagh	twitter_handle=Siobhain_MP	twitter_id=580749365	gender=female	ethnicity=white	orientation=straight	constituency=Mitcham and Morden	party=Labour Party
58821256	name=Grahame Morris	twitter_handle=grahamemorris	twitter_id=58821256	gender=male	ethnicity=white	orientation=straight	constituency=Easington	party=Labour Party
608932775	name=Chris Ruane	twitter_handle=Chris_RuaneMP	twitter_id=608932775	gender=male	ethnicity=unknown	orientation=unknown	constituency=Vale of Clwyd	party=Labour Party
61733092	name=Toby Perkins	twitter_handle=tobyperkinsmp	twitter_id=61733092	gender=male	ethnicity=white	orientation=straight	constituency=Chesterfield	party=Labour Party
61781260	name=Ed Miliband	twitter_handle=Ed_Miliband	twitter_id=61781260	gender=male	ethnicity=white	orientation=straight	constituency=Doncaster North	party=Labour Party
622426905	name=Stephen Doughty	twitter_handle=SDoughtyMP	twitter_id=622426905	gender=male	ethnicity=white	orientation=lgbt	constituency=Cardiff South and Penarth	party=Labour Party
624746312	name=Ian Mearns	twitter_handle=IanMearnsMP	twitter_id=624746312	gender=male	ethnicity=white	orientation=straight	constituency=Gateshead	party=Labour Party
66078636	name=Andy Slaughter	twitter_handle=hammersmithandy	twitter_id=66078636	gender=male	ethnicity=white	orientation=straight	constituency=Hammersmith	party=Labour Party
68659708	name=Diana Johnson	twitter_handle=DianaJohnsonMP	twitter_id=68659708	gender=female	ethnicity=white	orientation=straight	constituency=Kingston upon Hull North	party=Labour Party
71777646	name=Mike Kane	twitter_handle=MikeKaneMP	twitter_id=71777646	gender=male	ethnicity=white	orientation=straight	constituency=Wythenshawe and Sale East	party=Labour Party
72341341	name=Yasmin Qureshi	twitter_handle=YasminQureshiMP	twitter_id=72341341	gender=female	ethnicity=minority	orientation=straight	constituency=Bolton South East	party=Labour Party
737066858	name=Emma Lewell-Buck	twitter_handle=EmmaLewellBuck	twitter_id=737066858	gender=female	ethnicity=white	orientation=straight	constituency=South Shields	party=Labour Party
77234984	name=John McDonnell	twitter_handle=johnmcdonnellMP	twitter_id=77234984	gender=male	ethnicity=white	orientation=straight	constituency=Hayes and Harlington	party=Labour Party
772723184311336960	name=Keith Vaz	twitter_handle=Keith_Vaz_MP	twitter_id=772723184311336960	gender=male	ethnicity=minority	orientation=unknown	constituency=Leicester East	party=Labour Party
776022362	name=Julie Elliott	twitter_handle=JulieElliottMP	twitter_id=776022362	gender=female	ethnicity=white	orientation=straight	constituency=Sunderland Central	party=Labour Party
77808680	name=Catherine McKinnell	twitter_handle=CatMcKinnellMP	twitter_id=77808680	gender=female	ethnicity=white	orientation=straight	constituency=Newcastle upon Tyne North	party=Labour Party
77981490	name=Ian Murray	twitter_handle=IanMurrayMP	twitter_id=77981490	gender=male	ethnicity=white	orientation=straight	constituency=Edinburgh South	party=Labour Party
79974944	name=Fiona Mactaggart	twitter_handle=fionamacmp	twitter_id=79974944	gender=female	ethnicity=unknown	orientation=unknown	constituency=Slough	party=Labour Party
82093305	name=Chi Onwurah	twitter_handle=ChiOnwurah	twitter_id=82093305	gender=female	ethnicity=minority	orientation=straight	constituency=Newcastle upon Tyne Central	party=Labour Party
842014278739734529	name=Jim Cunningham	twitter_handle=jimforcovsouth	twitter_id=842014278739734529	gender=male	ethnicity=unknown	orientation=unknown	constituency=Coventry South	party=Labour Party
856796146790006784	name=Geoffrey Robinson	twitter_handle=Geoffrey4CovNW	twitter_id=856796146790006784	gender=male	ethnicity=unknown	orientation=unknown	constituency=Coventry North West	party=Labour Party
858023803	name=Jim Fitzpatrick	twitter_handle=FitzMP	twitter_id=858023803	gender=male	ethnicity=unknown	orientation=unknown	constituency=Poplar and Limehouse	party=Labour Party
90432690	name=Vernon Coaker	twitter_handle=Vernon_Coaker	twitter_id=90432690	gender=male	ethnicity=unknown	orientation=unknown	constituency=Gedling	party=Labour Party
927480949	name=Andy McDonald	twitter_handle=AndyMcDonaldMP	twitter_id=927480949	gender=male	ethnicity=white	orientation=straight	constituency=Middlesbrough	party=Labour Party
94701778	name=Lisa Nandy	twitter_handle=lisanandy	twitter_id=94701778	gender=female	ethnicity=minority	orientation=straight	constituency=Wigan	party=Labour Party
948015937	name=Sarah Champion	twitter_handle=SarahChampionMP	twitter_id=948015937	gender=female	ethnicity=white	orientation=straight	constituency=Rotherham	party=Labour Party
989710268	name=Helen Jones	twitter_handle=HelenJonesMP	twitter_id=989710268	gender=female	ethnicity=unknown	orientation=unknown	constituency=Warrington North	party=Labour Party
14621024	name=Andy Sawford	twitter_handle=andy_sawford	twitter_id=14621024	gender=male	ethnicity=white	orientation=unknown	constituency=Corby	party=Labour Party
105880024	name=Anne Begg	twitter_handle=annebegg	twitter_id=105880024	gender=female	ethnicity=unknown	orientation=unknown	constituency=Aberdeen South	party=Labour Party
106150560	name=Cathy Jamieson	twitter_handle=CathyJamieson	twitter_id=106150560	gender=female	ethnicity=unknown	orientation=unknown	constituency=Kilmarnock and Loudoun	party=Labour Party
58922682	name=Dan Byles	twitter_handle=danielbyles	twitter_id=58922682	gender=male	ethnicity=white	orientation=unknown	constituency=North Warwickshire	party=Labour Party
26584956	name=Gisela Stuart	twitter_handle=giselastuart	twitter_id=26584956	gender=female	ethnicity=unknown	orientation=unknown	constituency=Birmingham, Edgbaston	party=Labour Party
1191274965783531520	name=Mary Glindon	twitter_handle=GlindonMary	twitter_id=1191274965783531520	gender=female	ethnicity=white	orientation=straight	constituency=North Tyneside	party=Labour Party
185183285	name=Gregg McClymont	twitter_handle=greggmcclymont	twitter_id=185183285	gender=male	ethnicity=white	orientation=unknown	constituency=Cumbernauld, Kilsyth and Kirkintilloch East	party=Labour Party
815306454	name=Kevan Jones	twitter_handle=kevanjonesmp	twitter_id=815306454	gender=male	ethnicity=white	orientation=straight	constituency=North Durham	party=Labour Party
81367969	name=Pamela Nash	twitter_handle=pamela_nash	twitter_id=81367969	gender=female	ethnicity=unknown	orientation=unknown	constituency=Airdrie and Shotts	party=Labour Party
84563846	name=Paul Flynn	twitter_handle=Paulflynnmp	twitter_id=84563846	gender=male	ethnicity=unknown	orientation=unknown	constituency=Newport West	party=Labour Party
22282116	name=Simon Reevell	twitter_handle=simonreevell	twitter_id=22282116	gender=male	ethnicity=unknown	orientation=unknown	constituency=Dewsbury	party=Labour Party
860971186305609728	name=Stephen Mosley	twitter_handle=stephen_mosley	twitter_id=860971186305609728	gender=male	ethnicity=unknown	orientation=unknown	constituency=City of Chester	party=Labour Party
106115066	name=John Leech	twitter_handle=johnleechmcr	twitter_id=106115066	gender=male	ethnicity=unknown	orientation=unknown	constituency=Manchester Withington	party=Liberal Democrats
1179455215	name=Ed Davey	twitter_handle=EdwardJDavey	twitter_id=1179455215	gender=male	ethnicity=white	orientation=straight	constituency=Kingston and Surbiton	party=Liberal Democrats
124312153	name=Mark Williams	twitter_handle=mark4ceredigion	twitter_id=124312153	gender=male	ethnicity=unknown	orientation=unknown	constituency=Ceredigion	party=Liberal Democrats
14933304	name=Jo Swinson	twitter_handle=joswinson	twitter_id=14933304	gender=female	ethnicity=white	orientation=unknown	constituency=East Dunbartonshire	party=Liberal Democrats
15010349	name=Nick Clegg	twitter_handle=nick_clegg	twitter_id=15010349	gender=male	ethnicity=white	orientation=unknown	constituency=Sheffield, Hallam	party=Liberal Democrats
180013616	name=Stephen Williams	twitter_handle=swilliamsmp	twitter_id=180013616	gender=male	ethnicity=unknown	orientation=unknown	constituency=Bristol West	party=Liberal Democrats
19973305	name=Norman Lamb	twitter_handle=normanlamb	twitter_id=19973305	gender=male	ethnicity=unknown	orientation=unknown	constituency=North Norfolk	party=Liberal Democrats
20992801	name=Luciana Berger	twitter_handle=lucianaberger	twitter_id=20992801	gender=female	ethnicity=unknown	orientation=unknown	constituency=Liverpool, Wavertree	party=Labour Party
21666641	name=Tom Brake	twitter_handle=thomasbrake	twitter_id=21666641	gender=male	ethnicity=unknown	orientation=unknown	constituency=Carshalton and Wallington	party=Liberal Democrats
245745762	name=Angela Smith	twitter_handle=angelasmithmp	twitter_id=245745762	gender=female	ethnicity=unknown	orientation=unknown	constituency=Penistone and Stocksbridge	party=Labour Party
28543847	name=Greg Mulholland	twitter_handle=GregMulholland1	twitter_id=28543847	gender=male	ethnicity=unknown	orientation=unknown	constituency=Leeds North West	party=Liberal Democrats
328576792	name=Phillip Lee	twitter_handle=DrPhillipLeeMP	twitter_id=328576792	gender=male	ethnicity=unknown	orientation=unknown	constituency=Bracknell	party=Conservative Party
33300246	name=Chuka Umunna	twitter_handle=ChukaUmunna	twitter_id=33300246	gender=male	ethnicity=minority	orientation=unknown	constituency=Streatham	party=Labour Party
460401829	name=Sarah Wollaston	twitter_handle=drwollastonmp	twitter_id=460401829	gender=female	ethnicity=unknown	orientation=unknown	constituency=Totnes	party=Conservative Party
55253731	name=Sam Gyimah	twitter_handle=SamGyimah	twitter_id=55253731	gender=male	ethnicity=minority	orientation=unknown	constituency=East Surrey	party=Conservative Party
616277319	name=John Pugh	twitter_handle=johnpughmp	twitter_id=616277319	gender=male	ethnicity=unknown	orientation=unknown	constituency=Southport	party=Liberal Democrats
80021045	name=Tim Farron	twitter_handle=timfarron	twitter_id=80021045	gender=male	ethnicity=white	orientation=straight	constituency=Westmorland and Lonsdale	party=Liberal Democrats
91786287	name=Alistair Carmichael	twitter_handle=amcarmichaelMP	twitter_id=91786287	gender=male	ethnicity=white	orientation=straight	constituency=Orkney and Shetland	party=Liberal Democrats
117783032	name=Charles Kennedy	twitter_handle=charles_kennedy	twitter_id=117783032	gender=male	ethnicity=unknown	orientation=unknown	constituency=Ross, Skye and Lochaber	party=Liberal Democrats
22499765	name=Danny Alexander	twitter_handle=dannyalexander	twitter_id=22499765	gender=male	ethnicity=white	orientation=unknown	constituency=Inverness, Nairn, Badenoch and Strathspey	party=Liberal Democrats
6058852	name=Duncan Hames	twitter_handle=duncanhames	twitter_id=6058852	gender=male	ethnicity=unknown	orientation=unknown	constituency=Chippenham	party=Liberal Democrats
368312542	name=Jenny Willott	twitter_handle=JennyWillott	twitter_id=368312542	gender=female	ethnicity=unknown	orientation=unknown	constituency=Cardiff Central	party=Liberal Democrats
5715682	name=Julian Huppert	twitter_handle=JulianHuppert	twitter_id=5715682	gender=male	ethnicity=white	orientation=unknown	constituency=Cambridge	party=Liberal Democrats
14197060	name=Lynne Featherstone	twitter_handle=LFeatherstone	twitter_id=14197060	gender=female	ethnicity=unknown	orientation=unknown	constituency=Hornsey and Wood Green	party=Liberal Democrats
1163395104	name=Mike Thornton	twitter_handle=Mike4Eastleigh	twitter_id=1163395104	gender=male	ethnicity=white	orientation=unknown	constituency=Eastleigh	party=Liberal Democrats
2204660084	name=Nick Harvey	twitter_handle=nickharveynd	twitter_id=2204660084	gender=male	ethnicity=white	orientation=unknown	constituency=North Devon	party=Liberal Democrats
27850283	name=Paul Burstow	twitter_handle=PaulBurstow	twitter_id=27850283	gender=male	ethnicity=unknown	orientation=unknown	constituency=Sutton and Cheam	party=Liberal Democrats
45158266	name=Steve Webb	twitter_handle=stevewebb1	twitter_id=45158266	gender=male	ethnicity=unknown	orientation=unknown	constituency=Thornbury and Yate	party=Liberal Democrats
85302744	name=Don Foster	twitter_handle=TheDon_Foster	twitter_id=85302744	gender=male	ethnicity=white	orientation=unknown	constituency=Bath	party=Liberal Democrats
21188077	name=Hywel Williams	twitter_handle=HywelPlaidCymru	twitter_id=21188077	gender=male	ethnicity=white	orientation=straight	constituency=Arfon	party=Plaid Cymru
77240489	name=Jonathan Edwards	twitter_handle=JonathanPlaid	twitter_id=77240489	gender=male	ethnicity=white	orientation=straight	constituency=Carmarthen East and Dinefwr	party=Plaid Cymru
15484198	name=George Galloway	twitter_handle=georgegalloway	twitter_id=15484198	gender=male	ethnicity=white	orientation=unknown	constituency=Bradford West	party=Respect
276868661	name=Pete Wishart	twitter_handle=PeteWishart	twitter_id=276868661	gender=male	ethnicity=white	orientation=straight	constituency=Perth and North Perthshire	party=Scottish National Party
219298196	name=Stewart Hosie	twitter_handle=StewartHosieSNP	twitter_id=219298196	gender=male	ethnicity=white	orientation=straight	constituency=Dundee East	party=Scottish National Party
31373289	name=Angus Robertson	twitter_handle=AngusRobertson	twitter_id=31373289	gender=male	ethnicity=unknown	orientation=unknown	constituency=Moray	party=Scottish National Party
46609085	name=Angus MacNeil	twitter_handle=angusmacneilsnp	twitter_id=46609085	gender=male	ethnicity=white	orientation=straight	constituency=Na h-Eileanan an Iar	party=Scottish National Party
66444899	name=Mike Weir	twitter_handle=mikeweirsnp	twitter_id=66444899	gender=male	ethnicity=unknown	orientation=unknown	constituency=Angus	party=Scottish National Party
127551563	name=Eilidh Whiteford	twitter_handle=eilidhwhiteford	twitter_id=127551563	gender=female	ethnicity=white	orientation=unknown	constituency=Banff and Buchan	party=Scottish National Party
1006402848	name=Francie Molloy	twitter_handle=FrancieMolloy	twitter_id=1006402848	gender=female	ethnicity=white	orientation=straight	constituency=Mid Ulster	party=Sinn Féin
127619354	name=Michelle Gildernew	twitter_handle=gildernewmp	twitter_id=127619354	gender=female	ethnicity=white	orientation=straight	constituency=Fermanagh and South Tyrone	party=Sinn Féin
80812413	name=Paul Maskey	twitter_handle=PaulMaskeyMP	twitter_id=80812413	gender=male	ethnicity=white	orientation=straight	constituency=Belfast West	party=Sinn Féin
118711934	name=Conor Murphy	twitter_handle=conormurphysf	twitter_id=118711934	gender=male	ethnicity=white	orientation=unknown	constituency=Newry and Armagh	party=Sinn Féin
2626047743	name=Pat Doherty	twitter_handle=PatDohertySF	twitter_id=2626047743	gender=male	ethnicity=white	orientation=unknown	constituency=West Tyrone	party=Sinn Féin
281596806	name=Margaret Ritchie	twitter_handle=MRitchieMP	twitter_id=281596806	gender=female	ethnicity=unknown	orientation=unknown	constituency=South Down	party=Social Democratic and Labour Party
36672211	name=Mark Durkan	twitter_handle=markdurkan	twitter_id=36672211	gender=male	ethnicity=unknown	orientation=unknown	constituency=Foyle	party=Social Democratic and Labour Party
859527631464779776	name=Alasdair McDonnell	twitter_handle=AlasdairMcD_MP	twitter_id=859527631464779776	gender=male	ethnicity=unknown	orientation=unknown	constituency=Belfast South	party=Social Democratic and Labour Party
609096352	name=Lindsay Hoyle	twitter_handle=LindsayHoyle_MP	twitter_id=609096352	gender=male	ethnicity=white	orientation=straight	constituency=Chorley	party=Conservative Party
15672615	name=Mike Gapes	twitter_handle=MikeGapes	twitter_id=15672615	gender=male	ethnicity=unknown	orientation=unknown	constituency=Ilford South	party=Labour Party
326184301	name=Anna Soubry	twitter_handle=Anna_Soubry	twitter_id=326184301	gender=female	ethnicity=unknown	orientation=unknown	constituency=Broxtowe	party=Conservative Party
354911386	name=Chris Leslie	twitter_handle=ChrisLeslieMP	twitter_id=354911386	gender=male	ethnicity=unknown	orientation=unknown	constituency=Nottingham East	party=Labour Party
558445037	name=Ann Coffey	twitter_handle=anncoffey_mp	twitter_id=558445037	gender=female	ethnicity=unknown	orientation=unknown	constituency=Stockport	party=Labour Party
25097735	name=Douglas Carswell	twitter_handle=DouglasCarswell	twitter_id=25097735	gender=male	ethnicity=unknown	orientation=unknown	constituency=Clacton	party=Conservative Party
25097735	name=Douglas Carswell	twitter_handle=DouglasCarswell	twitter_id=25097735	gender=male	ethnicity=unknown	orientation=unknown	constituency=Clacton	party=UK Independence Party
66774405	name=Mark Reckless	twitter_handle=markreckless	twitter_id=66774405	gender=male	ethnicity=unknown	orientation=unknown	constituency=Rochester and Strood	party=Conservative Party
66774405	name=Mark Reckless	twitter_handle=markreckless	twitter_id=66774405	gender=male	ethnicity=unknown	orientation=unknown	constituency=Rochester and Strood	party=UK Independence Party
