JeremyCorbyn	name=Jeremy Corbyn	inst=http://dbpedia.org/resource/Jeremy_corbyn	party=Labour Party	twitter_handle=JeremyCorbyn
joswinson	name=Jo Swinson	inst=http://dbpedia.org/resource/Jo_Swinson	party=Liberal Democrats	twitter_handle=joswinson
BorisJohnson	name=Boris Johnson	inst=http://dbpedia.org/resource/Boris_Johnson	party=Conservative Party	twitter_handle=BorisJohnson
Adamprice	name=Adam Price	inst=http://dbpedia.org/resource/Adam_Price	party=Plaid Cymru	twitter_handle=Adamprice
NicolaSturgeon	name=Nicola Sturgeon	inst=http://dbpedia.org/resource/Nicola_Sturgeon	party=Scottish National Party	twitter_handle=NicolaSturgeon
DUPleader	name=Arlene Foster	inst=http://dbpedia.org/resource/Arlene_Foster	party=Democratic Unionist Party	twitter_handle=DUPleader
MaryLouMcDonald	name=Mary Lou McDonald	inst=http://dbpedia.org/resource/Mary_Lou_McDonald	party=Sinn Féin	twitter_handle=MaryLouMcDonald
sianberry	name=Sian Berry	inst=http://dbpedia.org/resource/Sian_Berry	party=Green Party	twitter_handle=sianberry
jon_bartley	name=Jonathan Bartley	inst=http://dbpedia.org/resource/Jonathan_Bartley	party=Green Party	twitter_handle=jon_bartley
Nigel_Farage	name=Nigel Farage	inst=http://dbpedia.org/resource/Nigel_Farage	party=The Brexit Party	twitter_handle=Nigel_Farage
patrickharvie	name=Patrick Harvie	inst=http://dbpedia.org/resource/Patrick_Harvie	party=Green Party	twitter_handle=patrickharvie
lornagreens	name=Lorna Slater	inst=http://dbpedia.org/resource/Lorna_Slater	party=Green Party	twitter_handle=lornagreens
columeastwood	name=Colum Eastwood	inst=http://dbpedia.org/resource/Colum_Eastwood	party=SDLP (Social Democratic & Labour Party)	twitter_handle=columeastwood
RobinSwannUUP	name=Robin Swann	inst=http://dbpedia.org/resource/Robin_Swann	party=Ulster Unionist Party	twitter_handle=RobinSwannUUP
naomi_long	name=Naomi Long	inst=http://dbpedia.org/resource/Naomi_Long	party=Alliance	twitter_handle=naomi_long
ClareBaileyGPNI	name=Clare Bailey	inst=http://dbpedia.org/resource/Clare_Bailey	party=Green Party	twitter_handle=ClareBaileyGPNI
